01:32:07 **** Incremental Build of configuration Debug for project ODYSSEY_Cubesat ****
make -j16 all 
arm-none-eabi-gcc "../Core/Src/adc.c" -mcpu=cortex-m4 -std=gnu11 -g3 -DDEBUG -DUSE_HAL_DRIVER -DSTM32F411xE -c -I../Core/Inc -I../Drivers/STM32F4xx_HAL_Driver/Inc -I../Drivers/STM32F4xx_HAL_Driver/Inc/Legacy -I../Drivers/CMSIS/Device/ST/STM32F4xx/Include -I../Drivers/CMSIS/Include -I../Middlewares/Third_Party/FreeRTOS/Source/include -I../Middlewares/Third_Party/FreeRTOS/Source/CMSIS_RTOS_V2 -I../Middlewares/Third_Party/FreeRTOS/Source/portable/GCC/ARM_CM4F -O0 -ffunction-sections -fdata-sections -Wall -Wno-reentrant -fstack-usage -fcyclomatic-complexity -MMD -MP -MF"Core/Src/adc.d" -MT"Core/Src/adc.o" --specs=nano.specs -mfpu=fpv4-sp-d16 -mfloat-abi=hard -mthumb -o "Core/Src/adc.o"
arm-none-eabi-gcc "../Core/Src/dma.c" -mcpu=cortex-m4 -std=gnu11 -g3 -DDEBUG -DUSE_HAL_DRIVER -DSTM32F411xE -c -I../Core/Inc -I../Drivers/STM32F4xx_HAL_Driver/Inc -I../Drivers/STM32F4xx_HAL_Driver/Inc/Legacy -I../Drivers/CMSIS/Device/ST/STM32F4xx/Include -I../Drivers/CMSIS/Include -I../Middlewares/Third_Party/FreeRTOS/Source/include -I../Middlewares/Third_Party/FreeRTOS/Source/CMSIS_RTOS_V2 -I../Middlewares/Third_Party/FreeRTOS/Source/portable/GCC/ARM_CM4F -O0 -ffunction-sections -fdata-sections -Wall -Wno-reentrant -fstack-usage -fcyclomatic-complexity -MMD -MP -MF"Core/Src/dma.d" -MT"Core/Src/dma.o" --specs=nano.specs -mfpu=fpv4-sp-d16 -mfloat-abi=hard -mthumb -o "Core/Src/dma.o"
arm-none-eabi-gcc "../Core/Src/freertos.c" -mcpu=cortex-m4 -std=gnu11 -g3 -DDEBUG -DUSE_HAL_DRIVER -DSTM32F411xE -c -I../Core/Inc -I../Drivers/STM32F4xx_HAL_Driver/Inc -I../Drivers/STM32F4xx_HAL_Driver/Inc/Legacy -I../Drivers/CMSIS/Device/ST/STM32F4xx/Include -I../Drivers/CMSIS/Include -I../Middlewares/Third_Party/FreeRTOS/Source/include -I../Middlewares/Third_Party/FreeRTOS/Source/CMSIS_RTOS_V2 -I../Middlewares/Third_Party/FreeRTOS/Source/portable/GCC/ARM_CM4F -O0 -ffunction-sections -fdata-sections -Wall -Wno-reentrant -fstack-usage -fcyclomatic-complexity -MMD -MP -MF"Core/Src/freertos.d" -MT"Core/Src/freertos.o" --specs=nano.specs -mfpu=fpv4-sp-d16 -mfloat-abi=hard -mthumb -o "Core/Src/freertos.o"
arm-none-eabi-gcc "../Core/Src/gpio.c" -mcpu=cortex-m4 -std=gnu11 -g3 -DDEBUG -DUSE_HAL_DRIVER -DSTM32F411xE -c -I../Core/Inc -I../Drivers/STM32F4xx_HAL_Driver/Inc -I../Drivers/STM32F4xx_HAL_Driver/Inc/Legacy -I../Drivers/CMSIS/Device/ST/STM32F4xx/Include -I../Drivers/CMSIS/Include -I../Middlewares/Third_Party/FreeRTOS/Source/include -I../Middlewares/Third_Party/FreeRTOS/Source/CMSIS_RTOS_V2 -I../Middlewares/Third_Party/FreeRTOS/Source/portable/GCC/ARM_CM4F -O0 -ffunction-sections -fdata-sections -Wall -Wno-reentrant -fstack-usage -fcyclomatic-complexity -MMD -MP -MF"Core/Src/gpio.d" -MT"Core/Src/gpio.o" --specs=nano.specs -mfpu=fpv4-sp-d16 -mfloat-abi=hard -mthumb -o "Core/Src/gpio.o"
arm-none-eabi-gcc "../Core/Src/i2c.c" -mcpu=cortex-m4 -std=gnu11 -g3 -DDEBUG -DUSE_HAL_DRIVER -DSTM32F411xE -c -I../Core/Inc -I../Drivers/STM32F4xx_HAL_Driver/Inc -I../Drivers/STM32F4xx_HAL_Driver/Inc/Legacy -I../Drivers/CMSIS/Device/ST/STM32F4xx/Include -I../Drivers/CMSIS/Include -I../Middlewares/Third_Party/FreeRTOS/Source/include -I../Middlewares/Third_Party/FreeRTOS/Source/CMSIS_RTOS_V2 -I../Middlewares/Third_Party/FreeRTOS/Source/portable/GCC/ARM_CM4F -O0 -ffunction-sections -fdata-sections -Wall -Wno-reentrant -fstack-usage -fcyclomatic-complexity -MMD -MP -MF"Core/Src/i2c.d" -MT"Core/Src/i2c.o" --specs=nano.specs -mfpu=fpv4-sp-d16 -mfloat-abi=hard -mthumb -o "Core/Src/i2c.o"
arm-none-eabi-gcc "../Core/Src/main.c" -mcpu=cortex-m4 -std=gnu11 -g3 -DDEBUG -DUSE_HAL_DRIVER -DSTM32F411xE -c -I../Core/Inc -I../Drivers/STM32F4xx_HAL_Driver/Inc -I../Drivers/STM32F4xx_HAL_Driver/Inc/Legacy -I../Drivers/CMSIS/Device/ST/STM32F4xx/Include -I../Drivers/CMSIS/Include -I../Middlewares/Third_Party/FreeRTOS/Source/include -I../Middlewares/Third_Party/FreeRTOS/Source/CMSIS_RTOS_V2 -I../Middlewares/Third_Party/FreeRTOS/Source/portable/GCC/ARM_CM4F -O0 -ffunction-sections -fdata-sections -Wall -Wno-reentrant -fstack-usage -fcyclomatic-complexity -MMD -MP -MF"Core/Src/main.d" -MT"Core/Src/main.o" --specs=nano.specs -mfpu=fpv4-sp-d16 -mfloat-abi=hard -mthumb -o "Core/Src/main.o"
arm-none-eabi-gcc "../Core/Src/stm32f4xx_hal_msp.c" -mcpu=cortex-m4 -std=gnu11 -g3 -DDEBUG -DUSE_HAL_DRIVER -DSTM32F411xE -c -I../Core/Inc -I../Drivers/STM32F4xx_HAL_Driver/Inc -I../Drivers/STM32F4xx_HAL_Driver/Inc/Legacy -I../Drivers/CMSIS/Device/ST/STM32F4xx/Include -I../Drivers/CMSIS/Include -I../Middlewares/Third_Party/FreeRTOS/Source/include -I../Middlewares/Third_Party/FreeRTOS/Source/CMSIS_RTOS_V2 -I../Middlewares/Third_Party/FreeRTOS/Source/portable/GCC/ARM_CM4F -O0 -ffunction-sections -fdata-sections -Wall -Wno-reentrant -fstack-usage -fcyclomatic-complexity -MMD -MP -MF"Core/Src/stm32f4xx_hal_msp.d" -MT"Core/Src/stm32f4xx_hal_msp.o" --specs=nano.specs -mfpu=fpv4-sp-d16 -mfloat-abi=hard -mthumb -o "Core/Src/stm32f4xx_hal_msp.o"
arm-none-eabi-gcc "../Core/Src/stm32f4xx_it.c" -mcpu=cortex-m4 -std=gnu11 -g3 -DDEBUG -DUSE_HAL_DRIVER -DSTM32F411xE -c -I../Core/Inc -I../Drivers/STM32F4xx_HAL_Driver/Inc -I../Drivers/STM32F4xx_HAL_Driver/Inc/Legacy -I../Drivers/CMSIS/Device/ST/STM32F4xx/Include -I../Drivers/CMSIS/Include -I../Middlewares/Third_Party/FreeRTOS/Source/include -I../Middlewares/Third_Party/FreeRTOS/Source/CMSIS_RTOS_V2 -I../Middlewares/Third_Party/FreeRTOS/Source/portable/GCC/ARM_CM4F -O0 -ffunction-sections -fdata-sections -Wall -Wno-reentrant -fstack-usage -fcyclomatic-complexity -MMD -MP -MF"Core/Src/stm32f4xx_it.d" -MT"Core/Src/stm32f4xx_it.o" --specs=nano.specs -mfpu=fpv4-sp-d16 -mfloat-abi=hard -mthumb -o "Core/Src/stm32f4xx_it.o"
arm-none-eabi-gcc "../Core/Src/tim.c" -mcpu=cortex-m4 -std=gnu11 -g3 -DDEBUG -DUSE_HAL_DRIVER -DSTM32F411xE -c -I../Core/Inc -I../Drivers/STM32F4xx_HAL_Driver/Inc -I../Drivers/STM32F4xx_HAL_Driver/Inc/Legacy -I../Drivers/CMSIS/Device/ST/STM32F4xx/Include -I../Drivers/CMSIS/Include -I../Middlewares/Third_Party/FreeRTOS/Source/include -I../Middlewares/Third_Party/FreeRTOS/Source/CMSIS_RTOS_V2 -I../Middlewares/Third_Party/FreeRTOS/Source/portable/GCC/ARM_CM4F -O0 -ffunction-sections -fdata-sections -Wall -Wno-reentrant -fstack-usage -fcyclomatic-complexity -MMD -MP -MF"Core/Src/tim.d" -MT"Core/Src/tim.o" --specs=nano.specs -mfpu=fpv4-sp-d16 -mfloat-abi=hard -mthumb -o "Core/Src/tim.o"
arm-none-eabi-gcc "../Core/Src/usart.c" -mcpu=cortex-m4 -std=gnu11 -g3 -DDEBUG -DUSE_HAL_DRIVER -DSTM32F411xE -c -I../Core/Inc -I../Drivers/STM32F4xx_HAL_Driver/Inc -I../Drivers/STM32F4xx_HAL_Driver/Inc/Legacy -I../Drivers/CMSIS/Device/ST/STM32F4xx/Include -I../Drivers/CMSIS/Include -I../Middlewares/Third_Party/FreeRTOS/Source/include -I../Middlewares/Third_Party/FreeRTOS/Source/CMSIS_RTOS_V2 -I../Middlewares/Third_Party/FreeRTOS/Source/portable/GCC/ARM_CM4F -O0 -ffunction-sections -fdata-sections -Wall -Wno-reentrant -fstack-usage -fcyclomatic-complexity -MMD -MP -MF"Core/Src/usart.d" -MT"Core/Src/usart.o" --specs=nano.specs -mfpu=fpv4-sp-d16 -mfloat-abi=hard -mthumb -o "Core/Src/usart.o"
../Core/Src/freertos.c: In function 'MX_FREERTOS_Init':
../Core/Src/freertos.c:91:26: warning: unused variable 'LORA_mutex' [-Wunused-variable]
   91 | extern SemaphoreHandle_t LORA_mutex;
      |                          ^~~~~~~~~~
At top level:
cc1.exe: note: unrecognized command-line option '-Wno-reentrant' may have been intended to silence earlier diagnostics
arm-none-eabi-gcc -o "ODYSSEY_Cubesat.elf" @"objects.list"   -mcpu=cortex-m4 -T"C:\Users\lucas\OneDrive\Desktop\Cubesat\A0-GITHUB\Cubesat-ODYSSEY\ODYSSEY_WS\ODYSSEY_Cubesat\STM32F411CEUX_FLASH.ld" --specs=nosys.specs -Wl,-Map="ODYSSEY_Cubesat.map" -Wl,--gc-sections -static --specs=nano.specs -mfpu=fpv4-sp-d16 -mfloat-abi=hard -mthumb -Wl,--start-group -lc -lm -Wl,--end-group
Finished building target: ODYSSEY_Cubesat.elf
 
arm-none-eabi-size  ODYSSEY_Cubesat.elf 
arm-none-eabi-objdump -h -S ODYSSEY_Cubesat.elf  > "ODYSSEY_Cubesat.list"
   text	   data	    bss	    dec	    hex	filename
  41720	     16	  21336	  63072	   f660	ODYSSEY_Cubesat.elf
Finished building: default.size.stdout
 
Finished building: ODYSSEY_Cubesat.list
 
01:36:24 **** Incremental Build of configuration Debug for project ODYSSEY_Cubesat ****
make -j16 all 
arm-none-eabi-gcc "../Core/Src/main.c" -mcpu=cortex-m4 -std=gnu11 -g3 -DDEBUG -DUSE_HAL_DRIVER -DSTM32F411xE -c -I../Core/Inc -I../Drivers/STM32F4xx_HAL_Driver/Inc -I../Drivers/STM32F4xx_HAL_Driver/Inc/Legacy -I../Drivers/CMSIS/Device/ST/STM32F4xx/Include -I../Drivers/CMSIS/Include -I../Middlewares/Third_Party/FreeRTOS/Source/include -I../Middlewares/Third_Party/FreeRTOS/Source/CMSIS_RTOS_V2 -I../Middlewares/Third_Party/FreeRTOS/Source/portable/GCC/ARM_CM4F -O0 -ffunction-sections -fdata-sections -Wall -Wno-reentrant -fstack-usage -fcyclomatic-complexity -MMD -MP -MF"Core/Src/main.d" -MT"Core/Src/main.o" --specs=nano.specs -mfpu=fpv4-sp-d16 -mfloat-abi=hard -mthumb -o "Core/Src/main.o"
arm-none-eabi-gcc -o "ODYSSEY_Cubesat.elf" @"objects.list"   -mcpu=cortex-m4 -T"C:\Users\lucas\OneDrive\Desktop\Cubesat\A0-GITHUB\Cubesat-ODYSSEY\ODYSSEY_WS\ODYSSEY_Cubesat\STM32F411CEUX_FLASH.ld" --specs=nosys.specs -Wl,-Map="ODYSSEY_Cubesat.map" -Wl,--gc-sections -static --specs=nano.specs -mfpu=fpv4-sp-d16 -mfloat-abi=hard -mthumb -Wl,--start-group -lc -lm -Wl,--end-group
Finished building target: ODYSSEY_Cubesat.elf
 
arm-none-eabi-size  ODYSSEY_Cubesat.elf 
arm-none-eabi-objdump -h -S ODYSSEY_Cubesat.elf  > "ODYSSEY_Cubesat.list"
   text	   data	    bss	    dec	    hex	filename
  41672	     16	  21336	  63024	   f630	ODYSSEY_Cubesat.elf
Finished building: default.size.stdout
 
Finished building: ODYSSEY_Cubesat.list
 
01:36:36 **** Incremental Build of configuration Debug for project ODYSSEY_Cubesat ****
make -j16 all 
arm-none-eabi-size  ODYSSEY_Cubesat.elf 
   text	   data	    bss	    dec	    hex	filename
  41672	     16	  21336	  63024	   f630	ODYSSEY_Cubesat.elf
Finished building: default.size.stdout
 
01:41:09 **** Incremental Build of configuration Debug for project ODYSSEY_Cubesat ****
make -j16 all 
arm-none-eabi-gcc "../Core/Src/main.c" -mcpu=cortex-m4 -std=gnu11 -g3 -DDEBUG -DUSE_HAL_DRIVER -DSTM32F411xE -c -I../Core/Inc -I../Drivers/STM32F4xx_HAL_Driver/Inc -I../Drivers/STM32F4xx_HAL_Driver/Inc/Legacy -I../Drivers/CMSIS/Device/ST/STM32F4xx/Include -I../Drivers/CMSIS/Include -I../Middlewares/Third_Party/FreeRTOS/Source/include -I../Middlewares/Third_Party/FreeRTOS/Source/CMSIS_RTOS_V2 -I../Middlewares/Third_Party/FreeRTOS/Source/portable/GCC/ARM_CM4F -O0 -ffunction-sections -fdata-sections -Wall -Wno-reentrant -fstack-usage -fcyclomatic-complexity -MMD -MP -MF"Core/Src/main.d" -MT"Core/Src/main.o" --specs=nano.specs -mfpu=fpv4-sp-d16 -mfloat-abi=hard -mthumb -o "Core/Src/main.o"
arm-none-eabi-gcc -o "ODYSSEY_Cubesat.elf" @"objects.list"   -mcpu=cortex-m4 -T"C:\Users\lucas\OneDrive\Desktop\Cubesat\A0-GITHUB\Cubesat-ODYSSEY\ODYSSEY_WS\ODYSSEY_Cubesat\STM32F411CEUX_FLASH.ld" --specs=nosys.specs -Wl,-Map="ODYSSEY_Cubesat.map" -Wl,--gc-sections -static --specs=nano.specs -mfpu=fpv4-sp-d16 -mfloat-abi=hard -mthumb -Wl,--start-group -lc -lm -Wl,--end-group
Finished building target: ODYSSEY_Cubesat.elf
 
arm-none-eabi-size  ODYSSEY_Cubesat.elf 
arm-none-eabi-objdump -h -S ODYSSEY_Cubesat.elf  > "ODYSSEY_Cubesat.list"
   text	   data	    bss	    dec	    hex	filename
  41688	     16	  21336	  63040	   f640	ODYSSEY_Cubesat.elf
Finished building: default.size.stdout
 
Finished building: ODYSSEY_Cubesat.list
 
23:32:00 **** Incremental Build of configuration Debug for project ODYSSEY_Cubesat ****
make -j16 all 
arm-none-eabi-gcc "../Core/Src/Telemetry.c" -mcpu=cortex-m4 -std=gnu11 -g3 -DDEBUG -DUSE_HAL_DRIVER -DSTM32F411xE -c -I../Core/Inc -I../Drivers/STM32F4xx_HAL_Driver/Inc -I../Drivers/STM32F4xx_HAL_Driver/Inc/Legacy -I../Drivers/CMSIS/Device/ST/STM32F4xx/Include -I../Drivers/CMSIS/Include -I../Middlewares/Third_Party/FreeRTOS/Source/include -I../Middlewares/Third_Party/FreeRTOS/Source/CMSIS_RTOS_V2 -I../Middlewares/Third_Party/FreeRTOS/Source/portable/GCC/ARM_CM4F -O0 -ffunction-sections -fdata-sections -Wall -Wno-reentrant -fstack-usage -fcyclomatic-complexity -MMD -MP -MF"Core/Src/Telemetry.d" -MT"Core/Src/Telemetry.o" --specs=nano.specs -mfpu=fpv4-sp-d16 -mfloat-abi=hard -mthumb -o "Core/Src/Telemetry.o"
arm-none-eabi-gcc "../Core/Src/main.c" -mcpu=cortex-m4 -std=gnu11 -g3 -DDEBUG -DUSE_HAL_DRIVER -DSTM32F411xE -c -I../Core/Inc -I../Drivers/STM32F4xx_HAL_Driver/Inc -I../Drivers/STM32F4xx_HAL_Driver/Inc/Legacy -I../Drivers/CMSIS/Device/ST/STM32F4xx/Include -I../Drivers/CMSIS/Include -I../Middlewares/Third_Party/FreeRTOS/Source/include -I../Middlewares/Third_Party/FreeRTOS/Source/CMSIS_RTOS_V2 -I../Middlewares/Third_Party/FreeRTOS/Source/portable/GCC/ARM_CM4F -O0 -ffunction-sections -fdata-sections -Wall -Wno-reentrant -fstack-usage -fcyclomatic-complexity -MMD -MP -MF"Core/Src/main.d" -MT"Core/Src/main.o" --specs=nano.specs -mfpu=fpv4-sp-d16 -mfloat-abi=hard -mthumb -o "Core/Src/main.o"
arm-none-eabi-gcc -o "ODYSSEY_Cubesat.elf" @"objects.list"   -mcpu=cortex-m4 -T"C:\Users\lucas\OneDrive\Desktop\Cubesat\A0-GITHUB\Cubesat-ODYSSEY\ODYSSEY_WS\ODYSSEY_Cubesat\STM32F411CEUX_FLASH.ld" --specs=nosys.specs -Wl,-Map="ODYSSEY_Cubesat.map" -Wl,--gc-sections -static --specs=nano.specs -mfpu=fpv4-sp-d16 -mfloat-abi=hard -mthumb -Wl,--start-group -lc -lm -Wl,--end-group
Finished building target: ODYSSEY_Cubesat.elf
 
arm-none-eabi-size  ODYSSEY_Cubesat.elf 
arm-none-eabi-objdump -h -S ODYSSEY_Cubesat.elf  > "ODYSSEY_Cubesat.list"
   text	   data	    bss	    dec	    hex	filename
  41736	     16	  21336	  63088	   f670	ODYSSEY_Cubesat.elf
Finished building: default.size.stdout
 
Finished building: ODYSSEY_Cubesat.list
 
23:35:56 **** Incremental Build of configuration Debug for project ODYSSEY_Cubesat ****
make -j16 all 
arm-none-eabi-gcc "../Core/Src/main.c" -mcpu=cortex-m4 -std=gnu11 -g3 -DDEBUG -DUSE_HAL_DRIVER -DSTM32F411xE -c -I../Core/Inc -I../Drivers/STM32F4xx_HAL_Driver/Inc -I../Drivers/STM32F4xx_HAL_Driver/Inc/Legacy -I../Drivers/CMSIS/Device/ST/STM32F4xx/Include -I../Drivers/CMSIS/Include -I../Middlewares/Third_Party/FreeRTOS/Source/include -I../Middlewares/Third_Party/FreeRTOS/Source/CMSIS_RTOS_V2 -I../Middlewares/Third_Party/FreeRTOS/Source/portable/GCC/ARM_CM4F -O0 -ffunction-sections -fdata-sections -Wall -Wno-reentrant -fstack-usage -fcyclomatic-complexity -MMD -MP -MF"Core/Src/main.d" -MT"Core/Src/main.o" --specs=nano.specs -mfpu=fpv4-sp-d16 -mfloat-abi=hard -mthumb -o "Core/Src/main.o"
arm-none-eabi-gcc -o "ODYSSEY_Cubesat.elf" @"objects.list"   -mcpu=cortex-m4 -T"C:\Users\lucas\OneDrive\Desktop\Cubesat\A0-GITHUB\Cubesat-ODYSSEY\ODYSSEY_WS\ODYSSEY_Cubesat\STM32F411CEUX_FLASH.ld" --specs=nosys.specs -Wl,-Map="ODYSSEY_Cubesat.map" -Wl,--gc-sections -static --specs=nano.specs -mfpu=fpv4-sp-d16 -mfloat-abi=hard -mthumb -Wl,--start-group -lc -lm -Wl,--end-group
Finished building target: ODYSSEY_Cubesat.elf
 
arm-none-eabi-size  ODYSSEY_Cubesat.elf 
arm-none-eabi-objdump -h -S ODYSSEY_Cubesat.elf  > "ODYSSEY_Cubesat.list"
   text	   data	    bss	    dec	    hex	filename
  41720	     16	  21336	  63072	   f660	ODYSSEY_Cubesat.elf
Finished building: default.size.stdout
 
Finished building: ODYSSEY_Cubesat.list
 
23:39:06 **** Incremental Build of configuration Debug for project ODYSSEY_Cubesat ****
make -j16 all 
arm-none-eabi-gcc "../Core/Src/main.c" -mcpu=cortex-m4 -std=gnu11 -g3 -DDEBUG -DUSE_HAL_DRIVER -DSTM32F411xE -c -I../Core/Inc -I../Drivers/STM32F4xx_HAL_Driver/Inc -I../Drivers/STM32F4xx_HAL_Driver/Inc/Legacy -I../Drivers/CMSIS/Device/ST/STM32F4xx/Include -I../Drivers/CMSIS/Include -I../Middlewares/Third_Party/FreeRTOS/Source/include -I../Middlewares/Third_Party/FreeRTOS/Source/CMSIS_RTOS_V2 -I../Middlewares/Third_Party/FreeRTOS/Source/portable/GCC/ARM_CM4F -O0 -ffunction-sections -fdata-sections -Wall -Wno-reentrant -fstack-usage -fcyclomatic-complexity -MMD -MP -MF"Core/Src/main.d" -MT"Core/Src/main.o" --specs=nano.specs -mfpu=fpv4-sp-d16 -mfloat-abi=hard -mthumb -o "Core/Src/main.o"
arm-none-eabi-gcc -o "ODYSSEY_Cubesat.elf" @"objects.list"   -mcpu=cortex-m4 -T"C:\Users\lucas\OneDrive\Desktop\Cubesat\A0-GITHUB\Cubesat-ODYSSEY\ODYSSEY_WS\ODYSSEY_Cubesat\STM32F411CEUX_FLASH.ld" --specs=nosys.specs -Wl,-Map="ODYSSEY_Cubesat.map" -Wl,--gc-sections -static --specs=nano.specs -mfpu=fpv4-sp-d16 -mfloat-abi=hard -mthumb -Wl,--start-group -lc -lm -Wl,--end-group
Finished building target: ODYSSEY_Cubesat.elf
 
arm-none-eabi-size  ODYSSEY_Cubesat.elf 
arm-none-eabi-objdump -h -S ODYSSEY_Cubesat.elf  > "ODYSSEY_Cubesat.list"
   text	   data	    bss	    dec	    hex	filename
  41256	     16	  21336	  62608	   f490	ODYSSEY_Cubesat.elf
Finished building: default.size.stdout
 
Finished building: ODYSSEY_Cubesat.list
 
00:27:33 **** Incremental Build of configuration Debug for project ODYSSEY_Cubesat ****
make -j16 all 
arm-none-eabi-size  ODYSSEY_Cubesat.elf 
   text	   data	    bss	    dec	    hex	filename
  41256	     16	  21336	  62608	   f490	ODYSSEY_Cubesat.elf
Finished building: default.size.stdout
 
00:32:40 **** Incremental Build of configuration Debug for project ODYSSEY_Cubesat ****
make -j16 all 
arm-none-eabi-gcc "../Core/Src/main.c" -mcpu=cortex-m4 -std=gnu11 -g3 -DDEBUG -DUSE_HAL_DRIVER -DSTM32F411xE -c -I../Core/Inc -I../Drivers/STM32F4xx_HAL_Driver/Inc -I../Drivers/STM32F4xx_HAL_Driver/Inc/Legacy -I../Drivers/CMSIS/Device/ST/STM32F4xx/Include -I../Drivers/CMSIS/Include -I../Middlewares/Third_Party/FreeRTOS/Source/include -I../Middlewares/Third_Party/FreeRTOS/Source/CMSIS_RTOS_V2 -I../Middlewares/Third_Party/FreeRTOS/Source/portable/GCC/ARM_CM4F -O0 -ffunction-sections -fdata-sections -Wall -Wno-reentrant -fstack-usage -fcyclomatic-complexity -MMD -MP -MF"Core/Src/main.d" -MT"Core/Src/main.o" --specs=nano.specs -mfpu=fpv4-sp-d16 -mfloat-abi=hard -mthumb -o "Core/Src/main.o"
arm-none-eabi-gcc -o "ODYSSEY_Cubesat.elf" @"objects.list"   -mcpu=cortex-m4 -T"C:\Users\lucas\OneDrive\Desktop\Cubesat\A0-GITHUB\Cubesat-ODYSSEY\ODYSSEY_WS\ODYSSEY_Cubesat\STM32F411CEUX_FLASH.ld" --specs=nosys.specs -Wl,-Map="ODYSSEY_Cubesat.map" -Wl,--gc-sections -static --specs=nano.specs -mfpu=fpv4-sp-d16 -mfloat-abi=hard -mthumb -Wl,--start-group -lc -lm -Wl,--end-group
Finished building target: ODYSSEY_Cubesat.elf
 
arm-none-eabi-size  ODYSSEY_Cubesat.elf 
arm-none-eabi-objdump -h -S ODYSSEY_Cubesat.elf  > "ODYSSEY_Cubesat.list"
   text	   data	    bss	    dec	    hex	filename
  40744	     16	  21336	  62096	   f290	ODYSSEY_Cubesat.elf
Finished building: default.size.stdout
 
Finished building: ODYSSEY_Cubesat.list
 
00:33:09 **** Incremental Build of configuration Debug for project ODYSSEY_Cubesat ****
make -j16 all 
arm-none-eabi-size  ODYSSEY_Cubesat.elf 
   text	   data	    bss	    dec	    hex	filename
  40744	     16	  21336	  62096	   f290	ODYSSEY_Cubesat.elf
Finished building: default.size.stdout
 
00:34:18 **** Incremental Build of configuration Debug for project ODYSSEY_Cubesat ****
make -j16 all 
arm-none-eabi-size  ODYSSEY_Cubesat.elf 
   text	   data	    bss	    dec	    hex	filename
  40744	     16	  21336	  62096	   f290	ODYSSEY_Cubesat.elf
Finished building: default.size.stdout
 
00:40:26 **** Incremental Build of configuration Debug for project ODYSSEY_Cubesat ****
make -j16 all 
arm-none-eabi-gcc "../Core/Src/adc.c" -mcpu=cortex-m4 -std=gnu11 -g3 -DDEBUG -DUSE_HAL_DRIVER -DSTM32F411xE -c -I../Core/Inc -I../Drivers/STM32F4xx_HAL_Driver/Inc -I../Drivers/STM32F4xx_HAL_Driver/Inc/Legacy -I../Drivers/CMSIS/Device/ST/STM32F4xx/Include -I../Drivers/CMSIS/Include -I../Middlewares/Third_Party/FreeRTOS/Source/include -I../Middlewares/Third_Party/FreeRTOS/Source/CMSIS_RTOS_V2 -I../Middlewares/Third_Party/FreeRTOS/Source/portable/GCC/ARM_CM4F -O0 -ffunction-sections -fdata-sections -Wall -Wno-reentrant -fstack-usage -fcyclomatic-complexity -MMD -MP -MF"Core/Src/adc.d" -MT"Core/Src/adc.o" --specs=nano.specs -mfpu=fpv4-sp-d16 -mfloat-abi=hard -mthumb -o "Core/Src/adc.o"
arm-none-eabi-gcc -o "ODYSSEY_Cubesat.elf" @"objects.list"   -mcpu=cortex-m4 -T"C:\Users\lucas\OneDrive\Desktop\Cubesat\A0-GITHUB\Cubesat-ODYSSEY\ODYSSEY_WS\ODYSSEY_Cubesat\STM32F411CEUX_FLASH.ld" --specs=nosys.specs -Wl,-Map="ODYSSEY_Cubesat.map" -Wl,--gc-sections -static --specs=nano.specs -mfpu=fpv4-sp-d16 -mfloat-abi=hard -mthumb -Wl,--start-group -lc -lm -Wl,--end-group
Finished building target: ODYSSEY_Cubesat.elf
 
arm-none-eabi-size  ODYSSEY_Cubesat.elf 
arm-none-eabi-objdump -h -S ODYSSEY_Cubesat.elf  > "ODYSSEY_Cubesat.list"
   text	   data	    bss	    dec	    hex	filename
  40744	     16	  21336	  62096	   f290	ODYSSEY_Cubesat.elf
Finished building: default.size.stdout
 
Finished building: ODYSSEY_Cubesat.list
 
00:40:44 **** Incremental Build of configuration Debug for project ODYSSEY_Cubesat ****
make -j16 all 
arm-none-eabi-size  ODYSSEY_Cubesat.elf 
   text	   data	    bss	    dec	    hex	filename
  40744	     16	  21336	  62096	   f290	ODYSSEY_Cubesat.elf
Finished building: default.size.stdout
 
00:44:03 **** Incremental Build of configuration Debug for project ODYSSEY_Cubesat ****
make -j16 all 
arm-none-eabi-gcc "../Core/Src/main.c" -mcpu=cortex-m4 -std=gnu11 -g3 -DDEBUG -DUSE_HAL_DRIVER -DSTM32F411xE -c -I../Core/Inc -I../Drivers/STM32F4xx_HAL_Driver/Inc -I../Drivers/STM32F4xx_HAL_Driver/Inc/Legacy -I../Drivers/CMSIS/Device/ST/STM32F4xx/Include -I../Drivers/CMSIS/Include -I../Middlewares/Third_Party/FreeRTOS/Source/include -I../Middlewares/Third_Party/FreeRTOS/Source/CMSIS_RTOS_V2 -I../Middlewares/Third_Party/FreeRTOS/Source/portable/GCC/ARM_CM4F -O0 -ffunction-sections -fdata-sections -Wall -Wno-reentrant -fstack-usage -fcyclomatic-complexity -MMD -MP -MF"Core/Src/main.d" -MT"Core/Src/main.o" --specs=nano.specs -mfpu=fpv4-sp-d16 -mfloat-abi=hard -mthumb -o "Core/Src/main.o"
arm-none-eabi-gcc -o "ODYSSEY_Cubesat.elf" @"objects.list"   -mcpu=cortex-m4 -T"C:\Users\lucas\OneDrive\Desktop\Cubesat\A0-GITHUB\Cubesat-ODYSSEY\ODYSSEY_WS\ODYSSEY_Cubesat\STM32F411CEUX_FLASH.ld" --specs=nosys.specs -Wl,-Map="ODYSSEY_Cubesat.map" -Wl,--gc-sections -static --specs=nano.specs -mfpu=fpv4-sp-d16 -mfloat-abi=hard -mthumb -Wl,--start-group -lc -lm -Wl,--end-group
Finished building target: ODYSSEY_Cubesat.elf
 
arm-none-eabi-size  ODYSSEY_Cubesat.elf 
arm-none-eabi-objdump -h -S ODYSSEY_Cubesat.elf  > "ODYSSEY_Cubesat.list"
   text	   data	    bss	    dec	    hex	filename
  41176	     16	  21336	  62528	   f440	ODYSSEY_Cubesat.elf
Finished building: default.size.stdout
 
Finished building: ODYSSEY_Cubesat.list
 
01:11:58 **** Incremental Build of configuration Debug for project ODYSSEY_Cubesat ****
make -j16 all 
arm-none-eabi-size  ODYSSEY_Cubesat.elf 
   text	   data	    bss	    dec	    hex	filename
  41176	     16	  21336	  62528	   f440	ODYSSEY_Cubesat.elf
Finished building: default.size.stdout
 
01:12:51 **** Incremental Build of configuration Debug for project ODYSSEY_Cubesat ****
make -j16 all 
arm-none-eabi-size  ODYSSEY_Cubesat.elf 
   text	   data	    bss	    dec	    hex	filename
  41176	     16	  21336	  62528	   f440	ODYSSEY_Cubesat.elf
Finished building: default.size.stdout
 
01:15:31 **** Incremental Build of configuration Debug for project ODYSSEY_Cubesat ****
make -j16 all 
arm-none-eabi-size  ODYSSEY_Cubesat.elf 
   text	   data	    bss	    dec	    hex	filename
  41176	     16	  21336	  62528	   f440	ODYSSEY_Cubesat.elf
Finished building: default.size.stdout
 
01:27:31 **** Incremental Build of configuration Debug for project ODYSSEY_Cubesat ****
make -j16 all 
arm-none-eabi-size  ODYSSEY_Cubesat.elf 
   text	   data	    bss	    dec	    hex	filename
  41176	     16	  21336	  62528	   f440	ODYSSEY_Cubesat.elf
Finished building: default.size.stdout
 
01:28:40 **** Incremental Build of configuration Debug for project ODYSSEY_Cubesat ****
make -j16 all 
arm-none-eabi-size  ODYSSEY_Cubesat.elf 
   text	   data	    bss	    dec	    hex	filename
  41176	     16	  21336	  62528	   f440	ODYSSEY_Cubesat.elf
Finished building: default.size.stdout
 
01:29:21 **** Incremental Build of configuration Debug for project ODYSSEY_Cubesat ****
make -j16 all 
arm-none-eabi-size  ODYSSEY_Cubesat.elf 
   text	   data	    bss	    dec	    hex	filename
  41176	     16	  21336	  62528	   f440	ODYSSEY_Cubesat.elf
Finished building: default.size.stdout
 
01:39:48 **** Incremental Build of configuration Debug for project ODYSSEY_Cubesat ****
make -j16 all 
arm-none-eabi-gcc "../Core/Src/main.c" -mcpu=cortex-m4 -std=gnu11 -g3 -DDEBUG -DUSE_HAL_DRIVER -DSTM32F411xE -c -I../Core/Inc -I../Drivers/STM32F4xx_HAL_Driver/Inc -I../Drivers/STM32F4xx_HAL_Driver/Inc/Legacy -I../Drivers/CMSIS/Device/ST/STM32F4xx/Include -I../Drivers/CMSIS/Include -I../Middlewares/Third_Party/FreeRTOS/Source/include -I../Middlewares/Third_Party/FreeRTOS/Source/CMSIS_RTOS_V2 -I../Middlewares/Third_Party/FreeRTOS/Source/portable/GCC/ARM_CM4F -O0 -ffunction-sections -fdata-sections -Wall -Wno-reentrant -fstack-usage -fcyclomatic-complexity -MMD -MP -MF"Core/Src/main.d" -MT"Core/Src/main.o" --specs=nano.specs -mfpu=fpv4-sp-d16 -mfloat-abi=hard -mthumb -o "Core/Src/main.o"
../Core/Src/main.c: In function 'HAL_UART_RxCpltCallback':
../Core/Src/main.c:321:18: warning: unused variable 'Actual_CRC' [-Wunused-variable]
  321 |         uint16_t Actual_CRC = CRC16_CCITT(CommandPacket, COMMAND_PACKET_SIZE - 2);
      |                  ^~~~~~~~~~
../Core/Src/main.c:320:26: warning: unused variable 'Msg_CRC' [-Wunused-variable]
  320 |                 uint16_t Msg_CRC        = ( (uint16_t)CommandPacket[COMMAND_PACKET_SIZE-1] << 8 ) |  ( (uint16_t)CommandPacket[COMMAND_PACKET_SIZE-2] );
      |                          ^~~~~~~
At top level:
cc1.exe: note: unrecognized command-line option '-Wno-reentrant' may have been intended to silence earlier diagnostics
arm-none-eabi-gcc -o "ODYSSEY_Cubesat.elf" @"objects.list"   -mcpu=cortex-m4 -T"C:\Users\lucas\OneDrive\Desktop\Cubesat\A0-GITHUB\Cubesat-ODYSSEY\ODYSSEY_WS\ODYSSEY_Cubesat\STM32F411CEUX_FLASH.ld" --specs=nosys.specs -Wl,-Map="ODYSSEY_Cubesat.map" -Wl,--gc-sections -static --specs=nano.specs -mfpu=fpv4-sp-d16 -mfloat-abi=hard -mthumb -Wl,--start-group -lc -lm -Wl,--end-group
Finished building target: ODYSSEY_Cubesat.elf
 
arm-none-eabi-size  ODYSSEY_Cubesat.elf 
arm-none-eabi-objdump -h -S ODYSSEY_Cubesat.elf  > "ODYSSEY_Cubesat.list"
   text	   data	    bss	    dec	    hex	filename
  41256	     16	  21336	  62608	   f490	ODYSSEY_Cubesat.elf
Finished building: default.size.stdout
 
Finished building: ODYSSEY_Cubesat.list
 
01:41:33 **** Incremental Build of configuration Debug for project ODYSSEY_Cubesat ****
make -j16 all 
arm-none-eabi-gcc "../Core/Src/main.c" -mcpu=cortex-m4 -std=gnu11 -g3 -DDEBUG -DUSE_HAL_DRIVER -DSTM32F411xE -c -I../Core/Inc -I../Drivers/STM32F4xx_HAL_Driver/Inc -I../Drivers/STM32F4xx_HAL_Driver/Inc/Legacy -I../Drivers/CMSIS/Device/ST/STM32F4xx/Include -I../Drivers/CMSIS/Include -I../Middlewares/Third_Party/FreeRTOS/Source/include -I../Middlewares/Third_Party/FreeRTOS/Source/CMSIS_RTOS_V2 -I../Middlewares/Third_Party/FreeRTOS/Source/portable/GCC/ARM_CM4F -O0 -ffunction-sections -fdata-sections -Wall -Wno-reentrant -fstack-usage -fcyclomatic-complexity -MMD -MP -MF"Core/Src/main.d" -MT"Core/Src/main.o" --specs=nano.specs -mfpu=fpv4-sp-d16 -mfloat-abi=hard -mthumb -o "Core/Src/main.o"
../Core/Src/main.c: In function 'HAL_UART_RxCpltCallback':
../Core/Src/main.c:321:18: warning: unused variable 'Actual_CRC' [-Wunused-variable]
  321 |         uint16_t Actual_CRC = CRC16_CCITT(CommandPacket, COMMAND_PACKET_SIZE - 2);
      |                  ^~~~~~~~~~
../Core/Src/main.c:320:26: warning: unused variable 'Msg_CRC' [-Wunused-variable]
  320 |                 uint16_t Msg_CRC        = ( (uint16_t)CommandPacket[COMMAND_PACKET_SIZE-1] << 8 ) |  ( (uint16_t)CommandPacket[COMMAND_PACKET_SIZE-2] );
      |                          ^~~~~~~
At top level:
cc1.exe: note: unrecognized command-line option '-Wno-reentrant' may have been intended to silence earlier diagnostics
arm-none-eabi-gcc -o "ODYSSEY_Cubesat.elf" @"objects.list"   -mcpu=cortex-m4 -T"C:\Users\lucas\OneDrive\Desktop\Cubesat\A0-GITHUB\Cubesat-ODYSSEY\ODYSSEY_WS\ODYSSEY_Cubesat\STM32F411CEUX_FLASH.ld" --specs=nosys.specs -Wl,-Map="ODYSSEY_Cubesat.map" -Wl,--gc-sections -static --specs=nano.specs -mfpu=fpv4-sp-d16 -mfloat-abi=hard -mthumb -Wl,--start-group -lc -lm -Wl,--end-group
Finished building target: ODYSSEY_Cubesat.elf
 
arm-none-eabi-size  ODYSSEY_Cubesat.elf 
arm-none-eabi-objdump -h -S ODYSSEY_Cubesat.elf  > "ODYSSEY_Cubesat.list"
   text	   data	    bss	    dec	    hex	filename
  41240	     16	  21336	  62592	   f480	ODYSSEY_Cubesat.elf
Finished building: default.size.stdout
 
Finished building: ODYSSEY_Cubesat.list
 
01:49:18 **** Incremental Build of configuration Debug for project ODYSSEY_Cubesat ****
make -j16 all 
arm-none-eabi-gcc "../Core/Src/Telemetry.c" -mcpu=cortex-m4 -std=gnu11 -g3 -DDEBUG -DUSE_HAL_DRIVER -DSTM32F411xE -c -I../Core/Inc -I../Drivers/STM32F4xx_HAL_Driver/Inc -I../Drivers/STM32F4xx_HAL_Driver/Inc/Legacy -I../Drivers/CMSIS/Device/ST/STM32F4xx/Include -I../Drivers/CMSIS/Include -I../Middlewares/Third_Party/FreeRTOS/Source/include -I../Middlewares/Third_Party/FreeRTOS/Source/CMSIS_RTOS_V2 -I../Middlewares/Third_Party/FreeRTOS/Source/portable/GCC/ARM_CM4F -O0 -ffunction-sections -fdata-sections -Wall -Wno-reentrant -fstack-usage -fcyclomatic-complexity -MMD -MP -MF"Core/Src/Telemetry.d" -MT"Core/Src/Telemetry.o" --specs=nano.specs -mfpu=fpv4-sp-d16 -mfloat-abi=hard -mthumb -o "Core/Src/Telemetry.o"
arm-none-eabi-gcc -o "ODYSSEY_Cubesat.elf" @"objects.list"   -mcpu=cortex-m4 -T"C:\Users\lucas\OneDrive\Desktop\Cubesat\A0-GITHUB\Cubesat-ODYSSEY\ODYSSEY_WS\ODYSSEY_Cubesat\STM32F411CEUX_FLASH.ld" --specs=nosys.specs -Wl,-Map="ODYSSEY_Cubesat.map" -Wl,--gc-sections -static --specs=nano.specs -mfpu=fpv4-sp-d16 -mfloat-abi=hard -mthumb -Wl,--start-group -lc -lm -Wl,--end-group
Finished building target: ODYSSEY_Cubesat.elf
 
arm-none-eabi-size  ODYSSEY_Cubesat.elf 
arm-none-eabi-objdump -h -S ODYSSEY_Cubesat.elf  > "ODYSSEY_Cubesat.list"
   text	   data	    bss	    dec	    hex	filename
  41256	     16	  21336	  62608	   f490	ODYSSEY_Cubesat.elf
Finished building: default.size.stdout
 
Finished building: ODYSSEY_Cubesat.list
 
02:03:05 **** Incremental Build of configuration Debug for project ODYSSEY_Cubesat ****
make -j16 all 
arm-none-eabi-size  ODYSSEY_Cubesat.elf 
   text	   data	    bss	    dec	    hex	filename
  41256	     16	  21336	  62608	   f490	ODYSSEY_Cubesat.elf
Finished building: default.size.stdout
 
02:04:38 **** Incremental Build of configuration Debug for project ODYSSEY_Cubesat ****
make -j16 all 
arm-none-eabi-size  ODYSSEY_Cubesat.elf 
   text	   data	    bss	    dec	    hex	filename
  41256	     16	  21336	  62608	   f490	ODYSSEY_Cubesat.elf
Finished building: default.size.stdout
 
02:05:10 **** Incremental Build of configuration Debug for project ODYSSEY_Cubesat ****
make -j16 all 
arm-none-eabi-size  ODYSSEY_Cubesat.elf 
   text	   data	    bss	    dec	    hex	filename
  41256	     16	  21336	  62608	   f490	ODYSSEY_Cubesat.elf
Finished building: default.size.stdout
 
02:05:59 **** Incremental Build of configuration Debug for project ODYSSEY_Cubesat ****
make -j16 all 
arm-none-eabi-size  ODYSSEY_Cubesat.elf 
   text	   data	    bss	    dec	    hex	filename
  41256	     16	  21336	  62608	   f490	ODYSSEY_Cubesat.elf
Finished building: default.size.stdout
 
02:19:30 **** Incremental Build of configuration Debug for project ODYSSEY_Cubesat ****
make -j16 all 
arm-none-eabi-gcc "../Core/Src/main.c" -mcpu=cortex-m4 -std=gnu11 -g3 -DDEBUG -DUSE_HAL_DRIVER -DSTM32F411xE -c -I../Core/Inc -I../Drivers/STM32F4xx_HAL_Driver/Inc -I../Drivers/STM32F4xx_HAL_Driver/Inc/Legacy -I../Drivers/CMSIS/Device/ST/STM32F4xx/Include -I../Drivers/CMSIS/Include -I../Middlewares/Third_Party/FreeRTOS/Source/include -I../Middlewares/Third_Party/FreeRTOS/Source/CMSIS_RTOS_V2 -I../Middlewares/Third_Party/FreeRTOS/Source/portable/GCC/ARM_CM4F -O0 -ffunction-sections -fdata-sections -Wall -Wno-reentrant -fstack-usage -fcyclomatic-complexity -MMD -MP -MF"Core/Src/main.d" -MT"Core/Src/main.o" --specs=nano.specs -mfpu=fpv4-sp-d16 -mfloat-abi=hard -mthumb -o "Core/Src/main.o"
../Core/Src/main.c: In function 'HAL_UART_RxCpltCallback':
../Core/Src/main.c:321:18: warning: unused variable 'Actual_CRC' [-Wunused-variable]
  321 |         uint16_t Actual_CRC = CRC16_CCITT(CommandPacket, COMMAND_PACKET_SIZE - 2);
      |                  ^~~~~~~~~~
../Core/Src/main.c:320:26: warning: unused variable 'Msg_CRC' [-Wunused-variable]
  320 |                 uint16_t Msg_CRC        = ( (uint16_t)CommandPacket[COMMAND_PACKET_SIZE-1] << 8 ) |  ( (uint16_t)CommandPacket[COMMAND_PACKET_SIZE-2] );
      |                          ^~~~~~~
At top level:
cc1.exe: note: unrecognized command-line option '-Wno-reentrant' may have been intended to silence earlier diagnostics
arm-none-eabi-gcc -o "ODYSSEY_Cubesat.elf" @"objects.list"   -mcpu=cortex-m4 -T"C:\Users\lucas\OneDrive\Desktop\Cubesat\A0-GITHUB\Cubesat-ODYSSEY\ODYSSEY_WS\ODYSSEY_Cubesat\STM32F411CEUX_FLASH.ld" --specs=nosys.specs -Wl,-Map="ODYSSEY_Cubesat.map" -Wl,--gc-sections -static --specs=nano.specs -mfpu=fpv4-sp-d16 -mfloat-abi=hard -mthumb -Wl,--start-group -lc -lm -Wl,--end-group
Finished building target: ODYSSEY_Cubesat.elf
 
arm-none-eabi-size  ODYSSEY_Cubesat.elf 
arm-none-eabi-objdump -h -S ODYSSEY_Cubesat.elf  > "ODYSSEY_Cubesat.list"
   text	   data	    bss	    dec	    hex	filename
  40776	     16	  21336	  62128	   f2b0	ODYSSEY_Cubesat.elf
Finished building: default.size.stdout
 
Finished building: ODYSSEY_Cubesat.list
 
02:21:34 **** Incremental Build of configuration Debug for project ODYSSEY_Cubesat ****
make -j16 all 
arm-none-eabi-gcc "../Core/Src/main.c" -mcpu=cortex-m4 -std=gnu11 -g3 -DDEBUG -DUSE_HAL_DRIVER -DSTM32F411xE -c -I../Core/Inc -I../Drivers/STM32F4xx_HAL_Driver/Inc -I../Drivers/STM32F4xx_HAL_Driver/Inc/Legacy -I../Drivers/CMSIS/Device/ST/STM32F4xx/Include -I../Drivers/CMSIS/Include -I../Middlewares/Third_Party/FreeRTOS/Source/include -I../Middlewares/Third_Party/FreeRTOS/Source/CMSIS_RTOS_V2 -I../Middlewares/Third_Party/FreeRTOS/Source/portable/GCC/ARM_CM4F -O0 -ffunction-sections -fdata-sections -Wall -Wno-reentrant -fstack-usage -fcyclomatic-complexity -MMD -MP -MF"Core/Src/main.d" -MT"Core/Src/main.o" --specs=nano.specs -mfpu=fpv4-sp-d16 -mfloat-abi=hard -mthumb -o "Core/Src/main.o"
arm-none-eabi-gcc -o "ODYSSEY_Cubesat.elf" @"objects.list"   -mcpu=cortex-m4 -T"C:\Users\lucas\OneDrive\Desktop\Cubesat\A0-GITHUB\Cubesat-ODYSSEY\ODYSSEY_WS\ODYSSEY_Cubesat\STM32F411CEUX_FLASH.ld" --specs=nosys.specs -Wl,-Map="ODYSSEY_Cubesat.map" -Wl,--gc-sections -static --specs=nano.specs -mfpu=fpv4-sp-d16 -mfloat-abi=hard -mthumb -Wl,--start-group -lc -lm -Wl,--end-group
Finished building target: ODYSSEY_Cubesat.elf
 
arm-none-eabi-size  ODYSSEY_Cubesat.elf 
arm-none-eabi-objdump -h -S ODYSSEY_Cubesat.elf  > "ODYSSEY_Cubesat.list"
   text	   data	    bss	    dec	    hex	filename
  40728	     16	  21336	  62080	   f280	ODYSSEY_Cubesat.elf
Finished building: default.size.stdout
 
Finished building: ODYSSEY_Cubesat.list
 
02:25:32 **** Incremental Build of configuration Debug for project ODYSSEY_Cubesat ****
make -j16 all 
arm-none-eabi-size  ODYSSEY_Cubesat.elf 
   text	   data	    bss	    dec	    hex	filename
  40728	     16	  21336	  62080	   f280	ODYSSEY_Cubesat.elf
Finished building: default.size.stdout
 
02:29:48 **** Incremental Build of configuration Debug for project ODYSSEY_Cubesat ****
make -j16 all 
arm-none-eabi-size  ODYSSEY_Cubesat.elf 
   text	   data	    bss	    dec	    hex	filename
  40728	     16	  21336	  62080	   f280	ODYSSEY_Cubesat.elf
Finished building: default.size.stdout
 
11:57:52 **** Incremental Build of configuration Debug for project ODYSSEY_Cubesat ****
make -j16 all 
arm-none-eabi-size  ODYSSEY_Cubesat.elf 
   text	   data	    bss	    dec	    hex	filename
  40728	     16	  21336	  62080	   f280	ODYSSEY_Cubesat.elf
Finished building: default.size.stdout
 
12:01:12 **** Incremental Build of configuration Debug for project ODYSSEY_Cubesat ****
make -j16 all 
arm-none-eabi-gcc "../Core/Src/Telemetry.c" -mcpu=cortex-m4 -std=gnu11 -g3 -DDEBUG -DUSE_HAL_DRIVER -DSTM32F411xE -c -I../Core/Inc -I../Drivers/STM32F4xx_HAL_Driver/Inc -I../Drivers/STM32F4xx_HAL_Driver/Inc/Legacy -I../Drivers/CMSIS/Device/ST/STM32F4xx/Include -I../Drivers/CMSIS/Include -I../Middlewares/Third_Party/FreeRTOS/Source/include -I../Middlewares/Third_Party/FreeRTOS/Source/CMSIS_RTOS_V2 -I../Middlewares/Third_Party/FreeRTOS/Source/portable/GCC/ARM_CM4F -O0 -ffunction-sections -fdata-sections -Wall -Wno-reentrant -fstack-usage -fcyclomatic-complexity -MMD -MP -MF"Core/Src/Telemetry.d" -MT"Core/Src/Telemetry.o" --specs=nano.specs -mfpu=fpv4-sp-d16 -mfloat-abi=hard -mthumb -o "Core/Src/Telemetry.o"
arm-none-eabi-gcc "../Core/Src/main.c" -mcpu=cortex-m4 -std=gnu11 -g3 -DDEBUG -DUSE_HAL_DRIVER -DSTM32F411xE -c -I../Core/Inc -I../Drivers/STM32F4xx_HAL_Driver/Inc -I../Drivers/STM32F4xx_HAL_Driver/Inc/Legacy -I../Drivers/CMSIS/Device/ST/STM32F4xx/Include -I../Drivers/CMSIS/Include -I../Middlewares/Third_Party/FreeRTOS/Source/include -I../Middlewares/Third_Party/FreeRTOS/Source/CMSIS_RTOS_V2 -I../Middlewares/Third_Party/FreeRTOS/Source/portable/GCC/ARM_CM4F -O0 -ffunction-sections -fdata-sections -Wall -Wno-reentrant -fstack-usage -fcyclomatic-complexity -MMD -MP -MF"Core/Src/main.d" -MT"Core/Src/main.o" --specs=nano.specs -mfpu=fpv4-sp-d16 -mfloat-abi=hard -mthumb -o "Core/Src/main.o"
arm-none-eabi-gcc -o "ODYSSEY_Cubesat.elf" @"objects.list"   -mcpu=cortex-m4 -T"C:\Users\lucas\OneDrive\Desktop\Cubesat\A0-GITHUB\Cubesat-ODYSSEY\ODYSSEY_WS\ODYSSEY_Cubesat\STM32F411CEUX_FLASH.ld" --specs=nosys.specs -Wl,-Map="ODYSSEY_Cubesat.map" -Wl,--gc-sections -static --specs=nano.specs -mfpu=fpv4-sp-d16 -mfloat-abi=hard -mthumb -Wl,--start-group -lc -lm -Wl,--end-group
Finished building target: ODYSSEY_Cubesat.elf
 
arm-none-eabi-size  ODYSSEY_Cubesat.elf 
arm-none-eabi-objdump -h -S ODYSSEY_Cubesat.elf  > "ODYSSEY_Cubesat.list"
   text	   data	    bss	    dec	    hex	filename
  40728	     16	  21336	  62080	   f280	ODYSSEY_Cubesat.elf
Finished building: default.size.stdout
 
Finished building: ODYSSEY_Cubesat.list
 
12:19:12 **** Incremental Build of configuration Debug for project ODYSSEY_Cubesat ****
make -j16 all 
arm-none-eabi-size  ODYSSEY_Cubesat.elf 
   text	   data	    bss	    dec	    hex	filename
  40728	     16	  21336	  62080	   f280	ODYSSEY_Cubesat.elf
Finished building: default.size.stdout
 
12:20:19 **** Incremental Build of configuration Debug for project ODYSSEY_Cubesat ****
make -j16 all 
arm-none-eabi-gcc "../Core/Src/main.c" -mcpu=cortex-m4 -std=gnu11 -g3 -DDEBUG -DUSE_HAL_DRIVER -DSTM32F411xE -c -I../Core/Inc -I../Drivers/STM32F4xx_HAL_Driver/Inc -I../Drivers/STM32F4xx_HAL_Driver/Inc/Legacy -I../Drivers/CMSIS/Device/ST/STM32F4xx/Include -I../Drivers/CMSIS/Include -I../Middlewares/Third_Party/FreeRTOS/Source/include -I../Middlewares/Third_Party/FreeRTOS/Source/CMSIS_RTOS_V2 -I../Middlewares/Third_Party/FreeRTOS/Source/portable/GCC/ARM_CM4F -O0 -ffunction-sections -fdata-sections -Wall -Wno-reentrant -fstack-usage -fcyclomatic-complexity -MMD -MP -MF"Core/Src/main.d" -MT"Core/Src/main.o" --specs=nano.specs -mfpu=fpv4-sp-d16 -mfloat-abi=hard -mthumb -o "Core/Src/main.o"
arm-none-eabi-gcc -o "ODYSSEY_Cubesat.elf" @"objects.list"   -mcpu=cortex-m4 -T"C:\Users\lucas\OneDrive\Desktop\Cubesat\A0-GITHUB\Cubesat-ODYSSEY\ODYSSEY_WS\ODYSSEY_Cubesat\STM32F411CEUX_FLASH.ld" --specs=nosys.specs -Wl,-Map="ODYSSEY_Cubesat.map" -Wl,--gc-sections -static --specs=nano.specs -mfpu=fpv4-sp-d16 -mfloat-abi=hard -mthumb -Wl,--start-group -lc -lm -Wl,--end-group
Finished building target: ODYSSEY_Cubesat.elf
 
arm-none-eabi-size  ODYSSEY_Cubesat.elf 
arm-none-eabi-objdump -h -S ODYSSEY_Cubesat.elf  > "ODYSSEY_Cubesat.list"
   text	   data	    bss	    dec	    hex	filename
  40792	     16	  21336	  62144	   f2c0	ODYSSEY_Cubesat.elf
Finished building: default.size.stdout
 
Finished building: ODYSSEY_Cubesat.list
 
12:22:12 **** Incremental Build of configuration Debug for project ODYSSEY_Cubesat ****
make -j16 all 
arm-none-eabi-gcc "../Core/Src/main.c" -mcpu=cortex-m4 -std=gnu11 -g3 -DDEBUG -DUSE_HAL_DRIVER -DSTM32F411xE -c -I../Core/Inc -I../Drivers/STM32F4xx_HAL_Driver/Inc -I../Drivers/STM32F4xx_HAL_Driver/Inc/Legacy -I../Drivers/CMSIS/Device/ST/STM32F4xx/Include -I../Drivers/CMSIS/Include -I../Middlewares/Third_Party/FreeRTOS/Source/include -I../Middlewares/Third_Party/FreeRTOS/Source/CMSIS_RTOS_V2 -I../Middlewares/Third_Party/FreeRTOS/Source/portable/GCC/ARM_CM4F -O0 -ffunction-sections -fdata-sections -Wall -Wno-reentrant -fstack-usage -fcyclomatic-complexity -MMD -MP -MF"Core/Src/main.d" -MT"Core/Src/main.o" --specs=nano.specs -mfpu=fpv4-sp-d16 -mfloat-abi=hard -mthumb -o "Core/Src/main.o"
arm-none-eabi-gcc -o "ODYSSEY_Cubesat.elf" @"objects.list"   -mcpu=cortex-m4 -T"C:\Users\lucas\OneDrive\Desktop\Cubesat\A0-GITHUB\Cubesat-ODYSSEY\ODYSSEY_WS\ODYSSEY_Cubesat\STM32F411CEUX_FLASH.ld" --specs=nosys.specs -Wl,-Map="ODYSSEY_Cubesat.map" -Wl,--gc-sections -static --specs=nano.specs -mfpu=fpv4-sp-d16 -mfloat-abi=hard -mthumb -Wl,--start-group -lc -lm -Wl,--end-group
Finished building target: ODYSSEY_Cubesat.elf
 
arm-none-eabi-size  ODYSSEY_Cubesat.elf 
arm-none-eabi-objdump -h -S ODYSSEY_Cubesat.elf  > "ODYSSEY_Cubesat.list"
   text	   data	    bss	    dec	    hex	filename
  40728	     16	  21336	  62080	   f280	ODYSSEY_Cubesat.elf
Finished building: default.size.stdout
 
Finished building: ODYSSEY_Cubesat.list
 
12:23:09 **** Incremental Build of configuration Debug for project ODYSSEY_Cubesat ****
make -j16 all 
arm-none-eabi-gcc "../Core/Src/main.c" -mcpu=cortex-m4 -std=gnu11 -g3 -DDEBUG -DUSE_HAL_DRIVER -DSTM32F411xE -c -I../Core/Inc -I../Drivers/STM32F4xx_HAL_Driver/Inc -I../Drivers/STM32F4xx_HAL_Driver/Inc/Legacy -I../Drivers/CMSIS/Device/ST/STM32F4xx/Include -I../Drivers/CMSIS/Include -I../Middlewares/Third_Party/FreeRTOS/Source/include -I../Middlewares/Third_Party/FreeRTOS/Source/CMSIS_RTOS_V2 -I../Middlewares/Third_Party/FreeRTOS/Source/portable/GCC/ARM_CM4F -O0 -ffunction-sections -fdata-sections -Wall -Wno-reentrant -fstack-usage -fcyclomatic-complexity -MMD -MP -MF"Core/Src/main.d" -MT"Core/Src/main.o" --specs=nano.specs -mfpu=fpv4-sp-d16 -mfloat-abi=hard -mthumb -o "Core/Src/main.o"
../Core/Src/main.c: In function 'HAL_UART_RxCpltCallback':
../Core/Src/main.c:325:9: warning: implicit declaration of function 'Decode_ControlPacket'; did you mean 'Decode_CommandPacket'? [-Wimplicit-function-declaration]
  325 |         Decode_ControlPacket(CommandPacket, Att_Setpoint);                                              // Very Lightweight and not often called
      |         ^~~~~~~~~~~~~~~~~~~~
      |         Decode_CommandPacket
At top level:
cc1.exe: note: unrecognized command-line option '-Wno-reentrant' may have been intended to silence earlier diagnostics
arm-none-eabi-gcc -o "ODYSSEY_Cubesat.elf" @"objects.list"   -mcpu=cortex-m4 -T"C:\Users\lucas\OneDrive\Desktop\Cubesat\A0-GITHUB\Cubesat-ODYSSEY\ODYSSEY_WS\ODYSSEY_Cubesat\STM32F411CEUX_FLASH.ld" --specs=nosys.specs -Wl,-Map="ODYSSEY_Cubesat.map" -Wl,--gc-sections -static --specs=nano.specs -mfpu=fpv4-sp-d16 -mfloat-abi=hard -mthumb -Wl,--start-group -lc -lm -Wl,--end-group
C:/ST/STM32CubeIDE_1.19.0/STM32CubeIDE/plugins/com.st.stm32cube.ide.mcu.externaltools.gnu-tools-for-stm32.13.3.rel1.win32_1.0.0.202411081344/tools/bin/../lib/gcc/arm-none-eabi/13.3.1/../../../../arm-none-eabi/bin/ld.exe: ./Core/Src/main.o: in function `HAL_UART_RxCpltCallback':
C:/Users/lucas/OneDrive/Desktop/Cubesat/A0-GITHUB/Cubesat-ODYSSEY/ODYSSEY_WS/ODYSSEY_Cubesat/Debug/../Core/Src/main.c:325:(.text.HAL_UART_RxCpltCallback+0x32): undefined reference to `Decode_ControlPacket'
collect2.exe: error: ld returned 1 exit status
make: *** [makefile:68: ODYSSEY_Cubesat.elf] Error 1
"make -j16 all" terminated with exit code 2. Build might be incomplete.
12:23:24 **** Incremental Build of configuration Debug for project ODYSSEY_Cubesat ****
make -j16 all 
arm-none-eabi-gcc "../Core/Src/main.c" -mcpu=cortex-m4 -std=gnu11 -g3 -DDEBUG -DUSE_HAL_DRIVER -DSTM32F411xE -c -I../Core/Inc -I../Drivers/STM32F4xx_HAL_Driver/Inc -I../Drivers/STM32F4xx_HAL_Driver/Inc/Legacy -I../Drivers/CMSIS/Device/ST/STM32F4xx/Include -I../Drivers/CMSIS/Include -I../Middlewares/Third_Party/FreeRTOS/Source/include -I../Middlewares/Third_Party/FreeRTOS/Source/CMSIS_RTOS_V2 -I../Middlewares/Third_Party/FreeRTOS/Source/portable/GCC/ARM_CM4F -O0 -ffunction-sections -fdata-sections -Wall -Wno-reentrant -fstack-usage -fcyclomatic-complexity -MMD -MP -MF"Core/Src/main.d" -MT"Core/Src/main.o" --specs=nano.specs -mfpu=fpv4-sp-d16 -mfloat-abi=hard -mthumb -o "Core/Src/main.o"
arm-none-eabi-gcc -o "ODYSSEY_Cubesat.elf" @"objects.list"   -mcpu=cortex-m4 -T"C:\Users\lucas\OneDrive\Desktop\Cubesat\A0-GITHUB\Cubesat-ODYSSEY\ODYSSEY_WS\ODYSSEY_Cubesat\STM32F411CEUX_FLASH.ld" --specs=nosys.specs -Wl,-Map="ODYSSEY_Cubesat.map" -Wl,--gc-sections -static --specs=nano.specs -mfpu=fpv4-sp-d16 -mfloat-abi=hard -mthumb -Wl,--start-group -lc -lm -Wl,--end-group
Finished building target: ODYSSEY_Cubesat.elf
 
arm-none-eabi-size  ODYSSEY_Cubesat.elf 
arm-none-eabi-objdump -h -S ODYSSEY_Cubesat.elf  > "ODYSSEY_Cubesat.list"
   text	   data	    bss	    dec	    hex	filename
  40728	     16	  21336	  62080	   f280	ODYSSEY_Cubesat.elf
Finished building: default.size.stdout
 
Finished building: ODYSSEY_Cubesat.list
 
12:25:51 **** Incremental Build of configuration Debug for project ODYSSEY_Cubesat ****
make -j16 all 
arm-none-eabi-gcc "../Core/Src/main.c" -mcpu=cortex-m4 -std=gnu11 -g3 -DDEBUG -DUSE_HAL_DRIVER -DSTM32F411xE -c -I../Core/Inc -I../Drivers/STM32F4xx_HAL_Driver/Inc -I../Drivers/STM32F4xx_HAL_Driver/Inc/Legacy -I../Drivers/CMSIS/Device/ST/STM32F4xx/Include -I../Drivers/CMSIS/Include -I../Middlewares/Third_Party/FreeRTOS/Source/include -I../Middlewares/Third_Party/FreeRTOS/Source/CMSIS_RTOS_V2 -I../Middlewares/Third_Party/FreeRTOS/Source/portable/GCC/ARM_CM4F -O0 -ffunction-sections -fdata-sections -Wall -Wno-reentrant -fstack-usage -fcyclomatic-complexity -MMD -MP -MF"Core/Src/main.d" -MT"Core/Src/main.o" --specs=nano.specs -mfpu=fpv4-sp-d16 -mfloat-abi=hard -mthumb -o "Core/Src/main.o"
arm-none-eabi-gcc -o "ODYSSEY_Cubesat.elf" @"objects.list"   -mcpu=cortex-m4 -T"C:\Users\lucas\OneDrive\Desktop\Cubesat\A0-GITHUB\Cubesat-ODYSSEY\ODYSSEY_WS\ODYSSEY_Cubesat\STM32F411CEUX_FLASH.ld" --specs=nosys.specs -Wl,-Map="ODYSSEY_Cubesat.map" -Wl,--gc-sections -static --specs=nano.specs -mfpu=fpv4-sp-d16 -mfloat-abi=hard -mthumb -Wl,--start-group -lc -lm -Wl,--end-group
Finished building target: ODYSSEY_Cubesat.elf
 
arm-none-eabi-size  ODYSSEY_Cubesat.elf 
arm-none-eabi-objdump -h -S ODYSSEY_Cubesat.elf  > "ODYSSEY_Cubesat.list"
   text	   data	    bss	    dec	    hex	filename
  40744	     16	  21336	  62096	   f290	ODYSSEY_Cubesat.elf
Finished building: default.size.stdout
 
Finished building: ODYSSEY_Cubesat.list
 
12:28:19 **** Incremental Build of configuration Debug for project ODYSSEY_Cubesat ****
make -j16 all 
arm-none-eabi-gcc "../Core/Src/main.c" -mcpu=cortex-m4 -std=gnu11 -g3 -DDEBUG -DUSE_HAL_DRIVER -DSTM32F411xE -c -I../Core/Inc -I../Drivers/STM32F4xx_HAL_Driver/Inc -I../Drivers/STM32F4xx_HAL_Driver/Inc/Legacy -I../Drivers/CMSIS/Device/ST/STM32F4xx/Include -I../Drivers/CMSIS/Include -I../Middlewares/Third_Party/FreeRTOS/Source/include -I../Middlewares/Third_Party/FreeRTOS/Source/CMSIS_RTOS_V2 -I../Middlewares/Third_Party/FreeRTOS/Source/portable/GCC/ARM_CM4F -O0 -ffunction-sections -fdata-sections -Wall -Wno-reentrant -fstack-usage -fcyclomatic-complexity -MMD -MP -MF"Core/Src/main.d" -MT"Core/Src/main.o" --specs=nano.specs -mfpu=fpv4-sp-d16 -mfloat-abi=hard -mthumb -o "Core/Src/main.o"
../Core/Src/main.c: In function 'HAL_UART_RxCpltCallback':
../Core/Src/main.c:320:18: warning: unused variable 'Actual_CRC' [-Wunused-variable]
  320 |         uint16_t Actual_CRC = CRC16_CCITT(CommandPacket, COMMAND_PACKET_SIZE - 2);
      |                  ^~~~~~~~~~
../Core/Src/main.c:319:26: warning: unused variable 'Msg_CRC' [-Wunused-variable]
  319 |                 uint16_t Msg_CRC        = ( (uint16_t)CommandPacket[COMMAND_PACKET_SIZE-1] << 8 ) |  ( (uint16_t)CommandPacket[COMMAND_PACKET_SIZE-2] );
      |                          ^~~~~~~
At top level:
cc1.exe: note: unrecognized command-line option '-Wno-reentrant' may have been intended to silence earlier diagnostics
arm-none-eabi-gcc -o "ODYSSEY_Cubesat.elf" @"objects.list"   -mcpu=cortex-m4 -T"C:\Users\lucas\OneDrive\Desktop\Cubesat\A0-GITHUB\Cubesat-ODYSSEY\ODYSSEY_WS\ODYSSEY_Cubesat\STM32F411CEUX_FLASH.ld" --specs=nosys.specs -Wl,-Map="ODYSSEY_Cubesat.map" -Wl,--gc-sections -static --specs=nano.specs -mfpu=fpv4-sp-d16 -mfloat-abi=hard -mthumb -Wl,--start-group -lc -lm -Wl,--end-group
Finished building target: ODYSSEY_Cubesat.elf
 
arm-none-eabi-size  ODYSSEY_Cubesat.elf 
arm-none-eabi-objdump -h -S ODYSSEY_Cubesat.elf  > "ODYSSEY_Cubesat.list"
   text	   data	    bss	    dec	    hex	filename
  40776	     16	  21336	  62128	   f2b0	ODYSSEY_Cubesat.elf
Finished building: default.size.stdout
 
Finished building: ODYSSEY_Cubesat.list
 
12:29:52 **** Incremental Build of configuration Debug for project ODYSSEY_Cubesat ****
make -j16 all 
arm-none-eabi-gcc "../Core/Src/main.c" -mcpu=cortex-m4 -std=gnu11 -g3 -DDEBUG -DUSE_HAL_DRIVER -DSTM32F411xE -c -I../Core/Inc -I../Drivers/STM32F4xx_HAL_Driver/Inc -I../Drivers/STM32F4xx_HAL_Driver/Inc/Legacy -I../Drivers/CMSIS/Device/ST/STM32F4xx/Include -I../Drivers/CMSIS/Include -I../Middlewares/Third_Party/FreeRTOS/Source/include -I../Middlewares/Third_Party/FreeRTOS/Source/CMSIS_RTOS_V2 -I../Middlewares/Third_Party/FreeRTOS/Source/portable/GCC/ARM_CM4F -O0 -ffunction-sections -fdata-sections -Wall -Wno-reentrant -fstack-usage -fcyclomatic-complexity -MMD -MP -MF"Core/Src/main.d" -MT"Core/Src/main.o" --specs=nano.specs -mfpu=fpv4-sp-d16 -mfloat-abi=hard -mthumb -o "Core/Src/main.o"
arm-none-eabi-gcc -o "ODYSSEY_Cubesat.elf" @"objects.list"   -mcpu=cortex-m4 -T"C:\Users\lucas\OneDrive\Desktop\Cubesat\A0-GITHUB\Cubesat-ODYSSEY\ODYSSEY_WS\ODYSSEY_Cubesat\STM32F411CEUX_FLASH.ld" --specs=nosys.specs -Wl,-Map="ODYSSEY_Cubesat.map" -Wl,--gc-sections -static --specs=nano.specs -mfpu=fpv4-sp-d16 -mfloat-abi=hard -mthumb -Wl,--start-group -lc -lm -Wl,--end-group
Finished building target: ODYSSEY_Cubesat.elf
 
arm-none-eabi-size  ODYSSEY_Cubesat.elf 
arm-none-eabi-objdump -h -S ODYSSEY_Cubesat.elf  > "ODYSSEY_Cubesat.list"
   text	   data	    bss	    dec	    hex	filename
  40792	     16	  21344	  62152	   f2c8	ODYSSEY_Cubesat.elf
Finished building: default.size.stdout
 
Finished building: ODYSSEY_Cubesat.list
 
12:42:06 **** Incremental Build of configuration Debug for project ODYSSEY_Cubesat ****
make -j16 all 
arm-none-eabi-gcc "../Core/Src/main.c" -mcpu=cortex-m4 -std=gnu11 -g3 -DDEBUG -DUSE_HAL_DRIVER -DSTM32F411xE -c -I../Core/Inc -I../Drivers/STM32F4xx_HAL_Driver/Inc -I../Drivers/STM32F4xx_HAL_Driver/Inc/Legacy -I../Drivers/CMSIS/Device/ST/STM32F4xx/Include -I../Drivers/CMSIS/Include -I../Middlewares/Third_Party/FreeRTOS/Source/include -I../Middlewares/Third_Party/FreeRTOS/Source/CMSIS_RTOS_V2 -I../Middlewares/Third_Party/FreeRTOS/Source/portable/GCC/ARM_CM4F -O0 -ffunction-sections -fdata-sections -Wall -Wno-reentrant -fstack-usage -fcyclomatic-complexity -MMD -MP -MF"Core/Src/main.d" -MT"Core/Src/main.o" --specs=nano.specs -mfpu=fpv4-sp-d16 -mfloat-abi=hard -mthumb -o "Core/Src/main.o"
arm-none-eabi-gcc -o "ODYSSEY_Cubesat.elf" @"objects.list"   -mcpu=cortex-m4 -T"C:\Users\lucas\OneDrive\Desktop\Cubesat\A0-GITHUB\Cubesat-ODYSSEY\ODYSSEY_WS\ODYSSEY_Cubesat\STM32F411CEUX_FLASH.ld" --specs=nosys.specs -Wl,-Map="ODYSSEY_Cubesat.map" -Wl,--gc-sections -static --specs=nano.specs -mfpu=fpv4-sp-d16 -mfloat-abi=hard -mthumb -Wl,--start-group -lc -lm -Wl,--end-group
Finished building target: ODYSSEY_Cubesat.elf
 
arm-none-eabi-size  ODYSSEY_Cubesat.elf 
arm-none-eabi-objdump -h -S ODYSSEY_Cubesat.elf  > "ODYSSEY_Cubesat.list"
   text	   data	    bss	    dec	    hex	filename
  40824	     16	  21344	  62184	   f2e8	ODYSSEY_Cubesat.elf
Finished building: default.size.stdout
 
Finished building: ODYSSEY_Cubesat.list
 
13:12:39 **** Incremental Build of configuration Debug for project ODYSSEY_Cubesat ****
make -j16 all 
arm-none-eabi-size  ODYSSEY_Cubesat.elf 
   text	   data	    bss	    dec	    hex	filename
  40824	     16	  21344	  62184	   f2e8	ODYSSEY_Cubesat.elf
Finished building: default.size.stdout
 
14:20:25 **** Incremental Build of configuration Debug for project ODYSSEY_Cubesat ****
make -j16 all 
arm-none-eabi-size  ODYSSEY_Cubesat.elf 
   text	   data	    bss	    dec	    hex	filename
  40824	     16	  21344	  62184	   f2e8	ODYSSEY_Cubesat.elf
Finished building: default.size.stdout
 
14:22:31 **** Incremental Build of configuration Debug for project ODYSSEY_Cubesat ****
make -j16 all 
arm-none-eabi-size  ODYSSEY_Cubesat.elf 
   text	   data	    bss	    dec	    hex	filename
  40824	     16	  21344	  62184	   f2e8	ODYSSEY_Cubesat.elf
Finished building: default.size.stdout
 
14:30:39 **** Incremental Build of configuration Debug for project ODYSSEY_Cubesat ****
make -j16 all 
arm-none-eabi-gcc "../Core/Src/main.c" -mcpu=cortex-m4 -std=gnu11 -g3 -DDEBUG -DUSE_HAL_DRIVER -DSTM32F411xE -c -I../Core/Inc -I../Drivers/STM32F4xx_HAL_Driver/Inc -I../Drivers/STM32F4xx_HAL_Driver/Inc/Legacy -I../Drivers/CMSIS/Device/ST/STM32F4xx/Include -I../Drivers/CMSIS/Include -I../Middlewares/Third_Party/FreeRTOS/Source/include -I../Middlewares/Third_Party/FreeRTOS/Source/CMSIS_RTOS_V2 -I../Middlewares/Third_Party/FreeRTOS/Source/portable/GCC/ARM_CM4F -O0 -ffunction-sections -fdata-sections -Wall -Wno-reentrant -fstack-usage -fcyclomatic-complexity -MMD -MP -MF"Core/Src/main.d" -MT"Core/Src/main.o" --specs=nano.specs -mfpu=fpv4-sp-d16 -mfloat-abi=hard -mthumb -o "Core/Src/main.o"
arm-none-eabi-gcc -o "ODYSSEY_Cubesat.elf" @"objects.list"   -mcpu=cortex-m4 -T"C:\Users\lucas\OneDrive\Desktop\Cubesat\A0-GITHUB\Cubesat-ODYSSEY\ODYSSEY_WS\ODYSSEY_Cubesat\STM32F411CEUX_FLASH.ld" --specs=nosys.specs -Wl,-Map="ODYSSEY_Cubesat.map" -Wl,--gc-sections -static --specs=nano.specs -mfpu=fpv4-sp-d16 -mfloat-abi=hard -mthumb -Wl,--start-group -lc -lm -Wl,--end-group
Finished building target: ODYSSEY_Cubesat.elf
 
arm-none-eabi-size  ODYSSEY_Cubesat.elf 
arm-none-eabi-objdump -h -S ODYSSEY_Cubesat.elf  > "ODYSSEY_Cubesat.list"
   text	   data	    bss	    dec	    hex	filename
  41304	     16	  21344	  62664	   f4c8	ODYSSEY_Cubesat.elf
Finished building: default.size.stdout
 
Finished building: ODYSSEY_Cubesat.list
 
18:45:54 **** Incremental Build of configuration Debug for project ODYSSEY_Cubesat ****
make -j16 all 
arm-none-eabi-gcc "../Core/Src/freertos.c" -mcpu=cortex-m4 -std=gnu11 -g3 -DDEBUG -DUSE_HAL_DRIVER -DSTM32F411xE -c -I../Core/Inc -I../Drivers/STM32F4xx_HAL_Driver/Inc -I../Drivers/STM32F4xx_HAL_Driver/Inc/Legacy -I../Drivers/CMSIS/Device/ST/STM32F4xx/Include -I../Drivers/CMSIS/Include -I../Middlewares/Third_Party/FreeRTOS/Source/include -I../Middlewares/Third_Party/FreeRTOS/Source/CMSIS_RTOS_V2 -I../Middlewares/Third_Party/FreeRTOS/Source/portable/GCC/ARM_CM4F -O0 -ffunction-sections -fdata-sections -Wall -Wno-reentrant -fstack-usage -fcyclomatic-complexity -MMD -MP -MF"Core/Src/freertos.d" -MT"Core/Src/freertos.o" --specs=nano.specs -mfpu=fpv4-sp-d16 -mfloat-abi=hard -mthumb -o "Core/Src/freertos.o"
arm-none-eabi-gcc "../Core/Src/main.c" -mcpu=cortex-m4 -std=gnu11 -g3 -DDEBUG -DUSE_HAL_DRIVER -DSTM32F411xE -c -I../Core/Inc -I../Drivers/STM32F4xx_HAL_Driver/Inc -I../Drivers/STM32F4xx_HAL_Driver/Inc/Legacy -I../Drivers/CMSIS/Device/ST/STM32F4xx/Include -I../Drivers/CMSIS/Include -I../Middlewares/Third_Party/FreeRTOS/Source/include -I../Middlewares/Third_Party/FreeRTOS/Source/CMSIS_RTOS_V2 -I../Middlewares/Third_Party/FreeRTOS/Source/portable/GCC/ARM_CM4F -O0 -ffunction-sections -fdata-sections -Wall -Wno-reentrant -fstack-usage -fcyclomatic-complexity -MMD -MP -MF"Core/Src/main.d" -MT"Core/Src/main.o" --specs=nano.specs -mfpu=fpv4-sp-d16 -mfloat-abi=hard -mthumb -o "Core/Src/main.o"
arm-none-eabi-gcc -o "ODYSSEY_Cubesat.elf" @"objects.list"   -mcpu=cortex-m4 -T"C:\Users\lucas\OneDrive\Desktop\Cubesat\A0-GITHUB\Cubesat-ODYSSEY\ODYSSEY_WS\ODYSSEY_Cubesat\STM32F411CEUX_FLASH.ld" --specs=nosys.specs -Wl,-Map="ODYSSEY_Cubesat.map" -Wl,--gc-sections -static --specs=nano.specs -mfpu=fpv4-sp-d16 -mfloat-abi=hard -mthumb -Wl,--start-group -lc -lm -Wl,--end-group
Finished building target: ODYSSEY_Cubesat.elf
 
arm-none-eabi-size  ODYSSEY_Cubesat.elf 
arm-none-eabi-objdump -h -S ODYSSEY_Cubesat.elf  > "ODYSSEY_Cubesat.list"
   text	   data	    bss	    dec	    hex	filename
  41304	     16	  21344	  62664	   f4c8	ODYSSEY_Cubesat.elf
Finished building: default.size.stdout
 
Finished building: ODYSSEY_Cubesat.list
 
21:43:06 **** Incremental Build of configuration Debug for project ODYSSEY_Cubesat ****
make -j16 all 
arm-none-eabi-gcc "../Core/Src/Telemetry.c" -mcpu=cortex-m4 -std=gnu11 -g3 -DDEBUG -DUSE_HAL_DRIVER -DSTM32F411xE -c -I../Core/Inc -I../Drivers/STM32F4xx_HAL_Driver/Inc -I../Drivers/STM32F4xx_HAL_Driver/Inc/Legacy -I../Drivers/CMSIS/Device/ST/STM32F4xx/Include -I../Drivers/CMSIS/Include -I../Middlewares/Third_Party/FreeRTOS/Source/include -I../Middlewares/Third_Party/FreeRTOS/Source/CMSIS_RTOS_V2 -I../Middlewares/Third_Party/FreeRTOS/Source/portable/GCC/ARM_CM4F -O0 -ffunction-sections -fdata-sections -Wall -Wno-reentrant -fstack-usage -fcyclomatic-complexity -MMD -MP -MF"Core/Src/Telemetry.d" -MT"Core/Src/Telemetry.o" --specs=nano.specs -mfpu=fpv4-sp-d16 -mfloat-abi=hard -mthumb -o "Core/Src/Telemetry.o"
arm-none-eabi-gcc "../Core/Src/main.c" -mcpu=cortex-m4 -std=gnu11 -g3 -DDEBUG -DUSE_HAL_DRIVER -DSTM32F411xE -c -I../Core/Inc -I../Drivers/STM32F4xx_HAL_Driver/Inc -I../Drivers/STM32F4xx_HAL_Driver/Inc/Legacy -I../Drivers/CMSIS/Device/ST/STM32F4xx/Include -I../Drivers/CMSIS/Include -I../Middlewares/Third_Party/FreeRTOS/Source/include -I../Middlewares/Third_Party/FreeRTOS/Source/CMSIS_RTOS_V2 -I../Middlewares/Third_Party/FreeRTOS/Source/portable/GCC/ARM_CM4F -O0 -ffunction-sections -fdata-sections -Wall -Wno-reentrant -fstack-usage -fcyclomatic-complexity -MMD -MP -MF"Core/Src/main.d" -MT"Core/Src/main.o" --specs=nano.specs -mfpu=fpv4-sp-d16 -mfloat-abi=hard -mthumb -o "Core/Src/main.o"
arm-none-eabi-gcc -o "ODYSSEY_Cubesat.elf" @"objects.list"   -mcpu=cortex-m4 -T"C:\Users\lucas\OneDrive\Desktop\Cubesat\A0-GITHUB\Cubesat-ODYSSEY\ODYSSEY_WS\ODYSSEY_Cubesat\STM32F411CEUX_FLASH.ld" --specs=nosys.specs -Wl,-Map="ODYSSEY_Cubesat.map" -Wl,--gc-sections -static --specs=nano.specs -mfpu=fpv4-sp-d16 -mfloat-abi=hard -mthumb -Wl,--start-group -lc -lm -Wl,--end-group
Finished building target: ODYSSEY_Cubesat.elf
 
arm-none-eabi-size  ODYSSEY_Cubesat.elf 
arm-none-eabi-objdump -h -S ODYSSEY_Cubesat.elf  > "ODYSSEY_Cubesat.list"
   text	   data	    bss	    dec	    hex	filename
  41336	     16	  21344	  62696	   f4e8	ODYSSEY_Cubesat.elf
Finished building: default.size.stdout
 
Finished building: ODYSSEY_Cubesat.list
 
21:44:34 **** Incremental Build of configuration Debug for project ODYSSEY_Cubesat ****
make -j16 all 
arm-none-eabi-gcc "../Core/Src/main.c" -mcpu=cortex-m4 -std=gnu11 -g3 -DDEBUG -DUSE_HAL_DRIVER -DSTM32F411xE -c -I../Core/Inc -I../Drivers/STM32F4xx_HAL_Driver/Inc -I../Drivers/STM32F4xx_HAL_Driver/Inc/Legacy -I../Drivers/CMSIS/Device/ST/STM32F4xx/Include -I../Drivers/CMSIS/Include -I../Middlewares/Third_Party/FreeRTOS/Source/include -I../Middlewares/Third_Party/FreeRTOS/Source/CMSIS_RTOS_V2 -I../Middlewares/Third_Party/FreeRTOS/Source/portable/GCC/ARM_CM4F -O0 -ffunction-sections -fdata-sections -Wall -Wno-reentrant -fstack-usage -fcyclomatic-complexity -MMD -MP -MF"Core/Src/main.d" -MT"Core/Src/main.o" --specs=nano.specs -mfpu=fpv4-sp-d16 -mfloat-abi=hard -mthumb -o "Core/Src/main.o"
arm-none-eabi-gcc -o "ODYSSEY_Cubesat.elf" @"objects.list"   -mcpu=cortex-m4 -T"C:\Users\lucas\OneDrive\Desktop\Cubesat\A0-GITHUB\Cubesat-ODYSSEY\ODYSSEY_WS\ODYSSEY_Cubesat\STM32F411CEUX_FLASH.ld" --specs=nosys.specs -Wl,-Map="ODYSSEY_Cubesat.map" -Wl,--gc-sections -static --specs=nano.specs -mfpu=fpv4-sp-d16 -mfloat-abi=hard -mthumb -Wl,--start-group -lc -lm -Wl,--end-group
Finished building target: ODYSSEY_Cubesat.elf
 
arm-none-eabi-size  ODYSSEY_Cubesat.elf 
arm-none-eabi-objdump -h -S ODYSSEY_Cubesat.elf  > "ODYSSEY_Cubesat.list"
   text	   data	    bss	    dec	    hex	filename
  41352	     16	  21344	  62712	   f4f8	ODYSSEY_Cubesat.elf
Finished building: default.size.stdout
 
Finished building: ODYSSEY_Cubesat.list
 
21:53:57 **** Incremental Build of configuration Debug for project ODYSSEY_Cubesat ****
make -j16 all 
arm-none-eabi-gcc "../Core/Src/main.c" -mcpu=cortex-m4 -std=gnu11 -g3 -DDEBUG -DUSE_HAL_DRIVER -DSTM32F411xE -c -I../Core/Inc -I../Drivers/STM32F4xx_HAL_Driver/Inc -I../Drivers/STM32F4xx_HAL_Driver/Inc/Legacy -I../Drivers/CMSIS/Device/ST/STM32F4xx/Include -I../Drivers/CMSIS/Include -I../Middlewares/Third_Party/FreeRTOS/Source/include -I../Middlewares/Third_Party/FreeRTOS/Source/CMSIS_RTOS_V2 -I../Middlewares/Third_Party/FreeRTOS/Source/portable/GCC/ARM_CM4F -O0 -ffunction-sections -fdata-sections -Wall -Wno-reentrant -fstack-usage -fcyclomatic-complexity -MMD -MP -MF"Core/Src/main.d" -MT"Core/Src/main.o" --specs=nano.specs -mfpu=fpv4-sp-d16 -mfloat-abi=hard -mthumb -o "Core/Src/main.o"
arm-none-eabi-gcc -o "ODYSSEY_Cubesat.elf" @"objects.list"   -mcpu=cortex-m4 -T"C:\Users\lucas\OneDrive\Desktop\Cubesat\A0-GITHUB\Cubesat-ODYSSEY\ODYSSEY_WS\ODYSSEY_Cubesat\STM32F411CEUX_FLASH.ld" --specs=nosys.specs -Wl,-Map="ODYSSEY_Cubesat.map" -Wl,--gc-sections -static --specs=nano.specs -mfpu=fpv4-sp-d16 -mfloat-abi=hard -mthumb -Wl,--start-group -lc -lm -Wl,--end-group
Finished building target: ODYSSEY_Cubesat.elf
 
arm-none-eabi-size  ODYSSEY_Cubesat.elf 
arm-none-eabi-objdump -h -S ODYSSEY_Cubesat.elf  > "ODYSSEY_Cubesat.list"
   text	   data	    bss	    dec	    hex	filename
  40856	     16	  21344	  62216	   f308	ODYSSEY_Cubesat.elf
Finished building: default.size.stdout
 
Finished building: ODYSSEY_Cubesat.list
 
22:40:01 **** Incremental Build of configuration Debug for project ODYSSEY_Cubesat ****
make -j16 all 
arm-none-eabi-size  ODYSSEY_Cubesat.elf 
   text	   data	    bss	    dec	    hex	filename
  40856	     16	  21344	  62216	   f308	ODYSSEY_Cubesat.elf
Finished building: default.size.stdout
 
22:43:09 **** Incremental Build of configuration Debug for project ODYSSEY_Cubesat ****
make -j16 all 
arm-none-eabi-gcc "../Core/Src/main.c" -mcpu=cortex-m4 -std=gnu11 -g3 -DDEBUG -DUSE_HAL_DRIVER -DSTM32F411xE -c -I../Core/Inc -I../Drivers/STM32F4xx_HAL_Driver/Inc -I../Drivers/STM32F4xx_HAL_Driver/Inc/Legacy -I../Drivers/CMSIS/Device/ST/STM32F4xx/Include -I../Drivers/CMSIS/Include -I../Middlewares/Third_Party/FreeRTOS/Source/include -I../Middlewares/Third_Party/FreeRTOS/Source/CMSIS_RTOS_V2 -I../Middlewares/Third_Party/FreeRTOS/Source/portable/GCC/ARM_CM4F -O0 -ffunction-sections -fdata-sections -Wall -Wno-reentrant -fstack-usage -fcyclomatic-complexity -MMD -MP -MF"Core/Src/main.d" -MT"Core/Src/main.o" --specs=nano.specs -mfpu=fpv4-sp-d16 -mfloat-abi=hard -mthumb -o "Core/Src/main.o"
arm-none-eabi-gcc -o "ODYSSEY_Cubesat.elf" @"objects.list"   -mcpu=cortex-m4 -T"C:\Users\lucas\OneDrive\Desktop\Cubesat\A0-GITHUB\Cubesat-ODYSSEY\ODYSSEY_WS\ODYSSEY_Cubesat\STM32F411CEUX_FLASH.ld" --specs=nosys.specs -Wl,-Map="ODYSSEY_Cubesat.map" -Wl,--gc-sections -static --specs=nano.specs -mfpu=fpv4-sp-d16 -mfloat-abi=hard -mthumb -Wl,--start-group -lc -lm -Wl,--end-group
Finished building target: ODYSSEY_Cubesat.elf
 
arm-none-eabi-size  ODYSSEY_Cubesat.elf 
arm-none-eabi-objdump -h -S ODYSSEY_Cubesat.elf  > "ODYSSEY_Cubesat.list"
   text	   data	    bss	    dec	    hex	filename
  41352	     16	  21344	  62712	   f4f8	ODYSSEY_Cubesat.elf
Finished building: default.size.stdout
 
Finished building: ODYSSEY_Cubesat.list
 
20:18:23 **** Build of configuration Debug for project ODYSSEY_Cubesat ****
make -j16 all 
arm-none-eabi-gcc "../Core/Src/adc.c" -mcpu=cortex-m4 -std=gnu11 -g3 -DDEBUG -DUSE_HAL_DRIVER -DSTM32F411xE -c -I../Core/Inc -I../Drivers/STM32F4xx_HAL_Driver/Inc -I../Drivers/STM32F4xx_HAL_Driver/Inc/Legacy -I../Drivers/CMSIS/Device/ST/STM32F4xx/Include -I../Drivers/CMSIS/Include -I../Middlewares/Third_Party/FreeRTOS/Source/include -I../Middlewares/Third_Party/FreeRTOS/Source/CMSIS_RTOS_V2 -I../Middlewares/Third_Party/FreeRTOS/Source/portable/GCC/ARM_CM4F -O0 -ffunction-sections -fdata-sections -Wall -Wno-reentrant -fstack-usage -fcyclomatic-complexity -MMD -MP -MF"Core/Src/adc.d" -MT"Core/Src/adc.o" --specs=nano.specs -mfpu=fpv4-sp-d16 -mfloat-abi=hard -mthumb -o "Core/Src/adc.o"
arm-none-eabi-gcc "../Core/Src/dma.c" -mcpu=cortex-m4 -std=gnu11 -g3 -DDEBUG -DUSE_HAL_DRIVER -DSTM32F411xE -c -I../Core/Inc -I../Drivers/STM32F4xx_HAL_Driver/Inc -I../Drivers/STM32F4xx_HAL_Driver/Inc/Legacy -I../Drivers/CMSIS/Device/ST/STM32F4xx/Include -I../Drivers/CMSIS/Include -I../Middlewares/Third_Party/FreeRTOS/Source/include -I../Middlewares/Third_Party/FreeRTOS/Source/CMSIS_RTOS_V2 -I../Middlewares/Third_Party/FreeRTOS/Source/portable/GCC/ARM_CM4F -O0 -ffunction-sections -fdata-sections -Wall -Wno-reentrant -fstack-usage -fcyclomatic-complexity -MMD -MP -MF"Core/Src/dma.d" -MT"Core/Src/dma.o" --specs=nano.specs -mfpu=fpv4-sp-d16 -mfloat-abi=hard -mthumb -o "Core/Src/dma.o"
arm-none-eabi-gcc "../Core/Src/freertos.c" -mcpu=cortex-m4 -std=gnu11 -g3 -DDEBUG -DUSE_HAL_DRIVER -DSTM32F411xE -c -I../Core/Inc -I../Drivers/STM32F4xx_HAL_Driver/Inc -I../Drivers/STM32F4xx_HAL_Driver/Inc/Legacy -I../Drivers/CMSIS/Device/ST/STM32F4xx/Include -I../Drivers/CMSIS/Include -I../Middlewares/Third_Party/FreeRTOS/Source/include -I../Middlewares/Third_Party/FreeRTOS/Source/CMSIS_RTOS_V2 -I../Middlewares/Third_Party/FreeRTOS/Source/portable/GCC/ARM_CM4F -O0 -ffunction-sections -fdata-sections -Wall -Wno-reentrant -fstack-usage -fcyclomatic-complexity -MMD -MP -MF"Core/Src/freertos.d" -MT"Core/Src/freertos.o" --specs=nano.specs -mfpu=fpv4-sp-d16 -mfloat-abi=hard -mthumb -o "Core/Src/freertos.o"
arm-none-eabi-gcc "../Core/Src/gpio.c" -mcpu=cortex-m4 -std=gnu11 -g3 -DDEBUG -DUSE_HAL_DRIVER -DSTM32F411xE -c -I../Core/Inc -I../Drivers/STM32F4xx_HAL_Driver/Inc -I../Drivers/STM32F4xx_HAL_Driver/Inc/Legacy -I../Drivers/CMSIS/Device/ST/STM32F4xx/Include -I../Drivers/CMSIS/Include -I../Middlewares/Third_Party/FreeRTOS/Source/include -I../Middlewares/Third_Party/FreeRTOS/Source/CMSIS_RTOS_V2 -I../Middlewares/Third_Party/FreeRTOS/Source/portable/GCC/ARM_CM4F -O0 -ffunction-sections -fdata-sections -Wall -Wno-reentrant -fstack-usage -fcyclomatic-complexity -MMD -MP -MF"Core/Src/gpio.d" -MT"Core/Src/gpio.o" --specs=nano.specs -mfpu=fpv4-sp-d16 -mfloat-abi=hard -mthumb -o "Core/Src/gpio.o"
arm-none-eabi-gcc "../Core/Src/i2c.c" -mcpu=cortex-m4 -std=gnu11 -g3 -DDEBUG -DUSE_HAL_DRIVER -DSTM32F411xE -c -I../Core/Inc -I../Drivers/STM32F4xx_HAL_Driver/Inc -I../Drivers/STM32F4xx_HAL_Driver/Inc/Legacy -I../Drivers/CMSIS/Device/ST/STM32F4xx/Include -I../Drivers/CMSIS/Include -I../Middlewares/Third_Party/FreeRTOS/Source/include -I../Middlewares/Third_Party/FreeRTOS/Source/CMSIS_RTOS_V2 -I../Middlewares/Third_Party/FreeRTOS/Source/portable/GCC/ARM_CM4F -O0 -ffunction-sections -fdata-sections -Wall -Wno-reentrant -fstack-usage -fcyclomatic-complexity -MMD -MP -MF"Core/Src/i2c.d" -MT"Core/Src/i2c.o" --specs=nano.specs -mfpu=fpv4-sp-d16 -mfloat-abi=hard -mthumb -o "Core/Src/i2c.o"
arm-none-eabi-gcc "../Core/Src/main.c" -mcpu=cortex-m4 -std=gnu11 -g3 -DDEBUG -DUSE_HAL_DRIVER -DSTM32F411xE -c -I../Core/Inc -I../Drivers/STM32F4xx_HAL_Driver/Inc -I../Drivers/STM32F4xx_HAL_Driver/Inc/Legacy -I../Drivers/CMSIS/Device/ST/STM32F4xx/Include -I../Drivers/CMSIS/Include -I../Middlewares/Third_Party/FreeRTOS/Source/include -I../Middlewares/Third_Party/FreeRTOS/Source/CMSIS_RTOS_V2 -I../Middlewares/Third_Party/FreeRTOS/Source/portable/GCC/ARM_CM4F -O0 -ffunction-sections -fdata-sections -Wall -Wno-reentrant -fstack-usage -fcyclomatic-complexity -MMD -MP -MF"Core/Src/main.d" -MT"Core/Src/main.o" --specs=nano.specs -mfpu=fpv4-sp-d16 -mfloat-abi=hard -mthumb -o "Core/Src/main.o"
arm-none-eabi-gcc "../Core/Src/stm32f4xx_hal_msp.c" -mcpu=cortex-m4 -std=gnu11 -g3 -DDEBUG -DUSE_HAL_DRIVER -DSTM32F411xE -c -I../Core/Inc -I../Drivers/STM32F4xx_HAL_Driver/Inc -I../Drivers/STM32F4xx_HAL_Driver/Inc/Legacy -I../Drivers/CMSIS/Device/ST/STM32F4xx/Include -I../Drivers/CMSIS/Include -I../Middlewares/Third_Party/FreeRTOS/Source/include -I../Middlewares/Third_Party/FreeRTOS/Source/CMSIS_RTOS_V2 -I../Middlewares/Third_Party/FreeRTOS/Source/portable/GCC/ARM_CM4F -O0 -ffunction-sections -fdata-sections -Wall -Wno-reentrant -fstack-usage -fcyclomatic-complexity -MMD -MP -MF"Core/Src/stm32f4xx_hal_msp.d" -MT"Core/Src/stm32f4xx_hal_msp.o" --specs=nano.specs -mfpu=fpv4-sp-d16 -mfloat-abi=hard -mthumb -o "Core/Src/stm32f4xx_hal_msp.o"
arm-none-eabi-gcc "../Core/Src/stm32f4xx_it.c" -mcpu=cortex-m4 -std=gnu11 -g3 -DDEBUG -DUSE_HAL_DRIVER -DSTM32F411xE -c -I../Core/Inc -I../Drivers/STM32F4xx_HAL_Driver/Inc -I../Drivers/STM32F4xx_HAL_Driver/Inc/Legacy -I../Drivers/CMSIS/Device/ST/STM32F4xx/Include -I../Drivers/CMSIS/Include -I../Middlewares/Third_Party/FreeRTOS/Source/include -I../Middlewares/Third_Party/FreeRTOS/Source/CMSIS_RTOS_V2 -I../Middlewares/Third_Party/FreeRTOS/Source/portable/GCC/ARM_CM4F -O0 -ffunction-sections -fdata-sections -Wall -Wno-reentrant -fstack-usage -fcyclomatic-complexity -MMD -MP -MF"Core/Src/stm32f4xx_it.d" -MT"Core/Src/stm32f4xx_it.o" --specs=nano.specs -mfpu=fpv4-sp-d16 -mfloat-abi=hard -mthumb -o "Core/Src/stm32f4xx_it.o"
arm-none-eabi-gcc "../Core/Src/tim.c" -mcpu=cortex-m4 -std=gnu11 -g3 -DDEBUG -DUSE_HAL_DRIVER -DSTM32F411xE -c -I../Core/Inc -I../Drivers/STM32F4xx_HAL_Driver/Inc -I../Drivers/STM32F4xx_HAL_Driver/Inc/Legacy -I../Drivers/CMSIS/Device/ST/STM32F4xx/Include -I../Drivers/CMSIS/Include -I../Middlewares/Third_Party/FreeRTOS/Source/include -I../Middlewares/Third_Party/FreeRTOS/Source/CMSIS_RTOS_V2 -I../Middlewares/Third_Party/FreeRTOS/Source/portable/GCC/ARM_CM4F -O0 -ffunction-sections -fdata-sections -Wall -Wno-reentrant -fstack-usage -fcyclomatic-complexity -MMD -MP -MF"Core/Src/tim.d" -MT"Core/Src/tim.o" --specs=nano.specs -mfpu=fpv4-sp-d16 -mfloat-abi=hard -mthumb -o "Core/Src/tim.o"
arm-none-eabi-gcc "../Core/Src/usart.c" -mcpu=cortex-m4 -std=gnu11 -g3 -DDEBUG -DUSE_HAL_DRIVER -DSTM32F411xE -c -I../Core/Inc -I../Drivers/STM32F4xx_HAL_Driver/Inc -I../Drivers/STM32F4xx_HAL_Driver/Inc/Legacy -I../Drivers/CMSIS/Device/ST/STM32F4xx/Include -I../Drivers/CMSIS/Include -I../Middlewares/Third_Party/FreeRTOS/Source/include -I../Middlewares/Third_Party/FreeRTOS/Source/CMSIS_RTOS_V2 -I../Middlewares/Third_Party/FreeRTOS/Source/portable/GCC/ARM_CM4F -O0 -ffunction-sections -fdata-sections -Wall -Wno-reentrant -fstack-usage -fcyclomatic-complexity -MMD -MP -MF"Core/Src/usart.d" -MT"Core/Src/usart.o" --specs=nano.specs -mfpu=fpv4-sp-d16 -mfloat-abi=hard -mthumb -o "Core/Src/usart.o"
../Core/Src/main.c: In function 'Control_ISR':
../Core/Src/main.c:419:18: warning: unused variable 'TestCounter' [-Wunused-variable]
  419 |         uint16_t TestCounter = 0;               //
      |                  ^~~~~~~~~~~
../Core/Src/main.c:418:17: warning: unused variable 'Dir' [-Wunused-variable]
  418 |         uint8_t Dir[3] = {0,0,0};               // 0 = CW, 1 = CCW;
      |                 ^~~
At top level:
cc1.exe: note: unrecognized command-line option '-Wno-reentrant' may have been intended to silence earlier diagnostics
arm-none-eabi-gcc -o "ODYSSEY_Cubesat.elf" @"objects.list"   -mcpu=cortex-m4 -T"C:\Users\lucas\OneDrive\Desktop\Cubesat\A0-GITHUB\Cubesat-ODYSSEY\ODYSSEY_WS\ODYSSEY_Cubesat\STM32F411CEUX_FLASH.ld" --specs=nosys.specs -Wl,-Map="ODYSSEY_Cubesat.map" -Wl,--gc-sections -static --specs=nano.specs -mfpu=fpv4-sp-d16 -mfloat-abi=hard -mthumb -Wl,--start-group -lc -lm -Wl,--end-group
Finished building target: ODYSSEY_Cubesat.elf
 
arm-none-eabi-size  ODYSSEY_Cubesat.elf 
arm-none-eabi-objdump -h -S ODYSSEY_Cubesat.elf  > "ODYSSEY_Cubesat.list"
   text	   data	    bss	    dec	    hex	filename
  41352	     16	  21344	  62712	   f4f8	ODYSSEY_Cubesat.elf
Finished building: default.size.stdout
 
Finished building: ODYSSEY_Cubesat.list
 
20:27:32 **** Incremental Build of configuration Debug for project ODYSSEY_Cubesat ****
make -j16 all 
arm-none-eabi-gcc "../Core/Src/adc.c" -mcpu=cortex-m4 -std=gnu11 -g3 -DDEBUG -DUSE_HAL_DRIVER -DSTM32F411xE -c -I../Core/Inc -I../Drivers/STM32F4xx_HAL_Driver/Inc -I../Drivers/STM32F4xx_HAL_Driver/Inc/Legacy -I../Drivers/CMSIS/Device/ST/STM32F4xx/Include -I../Drivers/CMSIS/Include -I../Middlewares/Third_Party/FreeRTOS/Source/include -I../Middlewares/Third_Party/FreeRTOS/Source/CMSIS_RTOS_V2 -I../Middlewares/Third_Party/FreeRTOS/Source/portable/GCC/ARM_CM4F -O0 -ffunction-sections -fdata-sections -Wall -Wno-reentrant -fstack-usage -fcyclomatic-complexity -MMD -MP -MF"Core/Src/adc.d" -MT"Core/Src/adc.o" --specs=nano.specs -mfpu=fpv4-sp-d16 -mfloat-abi=hard -mthumb -o "Core/Src/adc.o"
arm-none-eabi-gcc "../Core/Src/main.c" -mcpu=cortex-m4 -std=gnu11 -g3 -DDEBUG -DUSE_HAL_DRIVER -DSTM32F411xE -c -I../Core/Inc -I../Drivers/STM32F4xx_HAL_Driver/Inc -I../Drivers/STM32F4xx_HAL_Driver/Inc/Legacy -I../Drivers/CMSIS/Device/ST/STM32F4xx/Include -I../Drivers/CMSIS/Include -I../Middlewares/Third_Party/FreeRTOS/Source/include -I../Middlewares/Third_Party/FreeRTOS/Source/CMSIS_RTOS_V2 -I../Middlewares/Third_Party/FreeRTOS/Source/portable/GCC/ARM_CM4F -O0 -ffunction-sections -fdata-sections -Wall -Wno-reentrant -fstack-usage -fcyclomatic-complexity -MMD -MP -MF"Core/Src/main.d" -MT"Core/Src/main.o" --specs=nano.specs -mfpu=fpv4-sp-d16 -mfloat-abi=hard -mthumb -o "Core/Src/main.o"
../Core/Src/main.c: In function 'Control_ISR':
../Core/Src/main.c:419:18: warning: unused variable 'TestCounter' [-Wunused-variable]
  419 |         uint16_t TestCounter = 0;               //
      |                  ^~~~~~~~~~~
../Core/Src/main.c:418:17: warning: unused variable 'Dir' [-Wunused-variable]
  418 |         uint8_t Dir[3] = {0,0,0};               // 0 = CW, 1 = CCW;
      |                 ^~~
At top level:
cc1.exe: note: unrecognized command-line option '-Wno-reentrant' may have been intended to silence earlier diagnostics
arm-none-eabi-gcc -o "ODYSSEY_Cubesat.elf" @"objects.list"   -mcpu=cortex-m4 -T"C:\Users\lucas\OneDrive\Desktop\Cubesat\A0-GITHUB\Cubesat-ODYSSEY\ODYSSEY_WS\ODYSSEY_Cubesat\STM32F411CEUX_FLASH.ld" --specs=nosys.specs -Wl,-Map="ODYSSEY_Cubesat.map" -Wl,--gc-sections -static --specs=nano.specs -mfpu=fpv4-sp-d16 -mfloat-abi=hard -mthumb -Wl,--start-group -lc -lm -Wl,--end-group
Finished building target: ODYSSEY_Cubesat.elf
 
arm-none-eabi-size  ODYSSEY_Cubesat.elf 
arm-none-eabi-objdump -h -S ODYSSEY_Cubesat.elf  > "ODYSSEY_Cubesat.list"
   text	   data	    bss	    dec	    hex	filename
  41352	     16	  21344	  62712	   f4f8	ODYSSEY_Cubesat.elf
Finished building: default.size.stdout
 
Finished building: ODYSSEY_Cubesat.list
 
20:44:37 **** Incremental Build of configuration Debug for project ODYSSEY_Cubesat ****
make -j16 all 
arm-none-eabi-gcc "../Core/Src/adc.c" -mcpu=cortex-m4 -std=gnu11 -g3 -DDEBUG -DUSE_HAL_DRIVER -DSTM32F411xE -c -I../Core/Inc -I../Drivers/STM32F4xx_HAL_Driver/Inc -I../Drivers/STM32F4xx_HAL_Driver/Inc/Legacy -I../Drivers/CMSIS/Device/ST/STM32F4xx/Include -I../Drivers/CMSIS/Include -I../Middlewares/Third_Party/FreeRTOS/Source/include -I../Middlewares/Third_Party/FreeRTOS/Source/CMSIS_RTOS_V2 -I../Middlewares/Third_Party/FreeRTOS/Source/portable/GCC/ARM_CM4F -O0 -ffunction-sections -fdata-sections -Wall -Wno-reentrant -fstack-usage -fcyclomatic-complexity -MMD -MP -MF"Core/Src/adc.d" -MT"Core/Src/adc.o" --specs=nano.specs -mfpu=fpv4-sp-d16 -mfloat-abi=hard -mthumb -o "Core/Src/adc.o"
arm-none-eabi-gcc -o "ODYSSEY_Cubesat.elf" @"objects.list"   -mcpu=cortex-m4 -T"C:\Users\lucas\OneDrive\Desktop\Cubesat\A0-GITHUB\Cubesat-ODYSSEY\ODYSSEY_WS\ODYSSEY_Cubesat\STM32F411CEUX_FLASH.ld" --specs=nosys.specs -Wl,-Map="ODYSSEY_Cubesat.map" -Wl,--gc-sections -static --specs=nano.specs -mfpu=fpv4-sp-d16 -mfloat-abi=hard -mthumb -Wl,--start-group -lc -lm -Wl,--end-group
Finished building target: ODYSSEY_Cubesat.elf
 
arm-none-eabi-size  ODYSSEY_Cubesat.elf 
arm-none-eabi-objdump -h -S ODYSSEY_Cubesat.elf  > "ODYSSEY_Cubesat.list"
   text	   data	    bss	    dec	    hex	filename
  41352	     16	  21344	  62712	   f4f8	ODYSSEY_Cubesat.elf
Finished building: default.size.stdout
 
Finished building: ODYSSEY_Cubesat.list
 
20:49:27 **** Incremental Build of configuration Debug for project ODYSSEY_Cubesat ****
make -j16 all 
arm-none-eabi-gcc "../Core/Src/main.c" -mcpu=cortex-m4 -std=gnu11 -g3 -DDEBUG -DUSE_HAL_DRIVER -DSTM32F411xE -c -I../Core/Inc -I../Drivers/STM32F4xx_HAL_Driver/Inc -I../Drivers/STM32F4xx_HAL_Driver/Inc/Legacy -I../Drivers/CMSIS/Device/ST/STM32F4xx/Include -I../Drivers/CMSIS/Include -I../Middlewares/Third_Party/FreeRTOS/Source/include -I../Middlewares/Third_Party/FreeRTOS/Source/CMSIS_RTOS_V2 -I../Middlewares/Third_Party/FreeRTOS/Source/portable/GCC/ARM_CM4F -O0 -ffunction-sections -fdata-sections -Wall -Wno-reentrant -fstack-usage -fcyclomatic-complexity -MMD -MP -MF"Core/Src/main.d" -MT"Core/Src/main.o" --specs=nano.specs -mfpu=fpv4-sp-d16 -mfloat-abi=hard -mthumb -o "Core/Src/main.o"
../Core/Src/main.c: In function 'Send_to_GroundStation_HouseKeeping':
../Core/Src/main.c:372:18: warning: unused variable 'Temp' [-Wunused-variable]
  372 |         uint16_t Temp = 0;
      |                  ^~~~
../Core/Src/main.c: In function 'Control_ISR':
../Core/Src/main.c:420:18: warning: unused variable 'TestCounter' [-Wunused-variable]
  420 |         uint16_t TestCounter = 0;               //
      |                  ^~~~~~~~~~~
../Core/Src/main.c:419:17: warning: unused variable 'Dir' [-Wunused-variable]
  419 |         uint8_t Dir[3] = {0,0,0};               // 0 = CW, 1 = CCW;
      |                 ^~~
At top level:
cc1.exe: note: unrecognized command-line option '-Wno-reentrant' may have been intended to silence earlier diagnostics
arm-none-eabi-gcc -o "ODYSSEY_Cubesat.elf" @"objects.list"   -mcpu=cortex-m4 -T"C:\Users\lucas\OneDrive\Desktop\Cubesat\A0-GITHUB\Cubesat-ODYSSEY\ODYSSEY_WS\ODYSSEY_Cubesat\STM32F411CEUX_FLASH.ld" --specs=nosys.specs -Wl,-Map="ODYSSEY_Cubesat.map" -Wl,--gc-sections -static --specs=nano.specs -mfpu=fpv4-sp-d16 -mfloat-abi=hard -mthumb -Wl,--start-group -lc -lm -Wl,--end-group
Finished building target: ODYSSEY_Cubesat.elf
 
arm-none-eabi-size  ODYSSEY_Cubesat.elf 
arm-none-eabi-objdump -h -S ODYSSEY_Cubesat.elf  > "ODYSSEY_Cubesat.list"
   text	   data	    bss	    dec	    hex	filename
  41352	     16	  21344	  62712	   f4f8	ODYSSEY_Cubesat.elf
Finished building: default.size.stdout
 
Finished building: ODYSSEY_Cubesat.list
 
20:51:41 **** Incremental Build of configuration Debug for project ODYSSEY_Cubesat ****
make -j16 all 
arm-none-eabi-gcc "../Core/Src/main.c" -mcpu=cortex-m4 -std=gnu11 -g3 -DDEBUG -DUSE_HAL_DRIVER -DSTM32F411xE -c -I../Core/Inc -I../Drivers/STM32F4xx_HAL_Driver/Inc -I../Drivers/STM32F4xx_HAL_Driver/Inc/Legacy -I../Drivers/CMSIS/Device/ST/STM32F4xx/Include -I../Drivers/CMSIS/Include -I../Middlewares/Third_Party/FreeRTOS/Source/include -I../Middlewares/Third_Party/FreeRTOS/Source/CMSIS_RTOS_V2 -I../Middlewares/Third_Party/FreeRTOS/Source/portable/GCC/ARM_CM4F -O0 -ffunction-sections -fdata-sections -Wall -Wno-reentrant -fstack-usage -fcyclomatic-complexity -MMD -MP -MF"Core/Src/main.d" -MT"Core/Src/main.o" --specs=nano.specs -mfpu=fpv4-sp-d16 -mfloat-abi=hard -mthumb -o "Core/Src/main.o"
../Core/Src/main.c: In function 'main':
../Core/Src/main.c:194:29: warning: passing argument 2 of 'HAL_ADC_Start_DMA' from incompatible pointer type [-Wincompatible-pointer-types]
  194 |   HAL_ADC_Start_DMA(&hadc1, ADC_DMA_Buffer, 2);                                                 // Start DMA to read Bat and Temp
      |                             ^~~~~~~~~~~~~~
      |                             |
      |                             uint16_t * {aka short unsigned int *}
In file included from ../Core/Inc/stm32f4xx_hal_conf.h:295,
                 from ../Drivers/STM32F4xx_HAL_Driver/Inc/stm32f4xx_hal.h:29,
                 from ../Core/Inc/main.h:30,
                 from ../Core/Src/main.c:20:
../Drivers/STM32F4xx_HAL_Driver/Inc/stm32f4xx_hal_adc.h:594:72: note: expected 'uint32_t *' {aka 'long unsigned int *'} but argument is of type 'uint16_t *' {aka 'short unsigned int *'}
  594 | HAL_StatusTypeDef HAL_ADC_Start_DMA(ADC_HandleTypeDef *hadc, uint32_t *pData, uint32_t Length);
      |                                                              ~~~~~~~~~~^~~~~
../Core/Src/main.c: In function 'Send_to_GroundStation_HouseKeeping':
../Core/Src/main.c:372:18: warning: unused variable 'Temp' [-Wunused-variable]
  372 |         uint16_t Temp = 0;
      |                  ^~~~
../Core/Src/main.c: In function 'Control_ISR':
../Core/Src/main.c:420:18: warning: unused variable 'TestCounter' [-Wunused-variable]
  420 |         uint16_t TestCounter = 0;               //
      |                  ^~~~~~~~~~~
../Core/Src/main.c:419:17: warning: unused variable 'Dir' [-Wunused-variable]
  419 |         uint8_t Dir[3] = {0,0,0};               // 0 = CW, 1 = CCW;
      |                 ^~~
At top level:
cc1.exe: note: unrecognized command-line option '-Wno-reentrant' may have been intended to silence earlier diagnostics
arm-none-eabi-gcc -o "ODYSSEY_Cubesat.elf" @"objects.list"   -mcpu=cortex-m4 -T"C:\Users\lucas\OneDrive\Desktop\Cubesat\A0-GITHUB\Cubesat-ODYSSEY\ODYSSEY_WS\ODYSSEY_Cubesat\STM32F411CEUX_FLASH.ld" --specs=nosys.specs -Wl,-Map="ODYSSEY_Cubesat.map" -Wl,--gc-sections -static --specs=nano.specs -mfpu=fpv4-sp-d16 -mfloat-abi=hard -mthumb -Wl,--start-group -lc -lm -Wl,--end-group
Finished building target: ODYSSEY_Cubesat.elf
 
arm-none-eabi-size  ODYSSEY_Cubesat.elf 
arm-none-eabi-objdump -h -S ODYSSEY_Cubesat.elf  > "ODYSSEY_Cubesat.list"
   text	   data	    bss	    dec	    hex	filename
  41272	     16	  21336	  62624	   f4a0	ODYSSEY_Cubesat.elf
Finished building: default.size.stdout
 
Finished building: ODYSSEY_Cubesat.list
 
20:53:05 **** Incremental Build of configuration Debug for project ODYSSEY_Cubesat ****
make -j16 all 
arm-none-eabi-gcc "../Core/Src/main.c" -mcpu=cortex-m4 -std=gnu11 -g3 -DDEBUG -DUSE_HAL_DRIVER -DSTM32F411xE -c -I../Core/Inc -I../Drivers/STM32F4xx_HAL_Driver/Inc -I../Drivers/STM32F4xx_HAL_Driver/Inc/Legacy -I../Drivers/CMSIS/Device/ST/STM32F4xx/Include -I../Drivers/CMSIS/Include -I../Middlewares/Third_Party/FreeRTOS/Source/include -I../Middlewares/Third_Party/FreeRTOS/Source/CMSIS_RTOS_V2 -I../Middlewares/Third_Party/FreeRTOS/Source/portable/GCC/ARM_CM4F -O0 -ffunction-sections -fdata-sections -Wall -Wno-reentrant -fstack-usage -fcyclomatic-complexity -MMD -MP -MF"Core/Src/main.d" -MT"Core/Src/main.o" --specs=nano.specs -mfpu=fpv4-sp-d16 -mfloat-abi=hard -mthumb -o "Core/Src/main.o"
../Core/Src/main.c: In function 'Send_to_GroundStation_HouseKeeping':
../Core/Src/main.c:372:18: warning: unused variable 'Temp' [-Wunused-variable]
  372 |         uint16_t Temp = 0;
      |                  ^~~~
../Core/Src/main.c: In function 'Control_ISR':
../Core/Src/main.c:420:18: warning: unused variable 'TestCounter' [-Wunused-variable]
  420 |         uint16_t TestCounter = 0;               //
      |                  ^~~~~~~~~~~
../Core/Src/main.c:419:17: warning: unused variable 'Dir' [-Wunused-variable]
  419 |         uint8_t Dir[3] = {0,0,0};               // 0 = CW, 1 = CCW;
      |                 ^~~
At top level:
cc1.exe: note: unrecognized command-line option '-Wno-reentrant' may have been intended to silence earlier diagnostics
arm-none-eabi-gcc -o "ODYSSEY_Cubesat.elf" @"objects.list"   -mcpu=cortex-m4 -T"C:\Users\lucas\OneDrive\Desktop\Cubesat\A0-GITHUB\Cubesat-ODYSSEY\ODYSSEY_WS\ODYSSEY_Cubesat\STM32F411CEUX_FLASH.ld" --specs=nosys.specs -Wl,-Map="ODYSSEY_Cubesat.map" -Wl,--gc-sections -static --specs=nano.specs -mfpu=fpv4-sp-d16 -mfloat-abi=hard -mthumb -Wl,--start-group -lc -lm -Wl,--end-group
Finished building target: ODYSSEY_Cubesat.elf
 
arm-none-eabi-size  ODYSSEY_Cubesat.elf 
arm-none-eabi-objdump -h -S ODYSSEY_Cubesat.elf  > "ODYSSEY_Cubesat.list"
   text	   data	    bss	    dec	    hex	filename
  41272	     16	  21336	  62624	   f4a0	ODYSSEY_Cubesat.elf
Finished building: default.size.stdout
 
Finished building: ODYSSEY_Cubesat.list
 
20:55:15 **** Incremental Build of configuration Debug for project ODYSSEY_Cubesat ****
make -j16 all 
arm-none-eabi-gcc "../Core/Src/main.c" -mcpu=cortex-m4 -std=gnu11 -g3 -DDEBUG -DUSE_HAL_DRIVER -DSTM32F411xE -c -I../Core/Inc -I../Drivers/STM32F4xx_HAL_Driver/Inc -I../Drivers/STM32F4xx_HAL_Driver/Inc/Legacy -I../Drivers/CMSIS/Device/ST/STM32F4xx/Include -I../Drivers/CMSIS/Include -I../Middlewares/Third_Party/FreeRTOS/Source/include -I../Middlewares/Third_Party/FreeRTOS/Source/CMSIS_RTOS_V2 -I../Middlewares/Third_Party/FreeRTOS/Source/portable/GCC/ARM_CM4F -O0 -ffunction-sections -fdata-sections -Wall -Wno-reentrant -fstack-usage -fcyclomatic-complexity -MMD -MP -MF"Core/Src/main.d" -MT"Core/Src/main.o" --specs=nano.specs -mfpu=fpv4-sp-d16 -mfloat-abi=hard -mthumb -o "Core/Src/main.o"
../Core/Src/main.c: In function 'Send_to_GroundStation_HouseKeeping':
../Core/Src/main.c:373:18: warning: unused variable 'Temp' [-Wunused-variable]
  373 |         uint16_t Temp = 0;
      |                  ^~~~
../Core/Src/main.c: In function 'Control_ISR':
../Core/Src/main.c:421:18: warning: unused variable 'TestCounter' [-Wunused-variable]
  421 |         uint16_t TestCounter = 0;               //
      |                  ^~~~~~~~~~~
../Core/Src/main.c:420:17: warning: unused variable 'Dir' [-Wunused-variable]
  420 |         uint8_t Dir[3] = {0,0,0};               // 0 = CW, 1 = CCW;
      |                 ^~~
At top level:
cc1.exe: note: unrecognized command-line option '-Wno-reentrant' may have been intended to silence earlier diagnostics
arm-none-eabi-gcc -o "ODYSSEY_Cubesat.elf" @"objects.list"   -mcpu=cortex-m4 -T"C:\Users\lucas\OneDrive\Desktop\Cubesat\A0-GITHUB\Cubesat-ODYSSEY\ODYSSEY_WS\ODYSSEY_Cubesat\STM32F411CEUX_FLASH.ld" --specs=nosys.specs -Wl,-Map="ODYSSEY_Cubesat.map" -Wl,--gc-sections -static --specs=nano.specs -mfpu=fpv4-sp-d16 -mfloat-abi=hard -mthumb -Wl,--start-group -lc -lm -Wl,--end-group
Finished building target: ODYSSEY_Cubesat.elf
 
arm-none-eabi-size  ODYSSEY_Cubesat.elf 
arm-none-eabi-objdump -h -S ODYSSEY_Cubesat.elf  > "ODYSSEY_Cubesat.list"
   text	   data	    bss	    dec	    hex	filename
  41352	     16	  21336	  62704	   f4f0	ODYSSEY_Cubesat.elf
Finished building: default.size.stdout
 
Finished building: ODYSSEY_Cubesat.list
 
