22:53:18 **** Incremental Build of configuration Debug for project ODYSSEY_Cubesat ****
make -j16 all 
arm-none-eabi-gcc "../Core/Src/main.c" -mcpu=cortex-m4 -std=gnu11 -g3 -DDEBUG -DUSE_HAL_DRIVER -DSTM32F411xE -c -I../Core/Inc -I../Drivers/STM32F4xx_HAL_Driver/Inc -I../Drivers/STM32F4xx_HAL_Driver/Inc/Legacy -I../Drivers/CMSIS/Device/ST/STM32F4xx/Include -I../Drivers/CMSIS/Include -I../Middlewares/Third_Party/FreeRTOS/Source/include -I../Middlewares/Third_Party/FreeRTOS/Source/CMSIS_RTOS_V2 -I../Middlewares/Third_Party/FreeRTOS/Source/portable/GCC/ARM_CM4F -O0 -ffunction-sections -fdata-sections -Wall -Wno-reentrant -fstack-usage -fcyclomatic-complexity -MMD -MP -MF"Core/Src/main.d" -MT"Core/Src/main.o" --specs=nano.specs -mfpu=fpv4-sp-d16 -mfloat-abi=hard -mthumb -o "Core/Src/main.o"
arm-none-eabi-gcc -o "ODYSSEY_Cubesat.elf" @"objects.list"   -mcpu=cortex-m4 -T"C:\Users\lucas\OneDrive\Desktop\Cubesat\A0-GITHUB\Cubesat-ODYSSEY\ODYSSEY_WS\ODYSSEY_Cubesat\STM32F411CEUX_FLASH.ld" --specs=nosys.specs -Wl,-Map="ODYSSEY_Cubesat.map" -Wl,--gc-sections -static --specs=nano.specs -mfpu=fpv4-sp-d16 -mfloat-abi=hard -mthumb -Wl,--start-group -lc -lm -Wl,--end-group
Finished building target: ODYSSEY_Cubesat.elf
 
arm-none-eabi-size  ODYSSEY_Cubesat.elf 
arm-none-eabi-objdump -h -S ODYSSEY_Cubesat.elf  > "ODYSSEY_Cubesat.list"
   text	   data	    bss	    dec	    hex	filename
  47016	     28	  21556	  68600	  10bf8	ODYSSEY_Cubesat.elf
Finished building: default.size.stdout
 
Finished building: ODYSSEY_Cubesat.list
 

22:53:20 Build Finished. 0 errors, 0 warnings. (took 1s.964ms)

