Archive member included to satisfy reference by file (symbol)

C:/ST/STM32CubeIDE_1.19.0/STM32CubeIDE/plugins/com.st.stm32cube.ide.mcu.externaltools.gnu-tools-for-stm32.13.3.rel1.win32_1.0.0.202411081344/tools/bin/../lib/gcc/arm-none-eabi/13.3.1/../../../../arm-none-eabi/lib/thumb/v7e-m+fp/hard\libc_nano.a(libc_a-exit.o)
                              C:/ST/STM32CubeIDE_1.19.0/STM32CubeIDE/plugins/com.st.stm32cube.ide.mcu.externaltools.gnu-tools-for-stm32.13.3.rel1.win32_1.0.0.202411081344/tools/bin/../lib/gcc/arm-none-eabi/13.3.1/../../../../arm-none-eabi/lib/thumb/v7e-m+fp/hard/crt0.o (exit)
C:/ST/STM32CubeIDE_1.19.0/STM32CubeIDE/plugins/com.st.stm32cube.ide.mcu.externaltools.gnu-tools-for-stm32.13.3.rel1.win32_1.0.0.202411081344/tools/bin/../lib/gcc/arm-none-eabi/13.3.1/../../../../arm-none-eabi/lib/thumb/v7e-m+fp/hard\libc_nano.a(libc_a-findfp.o)
                              C:/ST/STM32CubeIDE_1.19.0/STM32CubeIDE/plugins/com.st.stm32cube.ide.mcu.externaltools.gnu-tools-for-stm32.13.3.rel1.win32_1.0.0.202411081344/tools/bin/../lib/gcc/arm-none-eabi/13.3.1/../../../../arm-none-eabi/lib/thumb/v7e-m+fp/hard\libc_nano.a(libc_a-exit.o) (__stdio_exit_handler)
C:/ST/STM32CubeIDE_1.19.0/STM32CubeIDE/plugins/com.st.stm32cube.ide.mcu.externaltools.gnu-tools-for-stm32.13.3.rel1.win32_1.0.0.202411081344/tools/bin/../lib/gcc/arm-none-eabi/13.3.1/../../../../arm-none-eabi/lib/thumb/v7e-m+fp/hard\libc_nano.a(libc_a-fwalk.o)
                              C:/ST/STM32CubeIDE_1.19.0/STM32CubeIDE/plugins/com.st.stm32cube.ide.mcu.externaltools.gnu-tools-for-stm32.13.3.rel1.win32_1.0.0.202411081344/tools/bin/../lib/gcc/arm-none-eabi/13.3.1/../../../../arm-none-eabi/lib/thumb/v7e-m+fp/hard\libc_nano.a(libc_a-findfp.o) (_fwalk_sglue)
C:/ST/STM32CubeIDE_1.19.0/STM32CubeIDE/plugins/com.st.stm32cube.ide.mcu.externaltools.gnu-tools-for-stm32.13.3.rel1.win32_1.0.0.202411081344/tools/bin/../lib/gcc/arm-none-eabi/13.3.1/../../../../arm-none-eabi/lib/thumb/v7e-m+fp/hard\libc_nano.a(libc_a-stdio.o)
                              C:/ST/STM32CubeIDE_1.19.0/STM32CubeIDE/plugins/com.st.stm32cube.ide.mcu.externaltools.gnu-tools-for-stm32.13.3.rel1.win32_1.0.0.202411081344/tools/bin/../lib/gcc/arm-none-eabi/13.3.1/../../../../arm-none-eabi/lib/thumb/v7e-m+fp/hard\libc_nano.a(libc_a-findfp.o) (__sread)
C:/ST/STM32CubeIDE_1.19.0/STM32CubeIDE/plugins/com.st.stm32cube.ide.mcu.externaltools.gnu-tools-for-stm32.13.3.rel1.win32_1.0.0.202411081344/tools/bin/../lib/gcc/arm-none-eabi/13.3.1/../../../../arm-none-eabi/lib/thumb/v7e-m+fp/hard\libc_nano.a(libc_a-memset.o)
                              C:/ST/STM32CubeIDE_1.19.0/STM32CubeIDE/plugins/com.st.stm32cube.ide.mcu.externaltools.gnu-tools-for-stm32.13.3.rel1.win32_1.0.0.202411081344/tools/bin/../lib/gcc/arm-none-eabi/13.3.1/../../../../arm-none-eabi/lib/thumb/v7e-m+fp/hard/crt0.o (memset)
C:/ST/STM32CubeIDE_1.19.0/STM32CubeIDE/plugins/com.st.stm32cube.ide.mcu.externaltools.gnu-tools-for-stm32.13.3.rel1.win32_1.0.0.202411081344/tools/bin/../lib/gcc/arm-none-eabi/13.3.1/../../../../arm-none-eabi/lib/thumb/v7e-m+fp/hard\libc_nano.a(libc_a-closer.o)
                              C:/ST/STM32CubeIDE_1.19.0/STM32CubeIDE/plugins/com.st.stm32cube.ide.mcu.externaltools.gnu-tools-for-stm32.13.3.rel1.win32_1.0.0.202411081344/tools/bin/../lib/gcc/arm-none-eabi/13.3.1/../../../../arm-none-eabi/lib/thumb/v7e-m+fp/hard\libc_nano.a(libc_a-stdio.o) (_close_r)
C:/ST/STM32CubeIDE_1.19.0/STM32CubeIDE/plugins/com.st.stm32cube.ide.mcu.externaltools.gnu-tools-for-stm32.13.3.rel1.win32_1.0.0.202411081344/tools/bin/../lib/gcc/arm-none-eabi/13.3.1/../../../../arm-none-eabi/lib/thumb/v7e-m+fp/hard\libc_nano.a(libc_a-reent.o)
                              C:/ST/STM32CubeIDE_1.19.0/STM32CubeIDE/plugins/com.st.stm32cube.ide.mcu.externaltools.gnu-tools-for-stm32.13.3.rel1.win32_1.0.0.202411081344/tools/bin/../lib/gcc/arm-none-eabi/13.3.1/../../../../arm-none-eabi/lib/thumb/v7e-m+fp/hard\libc_nano.a(libc_a-closer.o) (errno)
C:/ST/STM32CubeIDE_1.19.0/STM32CubeIDE/plugins/com.st.stm32cube.ide.mcu.externaltools.gnu-tools-for-stm32.13.3.rel1.win32_1.0.0.202411081344/tools/bin/../lib/gcc/arm-none-eabi/13.3.1/../../../../arm-none-eabi/lib/thumb/v7e-m+fp/hard\libc_nano.a(libc_a-impure.o)
                              C:/ST/STM32CubeIDE_1.19.0/STM32CubeIDE/plugins/com.st.stm32cube.ide.mcu.externaltools.gnu-tools-for-stm32.13.3.rel1.win32_1.0.0.202411081344/tools/bin/../lib/gcc/arm-none-eabi/13.3.1/../../../../arm-none-eabi/lib/thumb/v7e-m+fp/hard\libc_nano.a(libc_a-reent.o) (_impure_ptr)
C:/ST/STM32CubeIDE_1.19.0/STM32CubeIDE/plugins/com.st.stm32cube.ide.mcu.externaltools.gnu-tools-for-stm32.13.3.rel1.win32_1.0.0.202411081344/tools/bin/../lib/gcc/arm-none-eabi/13.3.1/../../../../arm-none-eabi/lib/thumb/v7e-m+fp/hard\libc_nano.a(libc_a-lseekr.o)
[...]
Memory Configuration

Name             Origin             Length             Attributes
RAM              0x20000000         0x00020000         xrw
FLASH            0x08000000         0x00080000         xr
*default*        0x00000000         0xffffffff

Linker script and memory map

LOAD C:/ST/STM32CubeIDE_1.19.0/STM32CubeIDE/plugins/com.st.stm32cube.ide.mcu.externaltools.gnu-tools-for-stm32.13.3.rel1.win32_1.0.0.202411081344/tools/bin/../lib/gcc/arm-none-eabi/13.3.1/thumb/v7e-m+fp/hard/crti.o
LOAD C:/ST/STM32CubeIDE_1.19.0/STM32CubeIDE/plugins/com.st.stm32cube.ide.mcu.externaltools.gnu-tools-for-stm32.13.3.rel1.win32_1.0.0.202411081344/tools/bin/../lib/gcc/arm-none-eabi/13.3.1/thumb/v7e-m+fp/hard/crtbegin.o
LOAD C:/ST/STM32CubeIDE_1.19.0/STM32CubeIDE/plugins/com.st.stm32cube.ide.mcu.externaltools.gnu-tools-for-stm32.13.3.rel1.win32_1.0.0.202411081344/tools/bin/../lib/gcc/arm-none-eabi/13.3.1/../../../../arm-none-eabi/lib/thumb/v7e-m+fp/hard/crt0.o
LOAD ./Core/Src/BNO055.o
LOAD ./Core/Src/CRC.o
LOAD ./Core/Src/E220_900T22D.o
LOAD ./Core/Src/GPS_NEO6M.o
LOAD ./Core/Src/IMU.o
LOAD ./Core/Src/MPU6050.o
LOAD ./Core/Src/PID_Control.o
LOAD ./Core/Src/Telemetry.o
LOAD ./Core/Src/adc.o
LOAD ./Core/Src/dma.o
LOAD ./Core/Src/freertos.o
LOAD ./Core/Src/gpio.o
LOAD ./Core/Src/i2c.o
LOAD ./Core/Src/main.o
LOAD ./Core/Src/stm32f4xx_hal_msp.o
LOAD ./Core/Src/stm32f4xx_hal_timebase_tim.o
LOAD ./Core/Src/stm32f4xx_it.o
LOAD ./Core/Src/syscalls.o
LOAD ./Core/Src/sysmem.o
LOAD ./Core/Src/system_stm32f4xx.o
LOAD ./Core/Src/tim.o
LOAD ./Core/Src/usart.o
LOAD ./Core/Startup/startup_stm32f411ceux.o
LOAD ./Drivers/STM32F4xx_HAL_Driver/Src/stm32f4xx_hal.o
LOAD ./Drivers/STM32F4xx_HAL_Driver/Src/stm32f4xx_hal_adc.o
LOAD ./Drivers/STM32F4xx_HAL_Driver/Src/stm32f4xx_hal_adc_ex.o
LOAD ./Drivers/STM32F4xx_HAL_Driver/Src/stm32f4xx_hal_cortex.o
LOAD ./Drivers/STM32F4xx_HAL_Driver/Src/stm32f4xx_hal_dma.o
LOAD ./Drivers/STM32F4xx_HAL_Driver/Src/stm32f4xx_hal_dma_ex.o
LOAD ./Drivers/STM32F4xx_HAL_Driver/Src/stm32f4xx_hal_exti.o
LOAD ./Drivers/STM32F4xx_HAL_Driver/Src/stm32f4xx_hal_flash.o
LOAD ./Drivers/STM32F4xx_HAL_Driver/Src/stm32f4xx_hal_flash_ex.o
LOAD ./Drivers/STM32F4xx_HAL_Driver/Src/stm32f4xx_hal_flash_ramfunc.o
LOAD ./Drivers/STM32F4xx_HAL_Driver/Src/stm32f4xx_hal_gpio.o
LOAD ./Drivers/STM32F4xx_HAL_Driver/Src/stm32f4xx_hal_i2c.o
LOAD ./Drivers/STM32F4xx_HAL_Driver/Src/stm32f4xx_hal_i2c_ex.o
LOAD ./Drivers/STM32F4xx_HAL_Driver/Src/stm32f4xx_hal_pwr.o
LOAD ./Drivers/STM32F4xx_HAL_Driver/Src/stm32f4xx_hal_pwr_ex.o
LOAD ./Drivers/STM32F4xx_HAL_Driver/Src/stm32f4xx_hal_rcc.o
LOAD ./Drivers/STM32F4xx_HAL_Driver/Src/stm32f4xx_hal_rcc_ex.o
LOAD ./Drivers/STM32F4xx_HAL_Driver/Src/stm32f4xx_hal_tim.o
LOAD ./Drivers/STM32F4xx_HAL_Driver/Src/stm32f4xx_hal_tim_ex.o
LOAD ./Drivers/STM32F4xx_HAL_Driver/Src/stm32f4xx_hal_uart.o
LOAD ./Drivers/STM32F4xx_HAL_Driver/Src/stm32f4xx_ll_adc.o
LOAD ./Middlewares/Third_Party/FreeRTOS/Source/CMSIS_RTOS_V2/cmsis_os2.o
LOAD ./Middlewares/Third_Party/FreeRTOS/Source/croutine.o
LOAD ./Middlewares/Third_Party/FreeRTOS/Source/event_groups.o
LOAD ./Middlewares/Third_Party/FreeRTOS/Source/list.o
LOAD ./Middlewares/Third_Party/FreeRTOS/Source/queue.o
LOAD ./Middlewares/Third_Party/FreeRTOS/Source/stream_buffer.o
LOAD ./Middlewares/Third_Party/FreeRTOS/Source/tasks.o
LOAD ./Middlewares/Third_Party/FreeRTOS/Source/timers.o
LOAD ./Middlewares/Third_Party/FreeRTOS/Source/portable/GCC/ARM_CM4F/port.o
LOAD ./Middlewares/Third_Party/FreeRTOS/Source/portable/MemMang/heap_4.o
START GROUP
LOAD C:/ST/STM32CubeIDE_1.19.0/STM32CubeIDE/plugins/com.st.stm32cube.ide.mcu.externaltools.gnu-tools-for-stm32.13.3.rel1.win32_1.0.0.202411081344/tools/bin/../lib/gcc/arm-none-eabi/13.3.1/../../../../arm-none-eabi/lib/thumb/v7e-m+fp/hard\libc_nano.a
LOAD C:/ST/STM32CubeIDE_1.19.0/STM32CubeIDE/plugins/com.st.stm32cube.ide.mcu.externaltools.gnu-tools-for-stm32.13.3.rel1.win32_1.0.0.202411081344/tools/bin/../lib/gcc/arm-none-eabi/13.3.1/../../../../arm-none-eabi/lib/thumb/v7e-m+fp/hard\libm.a
END GROUP
START GROUP
LOAD C:/ST/STM32CubeIDE_1.19.0/STM32CubeIDE/plugins/com.st.stm32cube.ide.mcu.externaltools.gnu-tools-for-stm32.13.3.rel1.win32_1.0.0.202411081344/tools/bin/../lib/gcc/arm-none-eabi/13.3.1/thumb/v7e-m+fp/hard\libgcc.a
LOAD C:/ST/STM32CubeIDE_1.19.0/STM32CubeIDE/plugins/com.st.stm32cube.ide.mcu.externaltools.gnu-tools-for-stm32.13.3.rel1.win32_1.0.0.202411081344/tools/bin/../lib/gcc/arm-none-eabi/13.3.1/../../../../arm-none-eabi/lib/thumb/v7e-m+fp/hard\libc_nano.a
END GROUP
START GROUP
LOAD C:/ST/STM32CubeIDE_1.19.0/STM32CubeIDE/plugins/com.st.stm32cube.ide.mcu.externaltools.gnu-tools-for-stm32.13.3.rel1.win32_1.0.0.202411081344/tools/bin/../lib/gcc/arm-none-eabi/13.3.1/thumb/v7e-m+fp/hard\libgcc.a
LOAD C:/ST/STM32CubeIDE_1.19.0/STM32CubeIDE/plugins/com.st.stm32cube.ide.mcu.externaltools.gnu-tools-for-stm32.13.3.rel1.win32_1.0.0.202411081344/tools/bin/../lib/gcc/arm-none-eabi/13.3.1/../../../../arm-none-eabi/lib/thumb/v7e-m+fp/hard\libc_nano.a
LOAD C:/ST/STM32CubeIDE_1.19.0/STM32CubeIDE/plugins/com.st.stm32cube.ide.mcu.externaltools.gnu-tools-for-stm32.13.3.rel1.win32_1.0.0.202411081344/tools/bin/../lib/gcc/arm-none-eabi/13.3.1/../../../../arm-none-eabi/lib/thumb/v7e-m+fp/hard\libnosys.a
END GROUP
START GROUP
LOAD C:/ST/STM32CubeIDE_1.19.0/STM32CubeIDE/plugins/com.st.stm32cube.ide.mcu.externaltools.gnu-tools-for-stm32.13.3.rel1.win32_1.0.0.202411081344/tools/bin/../lib/gcc/arm-none-eabi/13.3.1/thumb/v7e-m+fp/hard\libgcc.a
LOAD C:/ST/STM32CubeIDE_1.19.0/STM32CubeIDE/plugins/com.st.stm32cube.ide.mcu.externaltools.gnu-tools-for-stm32.13.3.rel1.win32_1.0.0.202411081344/tools/bin/../lib/gcc/arm-none-eabi/13.3.1/../../../../arm-none-eabi/lib/thumb/v7e-m+fp/hard\libc_nano.a
LOAD C:/ST/STM32CubeIDE_1.19.0/STM32CubeIDE/plugins/com.st.stm32cube.ide.mcu.externaltools.gnu-tools-for-stm32.13.3.rel1.win32_1.0.0.202411081344/tools/bin/../lib/gcc/arm-none-eabi/13.3.1/../../../../arm-none-eabi/lib/thumb/v7e-m+fp/hard\libnosys.a
END GROUP
LOAD C:/ST/STM32CubeIDE_1.19.0/STM32CubeIDE/plugins/com.st.stm32cube.ide.mcu.externaltools.gnu-tools-for-stm32.13.3.rel1.win32_1.0.0.202411081344/tools/bin/../lib/gcc/arm-none-eabi/13.3.1/thumb/v7e-m+fp/hard/crtend.o
LOAD C:/ST/STM32CubeIDE_1.19.0/STM32CubeIDE/plugins/com.st.stm32cube.ide.mcu.externaltools.gnu-tools-for-stm32.13.3.rel1.win32_1.0.0.202411081344/tools/bin/../lib/gcc/arm-none-eabi/13.3.1/thumb/v7e-m+fp/hard/crtn.o
                0x20020000                        _estack = (ORIGIN (RAM) + LENGTH (RAM))
                0x00000200                        _Min_Heap_Size = 0x200
                0x00000400                        _Min_Stack_Size = 0x400

.isr_vector     0x08000000      0x198
                0x08000000                        . = ALIGN (0x4)
 *(.isr_vector)
 .isr_vector    0x08000000      0x198 ./Core/Startup/startup_stm32f411ceux.o
                0x08000000                g_pfnVectors
                0x08000198                        . = ALIGN (0x4)

.text           0x080001a0     0xb334
                0x080001a0                        . = ALIGN (0x4)
 *(.text)
 .text          0x080001a0       0x40 C:/ST/STM32CubeIDE_1.19.0/STM32CubeIDE/plugins/com.st.stm32cube.ide.mcu.externaltools.gnu-tools-for-stm32.13.3.rel1.win32_1.0.0.202411081344/tools/bin/../lib/gcc/arm-none-eabi/13.3.1/thumb/v7e-m+fp/hard/crtbegin.o
 .text          0x080001e0      0x254 C:/ST/STM32CubeIDE_1.19.0/STM32CubeIDE/plugins/com.st.stm32cube.ide.mcu.externaltools.gnu-tools-for-stm32.13.3.rel1.win32_1.0.0.202411081344/tools/bin/../lib/gcc/arm-none-eabi/13.3.1/thumb/v7e-m+fp/hard\libgcc.a(_arm_muldf3.o)
                0x080001e0                __muldf3
                0x080001e0                __aeabi_dmul
 .text          0x08000434      0x378 C:/ST/STM32CubeIDE_1.19.0/STM32CubeIDE/plugins/com.st.stm32cube.ide.mcu.externaltools.gnu-tools-for-stm32.13.3.rel1.win32_1.0.0.202411081344/tools/bin/../lib/gcc/arm-none-eabi/13.3.1/thumb/v7e-m+fp/hard\libgcc.a(_arm_addsubdf3.o)
                0x08000434                __aeabi_drsub
                0x0800043c                __aeabi_dsub
                0x0800043c                __subdf3
                0x08000440                __aeabi_dadd
                0x08000440                __adddf3
                0x080006b8                __floatunsidf
                0x080006b8                __aeabi_ui2d
                0x080006d8                __floatsidf
                0x080006d8                __aeabi_i2d
                0x080006fc                __aeabi_f2d
                0x080006fc                __extendsfdf2
                0x08000740                __floatundidf
                0x08000740                __aeabi_ul2d
                0x08000750                __floatdidf
                0x08000750                __aeabi_l2d
 .text          0x080007ac       0xa0 C:/ST/STM32CubeIDE_1.19.0/STM32CubeIDE/plugins/com.st.stm32cube.ide.mcu.externaltools.gnu-tools-for-stm32.13.3.rel1.win32_1.0.0.202411081344/tools/bin/../lib/gcc/arm-none-eabi/13.3.1/thumb/v7e-m+fp/hard\libgcc.a(_arm_truncdfsf2.o)
                0x080007ac                __truncdfsf2
                0x080007ac                __aeabi_d2f
 .text          0x0800084c       0x30 C:/ST/STM32CubeIDE_1.19.0/STM32CubeIDE/plugins/com.st.stm32cube.ide.mcu.externaltools.gnu-tools-for-stm32.13.3.rel1.win32_1.0.0.202411081344/tools/bin/../lib/gcc/arm-none-eabi/13.3.1/thumb/v7e-m+fp/hard\libgcc.a(_aeabi_uldivmod.o)
                0x0800084c                __aeabi_uldivmod
 .text          0x0800087c      0x2f8 C:/ST/STM32CubeIDE_1.19.0/STM32CubeIDE/plugins/com.st.stm32cube.ide.mcu.externaltools.gnu-tools-for-stm32.13.3.rel1.win32_1.0.0.202411081344/tools/bin/../lib/gcc/arm-none-eabi/13.3.1/thumb/v7e-m+fp/hard\libgcc.a(_udivmoddi4.o)
                0x0800087c                __udivmoddi4
 .text          0x08000b74        0x4 C:/ST/STM32CubeIDE_1.19.0/STM32CubeIDE/plugins/com.st.stm32cube.ide.mcu.externaltools.gnu-tools-for-stm32.13.3.rel1.win32_1.0.0.202411081344/tools/bin/../lib/gcc/arm-none-eabi/13.3.1/thumb/v7e-m+fp/hard\libgcc.a(_dvmd_tls.o)
                0x08000b74                __aeabi_idiv0
                0x08000b74                __aeabi_ldiv0
 *(.text*)
 .text.BNO055_Init
                0x08000b78       0xa8 ./Core/Src/BNO055.o
                0x08000b78                BNO055_Init
 .text.BNO055_StartRead_DMA
                0x08000c20       0x28 ./Core/Src/BNO055.o
                0x08000c20                BNO055_StartRead_DMA
 .text.BNO055_FinishRead_DMA
                0x08000c48      0x174 ./Core/Src/BNO055.o
                0x08000c48                BNO055_FinishRead_DMA
 .text.BNO055_I2C_Reset
                0x08000dbc       0x28 ./Core/Src/BNO055.o
                0x08000dbc                BNO055_I2C_Reset
 .text.CRC16_CCITT
                0x08000de4       0x58 ./Core/Src/CRC.o
                0x08000de4                CRC16_CCITT
 .text.Encode_TelemetryPacket
                0x08000e3c      0x114 ./Core/Src/Telemetry.o
                0x08000e3c                Encode_TelemetryPacket
 .text.Encode_HouseKeepingPacket
                0x08000f50      0x1e8 ./Core/Src/Telemetry.o
                0x08000f50                Encode_HouseKeepingPacket
 .text.Decode_CommandPacket
                0x08001138       0xf8 ./Core/Src/Telemetry.o
                0x08001138                Decode_CommandPacket
 .text.MX_ADC1_Init
                0x08001230       0xc0 ./Core/Src/adc.o
                0x08001230                MX_ADC1_Init
 .text.HAL_ADC_MspInit
                0x080012f0       0xf0 ./Core/Src/adc.o
                0x080012f0                HAL_ADC_MspInit
 .text.MX_DMA_Init
                0x080013e0       0x8c ./Core/Src/dma.o
                0x080013e0                MX_DMA_Init
 .text.MX_FREERTOS_Init
                0x0800146c       0x58 ./Core/Src/freertos.o
                0x0800146c                MX_FREERTOS_Init
 .text.StartDefaultTask
                0x080014c4       0x12 ./Core/Src/freertos.o
                0x080014c4                StartDefaultTask
 *fill*         0x080014d6        0x2 
 .text.MX_GPIO_Init
                0x080014d8      0x104 ./Core/Src/gpio.o
                0x080014d8                MX_GPIO_Init
 .text.MX_I2C1_Init
                0x080015dc       0x5c ./Core/Src/i2c.o
                0x080015dc                MX_I2C1_Init
 .text.HAL_I2C_MspInit
                0x08001638       0xf8 ./Core/Src/i2c.o
                0x08001638                HAL_I2C_MspInit
 .text.HAL_I2C_MspDeInit
                0x08001730       0x50 ./Core/Src/i2c.o
                0x08001730                HAL_I2C_MspDeInit
 .text.main     0x08001780       0xcc ./Core/Src/main.o
                0x08001780                main
 .text.SystemClock_Config
                0x0800184c       0xd0 ./Core/Src/main.o
                0x0800184c                SystemClock_Config
 .text.E220_Init
                0x0800191c       0x30 ./Core/Src/main.o
                0x0800191c                E220_Init
 .text.PWM_Init
                0x0800194c       0x6c ./Core/Src/main.o
                0x0800194c                PWM_Init
 .text.HAL_UARTEx_RxEventCallback
                0x080019b8      0x108 ./Core/Src/main.o
                0x080019b8                HAL_UARTEx_RxEventCallback
 .text.Send_to_GroundStation_Telemetry
                0x08001ac0       0x90 ./Core/Src/main.o
                0x08001ac0                Send_to_GroundStation_Telemetry
 .text.Send_to_GroundStation_HouseKeeping
                0x08001b50       0xf8 ./Core/Src/main.o
                0x08001b50                Send_to_GroundStation_HouseKeeping
 .text.AttitudeControl_ISR
                0x08001c48       0xcc ./Core/Src/main.o
                0x08001c48                AttitudeControl_ISR
 .text.BRAKE_ROLL
                0x08001d14       0x24 ./Core/Src/main.o
                0x08001d14                BRAKE_ROLL
 .text.BRAKE_PITCH
                0x08001d38       0x24 ./Core/Src/main.o
                0x08001d38                BRAKE_PITCH
 .text.BRAKE_YAW
                0x08001d5c       0x22 ./Core/Src/main.o
                0x08001d5c                BRAKE_YAW
 *fill*         0x08001d7e        0x2 
 .text.AttitudeControl_Callback
                0x08001d80       0xf0 ./Core/Src/main.o
                0x08001d80                AttitudeControl_Callback
 .text.HAL_I2C_MemRxCpltCallback
                0x08001e70       0x24 ./Core/Src/main.o
                0x08001e70                HAL_I2C_MemRxCpltCallback
 .text.P_Control
                0x08001e94       0x96 ./Core/Src/main.o
                0x08001e94                P_Control
 *fill*         0x08001f2a        0x2 
 .text.HAL_I2C_ErrorCallback
                0x08001f2c       0x30 ./Core/Src/main.o
                0x08001f2c                HAL_I2C_ErrorCallback
 .text.HAL_TIM_PeriodElapsedCallback
                0x08001f5c       0x34 ./Core/Src/main.o
                0x08001f5c                HAL_TIM_PeriodElapsedCallback
 .text.Error_Handler
                0x08001f90        0xc ./Core/Src/main.o
                0x08001f90                Error_Handler
 .text.HAL_MspInit
                0x08001f9c       0x58 ./Core/Src/stm32f4xx_hal_msp.o
                0x08001f9c                HAL_MspInit
 .text.HAL_InitTick
                0x08001ff4       0xf8 ./Core/Src/stm32f4xx_hal_timebase_tim.o
                0x08001ff4                HAL_InitTick
 .text.NMI_Handler
                0x080020ec        0x8 ./Core/Src/stm32f4xx_it.o
                0x080020ec                NMI_Handler
 .text.HardFault_Handler
                0x080020f4        0x8 ./Core/Src/stm32f4xx_it.o
                0x080020f4                HardFault_Handler
 .text.MemManage_Handler
                0x080020fc        0x8 ./Core/Src/stm32f4xx_it.o
                0x080020fc                MemManage_Handler
 .text.BusFault_Handler
                0x08002104        0x8 ./Core/Src/stm32f4xx_it.o
                0x08002104                BusFault_Handler
 .text.UsageFault_Handler
                0x0800210c        0x8 ./Core/Src/stm32f4xx_it.o
                0x0800210c                UsageFault_Handler
 .text.DebugMon_Handler
                0x08002114        0xe ./Core/Src/stm32f4xx_it.o
                0x08002114                DebugMon_Handler
 *fill*         0x08002122        0x2 
 .text.DMA1_Stream0_IRQHandler
                0x08002124       0x14 ./Core/Src/stm32f4xx_it.o
                0x08002124                DMA1_Stream0_IRQHandler
 .text.DMA1_Stream5_IRQHandler
                0x08002138       0x14 ./Core/Src/stm32f4xx_it.o
                0x08002138                DMA1_Stream5_IRQHandler
 .text.DMA1_Stream6_IRQHandler
                0x0800214c       0x14 ./Core/Src/stm32f4xx_it.o
                0x0800214c                DMA1_Stream6_IRQHandler
 .text.TIM1_BRK_TIM9_IRQHandler
                0x08002160       0x14 ./Core/Src/stm32f4xx_it.o
                0x08002160                TIM1_BRK_TIM9_IRQHandler
 .text.TIM4_IRQHandler
                0x08002174       0x14 ./Core/Src/stm32f4xx_it.o
                0x08002174                TIM4_IRQHandler
 .text.USART2_IRQHandler
                0x08002188       0x14 ./Core/Src/stm32f4xx_it.o
                0x08002188                USART2_IRQHandler
 .text.TIM5_IRQHandler
                0x0800219c       0x14 ./Core/Src/stm32f4xx_it.o
                0x0800219c                TIM5_IRQHandler
 .text.DMA2_Stream0_IRQHandler
                0x080021b0       0x14 ./Core/Src/stm32f4xx_it.o
                0x080021b0                DMA2_Stream0_IRQHandler
 .text.SystemInit
                0x080021c4       0x24 ./Core/Src/system_stm32f4xx.o
                0x080021c4                SystemInit
 .text.MX_TIM1_Init
                0x080021e8      0x188 ./Core/Src/tim.o
                0x080021e8                MX_TIM1_Init
 .text.MX_TIM2_Init
                0x08002370      0x100 ./Core/Src/tim.o
                0x08002370                MX_TIM2_Init
 .text.MX_TIM3_Init
                0x08002470       0x9c ./Core/Src/tim.o
                0x08002470                MX_TIM3_Init
 .text.MX_TIM4_Init
                0x0800250c       0x9c ./Core/Src/tim.o
                0x0800250c                MX_TIM4_Init
 .text.HAL_TIM_Base_MspInit
                0x080025a8       0xe0 ./Core/Src/tim.o
                0x080025a8                HAL_TIM_Base_MspInit
 .text.HAL_TIM_MspPostInit
                0x08002688      0x13c ./Core/Src/tim.o
                0x08002688                HAL_TIM_MspPostInit
 .text.MX_USART1_UART_Init
                0x080027c4       0x54 ./Core/Src/usart.o
                0x080027c4                MX_USART1_UART_Init
 .text.MX_USART2_UART_Init
                0x08002818       0x54 ./Core/Src/usart.o
                0x08002818                MX_USART2_UART_Init
 .text.HAL_UART_MspInit
                0x0800286c      0x1d8 ./Core/Src/usart.o
                0x0800286c                HAL_UART_MspInit
 .text.Reset_Handler
                0x08002a44       0x50 ./Core/Startup/startup_stm32f411ceux.o
                0x08002a44                Reset_Handler
 .text.Default_Handler
                0x08002a94        0x2 ./Core/Startup/startup_stm32f411ceux.o
                0x08002a94                RTC_Alarm_IRQHandler
                0x08002a94                EXTI2_IRQHandler
                0x08002a94                SPI4_IRQHandler
                0x08002a94                TIM1_CC_IRQHandler
                0x08002a94                DMA2_Stream5_IRQHandler
                0x08002a94                PVD_IRQHandler
                0x08002a94                SDIO_IRQHandler
                0x08002a94                TAMP_STAMP_IRQHandler
                0x08002a94                EXTI3_IRQHandler
                0x08002a94                TIM1_UP_TIM10_IRQHandler
                0x08002a94                I2C3_ER_IRQHandler
                0x08002a94                EXTI0_IRQHandler
                0x08002a94                I2C2_EV_IRQHandler
                0x08002a94                DMA1_Stream2_IRQHandler
                0x08002a94                FPU_IRQHandler
                0x08002a94                DMA2_Stream2_IRQHandler
                0x08002a94                SPI1_IRQHandler
                0x08002a94                DMA2_Stream3_IRQHandler
                0x08002a94                USART6_IRQHandler
                0x08002a94                I2C1_EV_IRQHandler
                0x08002a94                DMA1_Stream1_IRQHandler
                0x08002a94                TIM3_IRQHandler
                0x08002a94                RCC_IRQHandler
                0x08002a94                Default_Handler
                0x08002a94                EXTI15_10_IRQHandler
                0x08002a94                ADC_IRQHandler
                0x08002a94                DMA1_Stream7_IRQHandler
                0x08002a94                SPI5_IRQHandler
                0x08002a94                DMA2_Stream7_IRQHandler
                0x08002a94                I2C3_EV_IRQHandler
                0x08002a94                EXTI9_5_IRQHandler
                0x08002a94                RTC_WKUP_IRQHandler
                0x08002a94                SPI2_IRQHandler
                0x08002a94                EXTI4_IRQHandler
                0x08002a94                WWDG_IRQHandler
                0x08002a94                TIM2_IRQHandler
                0x08002a94                OTG_FS_WKUP_IRQHandler
                0x08002a94                TIM1_TRG_COM_TIM11_IRQHandler
                0x08002a94                EXTI1_IRQHandler
                0x08002a94                I2C2_ER_IRQHandler
                0x08002a94                DMA2_Stream1_IRQHandler
                0x08002a94                FLASH_IRQHandler
                0x08002a94                DMA2_Stream4_IRQHandler
                0x08002a94                USART1_IRQHandler
                0x08002a94                OTG_FS_IRQHandler
                0x08002a94                SPI3_IRQHandler
                0x08002a94                DMA1_Stream4_IRQHandler
                0x08002a94                I2C1_ER_IRQHandler
                0x08002a94                DMA2_Stream6_IRQHandler
                0x08002a94                DMA1_Stream3_IRQHandler
 *fill*         0x08002a96        0x2 
 .text.HAL_Init
                0x08002a98       0x44 ./Drivers/STM32F4xx_HAL_Driver/Src/stm32f4xx_hal.o
                0x08002a98                HAL_Init
 .text.HAL_IncTick
                0x08002adc       0x28 ./Drivers/STM32F4xx_HAL_Driver/Src/stm32f4xx_hal.o
                0x08002adc                HAL_IncTick
 .text.HAL_GetTick
                0x08002b04       0x18 ./Drivers/STM32F4xx_HAL_Driver/Src/stm32f4xx_hal.o
                0x08002b04                HAL_GetTick
 .text.HAL_Delay
                0x08002b1c       0x48 ./Drivers/STM32F4xx_HAL_Driver/Src/stm32f4xx_hal.o
                0x08002b1c                HAL_Delay
 .text.HAL_ADC_Init
                0x08002b64       0x86 ./Drivers/STM32F4xx_HAL_Driver/Src/stm32f4xx_hal_adc.o
                0x08002b64                HAL_ADC_Init
 *fill*         0x08002bea        0x2 
 .text.HAL_ADC_Start_DMA
                0x08002bec      0x1e8 ./Drivers/STM32F4xx_HAL_Driver/Src/stm32f4xx_hal_adc.o
                0x08002bec                HAL_ADC_Start_DMA
 .text.HAL_ADC_ConvCpltCallback
                0x08002dd4       0x14 ./Drivers/STM32F4xx_HAL_Driver/Src/stm32f4xx_hal_adc.o
                0x08002dd4                HAL_ADC_ConvCpltCallback
 .text.HAL_ADC_ConvHalfCpltCallback
                0x08002de8       0x14 ./Drivers/STM32F4xx_HAL_Driver/Src/stm32f4xx_hal_adc.o
                0x08002de8                HAL_ADC_ConvHalfCpltCallback
 .text.HAL_ADC_ErrorCallback
                0x08002dfc       0x14 ./Drivers/STM32F4xx_HAL_Driver/Src/stm32f4xx_hal_adc.o
                0x08002dfc                HAL_ADC_ErrorCallback
 .text.HAL_ADC_ConfigChannel
                0x08002e10      0x264 ./Drivers/STM32F4xx_HAL_Driver/Src/stm32f4xx_hal_adc.o
                0x08002e10                HAL_ADC_ConfigChannel
 .text.ADC_Init
                0x08003074      0x1f8 ./Drivers/STM32F4xx_HAL_Driver/Src/stm32f4xx_hal_adc.o
 .text.ADC_DMAConvCplt
                0x0800326c       0xba ./Drivers/STM32F4xx_HAL_Driver/Src/stm32f4xx_hal_adc.o
 .text.ADC_DMAHalfConvCplt
                0x08003326       0x1c ./Drivers/STM32F4xx_HAL_Driver/Src/stm32f4xx_hal_adc.o
 .text.ADC_DMAError
                0x08003342       0x2e ./Drivers/STM32F4xx_HAL_Driver/Src/stm32f4xx_hal_adc.o
 .text.__NVIC_SetPriorityGrouping
                0x08003370       0x48 ./Drivers/STM32F4xx_HAL_Driver/Src/stm32f4xx_hal_cortex.o
 .text.__NVIC_GetPriorityGrouping
                0x080033b8       0x1c ./Drivers/STM32F4xx_HAL_Driver/Src/stm32f4xx_hal_cortex.o
 .text.__NVIC_EnableIRQ
                0x080033d4       0x3c ./Drivers/STM32F4xx_HAL_Driver/Src/stm32f4xx_hal_cortex.o
 .text.__NVIC_SetPriority
                0x08003410       0x54 ./Drivers/STM32F4xx_HAL_Driver/Src/stm32f4xx_hal_cortex.o
 .text.NVIC_EncodePriority
                0x08003464       0x66 ./Drivers/STM32F4xx_HAL_Driver/Src/stm32f4xx_hal_cortex.o
 .text.HAL_NVIC_SetPriorityGrouping
                0x080034ca       0x16 ./Drivers/STM32F4xx_HAL_Driver/Src/stm32f4xx_hal_cortex.o
                0x080034ca                HAL_NVIC_SetPriorityGrouping
 .text.HAL_NVIC_SetPriority
                0x080034e0       0x38 ./Drivers/STM32F4xx_HAL_Driver/Src/stm32f4xx_hal_cortex.o
                0x080034e0                HAL_NVIC_SetPriority
 .text.HAL_NVIC_EnableIRQ
                0x08003518       0x1c ./Drivers/STM32F4xx_HAL_Driver/Src/stm32f4xx_hal_cortex.o
                0x08003518                HAL_NVIC_EnableIRQ
 .text.HAL_DMA_Init
                0x08003534      0x15c ./Drivers/STM32F4xx_HAL_Driver/Src/stm32f4xx_hal_dma.o
                0x08003534                HAL_DMA_Init
 .text.HAL_DMA_DeInit
                0x08003690       0xbc ./Drivers/STM32F4xx_HAL_Driver/Src/stm32f4xx_hal_dma.o
                0x08003690                HAL_DMA_DeInit
 .text.HAL_DMA_Start_IT
                0x0800374c       0xb0 ./Drivers/STM32F4xx_HAL_Driver/Src/stm32f4xx_hal_dma.o
                0x0800374c                HAL_DMA_Start_IT
 .text.HAL_DMA_Abort
                0x080037fc       0xe0 ./Drivers/STM32F4xx_HAL_Driver/Src/stm32f4xx_hal_dma.o
                0x080037fc                HAL_DMA_Abort
 .text.HAL_DMA_Abort_IT
                0x080038dc       0x44 ./Drivers/STM32F4xx_HAL_Driver/Src/stm32f4xx_hal_dma.o
                0x080038dc                HAL_DMA_Abort_IT
 .text.HAL_DMA_IRQHandler
                0x08003920      0x314 ./Drivers/STM32F4xx_HAL_Driver/Src/stm32f4xx_hal_dma.o
                0x08003920                HAL_DMA_IRQHandler
 .text.HAL_DMA_GetError
                0x08003c34       0x18 ./Drivers/STM32F4xx_HAL_Driver/Src/stm32f4xx_hal_dma.o
                0x08003c34                HAL_DMA_GetError
 .text.DMA_SetConfig
                0x08003c4c       0x5c ./Drivers/STM32F4xx_HAL_Driver/Src/stm32f4xx_hal_dma.o
 .text.DMA_CalcBaseAndBitshift
                0x08003ca8       0x6c ./Drivers/STM32F4xx_HAL_Driver/Src/stm32f4xx_hal_dma.o
 .text.DMA_CheckFifoParam
                0x08003d14       0xf8 ./Drivers/STM32F4xx_HAL_Driver/Src/stm32f4xx_hal_dma.o
 .text.HAL_GPIO_Init
                0x08003e0c      0x308 ./Drivers/STM32F4xx_HAL_Driver/Src/stm32f4xx_hal_gpio.o
                0x08003e0c                HAL_GPIO_Init
 .text.HAL_GPIO_DeInit
                0x08004114      0x1c8 ./Drivers/STM32F4xx_HAL_Driver/Src/stm32f4xx_hal_gpio.o
                0x08004114                HAL_GPIO_DeInit
 .text.HAL_GPIO_WritePin
                0x080042dc       0x32 ./Drivers/STM32F4xx_HAL_Driver/Src/stm32f4xx_hal_gpio.o
                0x080042dc                HAL_GPIO_WritePin
 .text.HAL_GPIO_TogglePin
                0x0800430e       0x34 ./Drivers/STM32F4xx_HAL_Driver/Src/stm32f4xx_hal_gpio.o
                0x0800430e                HAL_GPIO_TogglePin
 *fill*         0x08004342        0x2 
 .text.HAL_I2C_Init
                0x08004344      0x288 ./Drivers/STM32F4xx_HAL_Driver/Src/stm32f4xx_hal_i2c.o
                0x08004344                HAL_I2C_Init
 .text.HAL_I2C_DeInit
                0x080045cc       0x5e ./Drivers/STM32F4xx_HAL_Driver/Src/stm32f4xx_hal_i2c.o
                0x080045cc                HAL_I2C_DeInit
 *fill*         0x0800462a        0x2 
 .text.HAL_I2C_Mem_Write
                0x0800462c      0x1f4 ./Drivers/STM32F4xx_HAL_Driver/Src/stm32f4xx_hal_i2c.o
                0x0800462c                HAL_I2C_Mem_Write
 .text.HAL_I2C_Mem_Read_DMA
                0x08004820      0x320 ./Drivers/STM32F4xx_HAL_Driver/Src/stm32f4xx_hal_i2c.o
                0x08004820                HAL_I2C_Mem_Read_DMA
 .text.HAL_I2C_MasterRxCpltCallback
                0x08004b40       0x14 ./Drivers/STM32F4xx_HAL_Driver/Src/stm32f4xx_hal_i2c.o
                0x08004b40                HAL_I2C_MasterRxCpltCallback
 .text.HAL_I2C_SlaveTxCpltCallback
                0x08004b54       0x14 ./Drivers/STM32F4xx_HAL_Driver/Src/stm32f4xx_hal_i2c.o
                0x08004b54                HAL_I2C_SlaveTxCpltCallback
 .text.HAL_I2C_SlaveRxCpltCallback
                0x08004b68       0x14 ./Drivers/STM32F4xx_HAL_Driver/Src/stm32f4xx_hal_i2c.o
                0x08004b68                HAL_I2C_SlaveRxCpltCallback
 .text.I2C_RequestMemoryWrite
                0x08004b7c      0x12c ./Drivers/STM32F4xx_HAL_Driver/Src/stm32f4xx_hal_i2c.o
 .text.I2C_RequestMemoryRead
                0x08004ca8      0x1d0 ./Drivers/STM32F4xx_HAL_Driver/Src/stm32f4xx_hal_i2c.o
 .text.I2C_DMAXferCplt
                0x08004e78      0x1be ./Drivers/STM32F4xx_HAL_Driver/Src/stm32f4xx_hal_i2c.o
 .text.I2C_DMAError
                0x08005036       0x7a ./Drivers/STM32F4xx_HAL_Driver/Src/stm32f4xx_hal_i2c.o
 .text.I2C_WaitOnFlagUntilTimeout
                0x080050b0       0xf4 ./Drivers/STM32F4xx_HAL_Driver/Src/stm32f4xx_hal_i2c.o
 .text.I2C_WaitOnMasterAddressFlagUntilTimeout
                0x080051a4      0x140 ./Drivers/STM32F4xx_HAL_Driver/Src/stm32f4xx_hal_i2c.o
 .text.I2C_WaitOnTXEFlagUntilTimeout
                0x080052e4       0x90 ./Drivers/STM32F4xx_HAL_Driver/Src/stm32f4xx_hal_i2c.o
 .text.I2C_WaitOnBTFFlagUntilTimeout
                0x08005374       0x90 ./Drivers/STM32F4xx_HAL_Driver/Src/stm32f4xx_hal_i2c.o
 .text.I2C_IsAcknowledgeFailed
                0x08005404       0x5e ./Drivers/STM32F4xx_HAL_Driver/Src/stm32f4xx_hal_i2c.o
 *fill*         0x08005462        0x2 
 .text.HAL_RCC_OscConfig
                0x08005464      0x4f0 ./Drivers/STM32F4xx_HAL_Driver/Src/stm32f4xx_hal_rcc.o
                0x08005464                HAL_RCC_OscConfig
 .text.HAL_RCC_ClockConfig
                0x08005954      0x1cc ./Drivers/STM32F4xx_HAL_Driver/Src/stm32f4xx_hal_rcc.o
                0x08005954                HAL_RCC_ClockConfig
 .text.HAL_RCC_GetSysClockFreq
                0x08005b20      0x18c ./Drivers/STM32F4xx_HAL_Driver/Src/stm32f4xx_hal_rcc.o
                0x08005b20                HAL_RCC_GetSysClockFreq
 .text.HAL_RCC_GetHCLKFreq
                0x08005cac       0x18 ./Drivers/STM32F4xx_HAL_Driver/Src/stm32f4xx_hal_rcc.o
                0x08005cac                HAL_RCC_GetHCLKFreq
 .text.HAL_RCC_GetPCLK1Freq
                0x08005cc4       0x28 ./Drivers/STM32F4xx_HAL_Driver/Src/stm32f4xx_hal_rcc.o
                0x08005cc4                HAL_RCC_GetPCLK1Freq
 .text.HAL_RCC_GetPCLK2Freq
                0x08005cec       0x28 ./Drivers/STM32F4xx_HAL_Driver/Src/stm32f4xx_hal_rcc.o
                0x08005cec                HAL_RCC_GetPCLK2Freq
 .text.HAL_RCC_GetClockConfig
                0x08005d14       0x64 ./Drivers/STM32F4xx_HAL_Driver/Src/stm32f4xx_hal_rcc.o
                0x08005d14                HAL_RCC_GetClockConfig
 .text.HAL_TIM_Base_Init
                0x08005d78       0x9e ./Drivers/STM32F4xx_HAL_Driver/Src/stm32f4xx_hal_tim.o
                0x08005d78                HAL_TIM_Base_Init
 *fill*         0x08005e16        0x2 
 .text.HAL_TIM_Base_Start_IT
                0x08005e18       0xc4 ./Drivers/STM32F4xx_HAL_Driver/Src/stm32f4xx_hal_tim.o
                0x08005e18                HAL_TIM_Base_Start_IT
 .text.HAL_TIM_PWM_Init
                0x08005edc       0x9e ./Drivers/STM32F4xx_HAL_Driver/Src/stm32f4xx_hal_tim.o
                0x08005edc                HAL_TIM_PWM_Init
 .text.HAL_TIM_PWM_MspInit
                0x08005f7a       0x14 ./Drivers/STM32F4xx_HAL_Driver/Src/stm32f4xx_hal_tim.o
                0x08005f7a                HAL_TIM_PWM_MspInit
 *fill*         0x08005f8e        0x2 
 .text.HAL_TIM_PWM_Start
                0x08005f90      0x160 ./Drivers/STM32F4xx_HAL_Driver/Src/stm32f4xx_hal_tim.o
                0x08005f90                HAL_TIM_PWM_Start
 .text.HAL_TIM_IRQHandler
                0x080060f0      0x1e0 ./Drivers/STM32F4xx_HAL_Driver/Src/stm32f4xx_hal_tim.o
                0x080060f0                HAL_TIM_IRQHandler
 .text.HAL_TIM_PWM_ConfigChannel
                0x080062d0      0x184 ./Drivers/STM32F4xx_HAL_Driver/Src/stm32f4xx_hal_tim.o
                0x080062d0                HAL_TIM_PWM_ConfigChannel
 .text.HAL_TIM_ConfigClockSource
                0x08006454      0x18e ./Drivers/STM32F4xx_HAL_Driver/Src/stm32f4xx_hal_tim.o
                0x08006454                HAL_TIM_ConfigClockSource
 .text.HAL_TIM_OC_DelayElapsedCallback
                0x080065e2       0x14 ./Drivers/STM32F4xx_HAL_Driver/Src/stm32f4xx_hal_tim.o
                0x080065e2                HAL_TIM_OC_DelayElapsedCallback
 .text.HAL_TIM_IC_CaptureCallback
                0x080065f6       0x14 ./Drivers/STM32F4xx_HAL_Driver/Src/stm32f4xx_hal_tim.o
                0x080065f6                HAL_TIM_IC_CaptureCallback
 .text.HAL_TIM_PWM_PulseFinishedCallback
                0x0800660a       0x14 ./Drivers/STM32F4xx_HAL_Driver/Src/stm32f4xx_hal_tim.o
                0x0800660a                HAL_TIM_PWM_PulseFinishedCallback
 .text.HAL_TIM_TriggerCallback
                0x0800661e       0x14 ./Drivers/STM32F4xx_HAL_Driver/Src/stm32f4xx_hal_tim.o
                0x0800661e                HAL_TIM_TriggerCallback
 *fill*         0x08006632        0x2 
 .text.TIM_Base_SetConfig
                0x08006634      0x10c ./Drivers/STM32F4xx_HAL_Driver/Src/stm32f4xx_hal_tim.o
                0x08006634                TIM_Base_SetConfig
 .text.TIM_OC1_SetConfig
                0x08006740       0xcc ./Drivers/STM32F4xx_HAL_Driver/Src/stm32f4xx_hal_tim.o
 .text.TIM_OC2_SetConfig
                0x0800680c       0xd8 ./Drivers/STM32F4xx_HAL_Driver/Src/stm32f4xx_hal_tim.o
                0x0800680c                TIM_OC2_SetConfig
 .text.TIM_OC3_SetConfig
                0x080068e4       0xd4 ./Drivers/STM32F4xx_HAL_Driver/Src/stm32f4xx_hal_tim.o
 .text.TIM_OC4_SetConfig
                0x080069b8       0xa0 ./Drivers/STM32F4xx_HAL_Driver/Src/stm32f4xx_hal_tim.o
 .text.TIM_TI1_ConfigInputStage
                0x08006a58       0x5e ./Drivers/STM32F4xx_HAL_Driver/Src/stm32f4xx_hal_tim.o
 .text.TIM_TI2_ConfigInputStage
                0x08006ab6       0x60 ./Drivers/STM32F4xx_HAL_Driver/Src/stm32f4xx_hal_tim.o
 .text.TIM_ITRx_SetConfig
                0x08006b16       0x36 ./Drivers/STM32F4xx_HAL_Driver/Src/stm32f4xx_hal_tim.o
 .text.TIM_ETR_SetConfig
                0x08006b4c       0x40 ./Drivers/STM32F4xx_HAL_Driver/Src/stm32f4xx_hal_tim.o
                0x08006b4c                TIM_ETR_SetConfig
 .text.TIM_CCxChannelCmd
                0x08006b8c       0x4a ./Drivers/STM32F4xx_HAL_Driver/Src/stm32f4xx_hal_tim.o
                0x08006b8c                TIM_CCxChannelCmd
 *fill*         0x08006bd6        0x2 
 .text.HAL_TIMEx_PWMN_Start
                0x08006bd8      0x158 ./Drivers/STM32F4xx_HAL_Driver/Src/stm32f4xx_hal_tim_ex.o
                0x08006bd8                HAL_TIMEx_PWMN_Start
 .text.HAL_TIMEx_MasterConfigSynchronization
                0x08006d30       0xdc ./Drivers/STM32F4xx_HAL_Driver/Src/stm32f4xx_hal_tim_ex.o
                0x08006d30                HAL_TIMEx_MasterConfigSynchronization
 .text.HAL_TIMEx_ConfigBreakDeadTime
                0x08006e0c       0xa4 ./Drivers/STM32F4xx_HAL_Driver/Src/stm32f4xx_hal_tim_ex.o
                0x08006e0c                HAL_TIMEx_ConfigBreakDeadTime
 .text.HAL_TIMEx_CommutCallback
                0x08006eb0       0x14 ./Drivers/STM32F4xx_HAL_Driver/Src/stm32f4xx_hal_tim_ex.o
                0x08006eb0                HAL_TIMEx_CommutCallback
 .text.HAL_TIMEx_BreakCallback
                0x08006ec4       0x14 ./Drivers/STM32F4xx_HAL_Driver/Src/stm32f4xx_hal_tim_ex.o
                0x08006ec4                HAL_TIMEx_BreakCallback
 .text.TIM_CCxNChannelCmd
                0x08006ed8       0x4a ./Drivers/STM32F4xx_HAL_Driver/Src/stm32f4xx_hal_tim_ex.o
 .text.HAL_UART_Init
                0x08006f22       0xa0 ./Drivers/STM32F4xx_HAL_Driver/Src/stm32f4xx_hal_uart.o
                0x08006f22                HAL_UART_Init
 *fill*         0x08006fc2        0x2 
 .text.HAL_UART_Transmit_DMA
                0x08006fc4       0xf8 ./Drivers/STM32F4xx_HAL_Driver/Src/stm32f4xx_hal_uart.o
                0x08006fc4                HAL_UART_Transmit_DMA
 .text.HAL_UARTEx_ReceiveToIdle_DMA
                0x080070bc       0xb2 ./Drivers/STM32F4xx_HAL_Driver/Src/stm32f4xx_hal_uart.o
                0x080070bc                HAL_UARTEx_ReceiveToIdle_DMA
 *fill*         0x0800716e        0x2 
 .text.HAL_UART_IRQHandler
                0x08007170      0x554 ./Drivers/STM32F4xx_HAL_Driver/Src/stm32f4xx_hal_uart.o
                0x08007170                HAL_UART_IRQHandler
 .text.HAL_UART_TxCpltCallback
                0x080076c4       0x14 ./Drivers/STM32F4xx_HAL_Driver/Src/stm32f4xx_hal_uart.o
                0x080076c4                HAL_UART_TxCpltCallback
 .text.HAL_UART_TxHalfCpltCallback
                0x080076d8       0x14 ./Drivers/STM32F4xx_HAL_Driver/Src/stm32f4xx_hal_uart.o
                0x080076d8                HAL_UART_TxHalfCpltCallback
 .text.HAL_UART_RxCpltCallback
                0x080076ec       0x14 ./Drivers/STM32F4xx_HAL_Driver/Src/stm32f4xx_hal_uart.o
                0x080076ec                HAL_UART_RxCpltCallback
 .text.HAL_UART_RxHalfCpltCallback
                0x08007700       0x14 ./Drivers/STM32F4xx_HAL_Driver/Src/stm32f4xx_hal_uart.o
                0x08007700                HAL_UART_RxHalfCpltCallback
 .text.HAL_UART_ErrorCallback
                0x08007714       0x14 ./Drivers/STM32F4xx_HAL_Driver/Src/stm32f4xx_hal_uart.o
                0x08007714                HAL_UART_ErrorCallback
 .text.UART_DMATransmitCplt
                0x08007728       0x9a ./Drivers/STM32F4xx_HAL_Driver/Src/stm32f4xx_hal_uart.o
 .text.UART_DMATxHalfCplt
                0x080077c2       0x1c ./Drivers/STM32F4xx_HAL_Driver/Src/stm32f4xx_hal_uart.o
 .text.UART_DMAReceiveCplt
                0x080077de      0x12c ./Drivers/STM32F4xx_HAL_Driver/Src/stm32f4xx_hal_uart.o
 .text.UART_DMARxHalfCplt
                0x0800790a       0x3c ./Drivers/STM32F4xx_HAL_Driver/Src/stm32f4xx_hal_uart.o
 .text.UART_DMAError
                0x08007946       0x94 ./Drivers/STM32F4xx_HAL_Driver/Src/stm32f4xx_hal_uart.o
 *fill*         0x080079da        0x2 
 .text.UART_Start_Receive_DMA
                0x080079dc      0x14c ./Drivers/STM32F4xx_HAL_Driver/Src/stm32f4xx_hal_uart.o
                0x080079dc                UART_Start_Receive_DMA
 .text.UART_EndTxTransfer
                0x08007b28       0x50 ./Drivers/STM32F4xx_HAL_Driver/Src/stm32f4xx_hal_uart.o
 .text.UART_EndRxTransfer
                0x08007b78       0xc6 ./Drivers/STM32F4xx_HAL_Driver/Src/stm32f4xx_hal_uart.o
 .text.UART_DMAAbortOnError
                0x08007c3e       0x22 ./Drivers/STM32F4xx_HAL_Driver/Src/stm32f4xx_hal_uart.o
 .text.UART_Transmit_IT
                0x08007c60       0xa0 ./Drivers/STM32F4xx_HAL_Driver/Src/stm32f4xx_hal_uart.o
 .text.UART_EndTransmit_IT
                0x08007d00       0x30 ./Drivers/STM32F4xx_HAL_Driver/Src/stm32f4xx_hal_uart.o
 .text.UART_Receive_IT
                0x08007d30      0x17c ./Drivers/STM32F4xx_HAL_Driver/Src/stm32f4xx_hal_uart.o
 .text.UART_SetConfig
                0x08007eac      0x4e8 ./Drivers/STM32F4xx_HAL_Driver/Src/stm32f4xx_hal_uart.o
 .text.__NVIC_SetPriority
                0x08008394       0x54 ./Middlewares/Third_Party/FreeRTOS/Source/CMSIS_RTOS_V2/cmsis_os2.o
 .text.SysTick_Handler
                0x080083e8       0x20 ./Middlewares/Third_Party/FreeRTOS/Source/CMSIS_RTOS_V2/cmsis_os2.o
                0x080083e8                SysTick_Handler
 .text.SVC_Setup
                0x08008408       0x12 ./Middlewares/Third_Party/FreeRTOS/Source/CMSIS_RTOS_V2/cmsis_os2.o
 *fill*         0x0800841a        0x2 
 .text.osKernelInitialize
                0x0800841c       0x48 ./Middlewares/Third_Party/FreeRTOS/Source/CMSIS_RTOS_V2/cmsis_os2.o
                0x0800841c                osKernelInitialize
 .text.osKernelStart
                0x08008464       0x4c ./Middlewares/Third_Party/FreeRTOS/Source/CMSIS_RTOS_V2/cmsis_os2.o
                0x08008464                osKernelStart
 .text.osThreadNew
                0x080084b0      0x124 ./Middlewares/Third_Party/FreeRTOS/Source/CMSIS_RTOS_V2/cmsis_os2.o
                0x080084b0                osThreadNew
 .text.osDelay  0x080085d4       0x36 ./Middlewares/Third_Party/FreeRTOS/Source/CMSIS_RTOS_V2/cmsis_os2.o
                0x080085d4                osDelay
 *fill*         0x0800860a        0x2 
 .text.vApplicationGetIdleTaskMemory
                0x0800860c       0x34 ./Middlewares/Third_Party/FreeRTOS/Source/CMSIS_RTOS_V2/cmsis_os2.o
                0x0800860c                vApplicationGetIdleTaskMemory
 .text.vApplicationGetTimerTaskMemory
                0x08008640       0x34 ./Middlewares/Third_Party/FreeRTOS/Source/CMSIS_RTOS_V2/cmsis_os2.o
                0x08008640                vApplicationGetTimerTaskMemory
 .text.vListInitialise
                0x08008674       0x40 ./Middlewares/Third_Party/FreeRTOS/Source/list.o
                0x08008674                vListInitialise
 .text.vListInitialiseItem
                0x080086b4       0x1a ./Middlewares/Third_Party/FreeRTOS/Source/list.o
                0x080086b4                vListInitialiseItem
 .text.vListInsertEnd
                0x080086ce       0x48 ./Middlewares/Third_Party/FreeRTOS/Source/list.o
                0x080086ce                vListInsertEnd
 .text.vListInsert
                0x08008716       0x72 ./Middlewares/Third_Party/FreeRTOS/Source/list.o
                0x08008716                vListInsert
 .text.uxListRemove
                0x08008788       0x54 ./Middlewares/Third_Party/FreeRTOS/Source/list.o
                0x08008788                uxListRemove
 .text.xQueueGenericReset
                0x080087dc       0xd4 ./Middlewares/Third_Party/FreeRTOS/Source/queue.o
                0x080087dc                xQueueGenericReset
 .text.xQueueGenericCreateStatic
                0x080088b0       0xfa ./Middlewares/Third_Party/FreeRTOS/Source/queue.o
                0x080088b0                xQueueGenericCreateStatic
 .text.xQueueGenericCreate
                0x080089aa       0x76 ./Middlewares/Third_Party/FreeRTOS/Source/queue.o
                0x080089aa                xQueueGenericCreate
 .text.prvInitialiseNewQueue
                0x08008a20       0x46 ./Middlewares/Third_Party/FreeRTOS/Source/queue.o
 .text.prvInitialiseMutex
                0x08008a66       0x34 ./Middlewares/Third_Party/FreeRTOS/Source/queue.o
 .text.xQueueCreateMutex
                0x08008a9a       0x30 ./Middlewares/Third_Party/FreeRTOS/Source/queue.o
                0x08008a9a                xQueueCreateMutex
 *fill*         0x08008aca        0x2 
 .text.xQueueGenericSend
                0x08008acc      0x204 ./Middlewares/Third_Party/FreeRTOS/Source/queue.o
                0x08008acc                xQueueGenericSend
 .text.xQueueGenericSendFromISR
                0x08008cd0      0x13c ./Middlewares/Third_Party/FreeRTOS/Source/queue.o
                0x08008cd0                xQueueGenericSendFromISR
 .text.xQueueReceive
                0x08008e0c      0x1c4 ./Middlewares/Third_Party/FreeRTOS/Source/queue.o
                0x08008e0c                xQueueReceive
 .text.xQueueSemaphoreTake
                0x08008fd0      0x220 ./Middlewares/Third_Party/FreeRTOS/Source/queue.o
                0x08008fd0                xQueueSemaphoreTake
 .text.prvGetDisinheritPriorityAfterTimeout
                0x080091f0       0x30 ./Middlewares/Third_Party/FreeRTOS/Source/queue.o
 .text.prvCopyDataToQueue
                0x08009220       0xd4 ./Middlewares/Third_Party/FreeRTOS/Source/queue.o
 .text.prvCopyDataFromQueue
                0x080092f4       0x4c ./Middlewares/Third_Party/FreeRTOS/Source/queue.o
 .text.prvUnlockQueue
                0x08009340       0xa4 ./Middlewares/Third_Party/FreeRTOS/Source/queue.o
 .text.prvIsQueueEmpty
                0x080093e4       0x2c ./Middlewares/Third_Party/FreeRTOS/Source/queue.o
 .text.prvIsQueueFull
                0x08009410       0x30 ./Middlewares/Third_Party/FreeRTOS/Source/queue.o
 .text.vQueueAddToRegistry
                0x08009440       0x54 ./Middlewares/Third_Party/FreeRTOS/Source/queue.o
                0x08009440                vQueueAddToRegistry
 .text.vQueueWaitForMessageRestricted
                0x08009494       0x68 ./Middlewares/Third_Party/FreeRTOS/Source/queue.o
                0x08009494                vQueueWaitForMessageRestricted
 .text.xTaskCreateStatic
                0x080094fc       0xc0 ./Middlewares/Third_Party/FreeRTOS/Source/tasks.o
                0x080094fc                xTaskCreateStatic
 .text.xTaskCreate
                0x080095bc       0x8a ./Middlewares/Third_Party/FreeRTOS/Source/tasks.o
                0x080095bc                xTaskCreate
 .text.prvInitialiseNewTask
                0x08009646      0x120 ./Middlewares/Third_Party/FreeRTOS/Source/tasks.o
 *fill*         0x08009766        0x2 
 .text.prvAddNewTaskToReadyList
                0x08009768       0xe0 ./Middlewares/Third_Party/FreeRTOS/Source/tasks.o
 .text.vTaskDelay
                0x08009848       0x6c ./Middlewares/Third_Party/FreeRTOS/Source/tasks.o
                0x08009848                vTaskDelay
 .text.vTaskStartScheduler
                0x080098b4       0xd0 ./Middlewares/Third_Party/FreeRTOS/Source/tasks.o
                0x080098b4                vTaskStartScheduler
 .text.vTaskSuspendAll
                0x08009984       0x1c ./Middlewares/Third_Party/FreeRTOS/Source/tasks.o
                0x08009984                vTaskSuspendAll
 .text.xTaskResumeAll
                0x080099a0      0x13c ./Middlewares/Third_Party/FreeRTOS/Source/tasks.o
                0x080099a0                xTaskResumeAll
 .text.xTaskGetTickCount
                0x08009adc       0x20 ./Middlewares/Third_Party/FreeRTOS/Source/tasks.o
                0x08009adc                xTaskGetTickCount
 .text.xTaskIncrementTick
                0x08009afc      0x174 ./Middlewares/Third_Party/FreeRTOS/Source/tasks.o
                0x08009afc                xTaskIncrementTick
 .text.vTaskSwitchContext
                0x08009c70       0xbc ./Middlewares/Third_Party/FreeRTOS/Source/tasks.o
                0x08009c70                vTaskSwitchContext
 .text.vTaskPlaceOnEventList
                0x08009d2c       0x4c ./Middlewares/Third_Party/FreeRTOS/Source/tasks.o
                0x08009d2c                vTaskPlaceOnEventList
 .text.vTaskPlaceOnEventListRestricted
                0x08009d78       0x58 ./Middlewares/Third_Party/FreeRTOS/Source/tasks.o
                0x08009d78                vTaskPlaceOnEventListRestricted
 .text.xTaskRemoveFromEventList
                0x08009dd0       0xc8 ./Middlewares/Third_Party/FreeRTOS/Source/tasks.o
                0x08009dd0                xTaskRemoveFromEventList
 .text.vTaskInternalSetTimeOutState
                0x08009e98       0x2c ./Middlewares/Third_Party/FreeRTOS/Source/tasks.o
                0x08009e98                vTaskInternalSetTimeOutState
 .text.xTaskCheckForTimeOut
                0x08009ec4       0xc8 ./Middlewares/Third_Party/FreeRTOS/Source/tasks.o
                0x08009ec4                xTaskCheckForTimeOut
 .text.vTaskMissedYield
                0x08009f8c       0x18 ./Middlewares/Third_Party/FreeRTOS/Source/tasks.o
                0x08009f8c                vTaskMissedYield
 .text.prvIdleTask
                0x08009fa4       0x30 ./Middlewares/Third_Party/FreeRTOS/Source/tasks.o
 .text.prvInitialiseTaskLists
                0x08009fd4       0x80 ./Middlewares/Third_Party/FreeRTOS/Source/tasks.o
 .text.prvCheckTasksWaitingTermination
                0x0800a054       0x5c ./Middlewares/Third_Party/FreeRTOS/Source/tasks.o
 .text.prvDeleteTCB
                0x0800a0b0       0x60 ./Middlewares/Third_Party/FreeRTOS/Source/tasks.o
 .text.prvResetNextTaskUnblockTime
                0x0800a110       0x40 ./Middlewares/Third_Party/FreeRTOS/Source/tasks.o
 .text.xTaskGetSchedulerState
                0x0800a150       0x3c ./Middlewares/Third_Party/FreeRTOS/Source/tasks.o
                0x0800a150                xTaskGetSchedulerState
 .text.xTaskPriorityInherit
                0x0800a18c       0xd0 ./Middlewares/Third_Party/FreeRTOS/Source/tasks.o
                0x0800a18c                xTaskPriorityInherit
 .text.xTaskPriorityDisinherit
                0x0800a25c       0xe0 ./Middlewares/Third_Party/FreeRTOS/Source/tasks.o
                0x0800a25c                xTaskPriorityDisinherit
 .text.vTaskPriorityDisinheritAfterTimeout
                0x0800a33c      0x108 ./Middlewares/Third_Party/FreeRTOS/Source/tasks.o
                0x0800a33c                vTaskPriorityDisinheritAfterTimeout
 .text.pvTaskIncrementMutexHeldCount
                0x0800a444       0x28 ./Middlewares/Third_Party/FreeRTOS/Source/tasks.o
                0x0800a444                pvTaskIncrementMutexHeldCount
 .text.prvAddCurrentTaskToDelayedList
                0x0800a46c       0xa8 ./Middlewares/Third_Party/FreeRTOS/Source/tasks.o
 .text.xTimerCreateTimerTask
                0x0800a514       0x94 ./Middlewares/Third_Party/FreeRTOS/Source/timers.o
                0x0800a514                xTimerCreateTimerTask
 .text.xTimerGenericCommand
                0x0800a5a8       0x9c ./Middlewares/Third_Party/FreeRTOS/Source/timers.o
                0x0800a5a8                xTimerGenericCommand
 .text.prvProcessExpiredTimer
                0x0800a644       0x9c ./Middlewares/Third_Party/FreeRTOS/Source/timers.o
 .text.prvTimerTask
                0x0800a6e0       0x26 ./Middlewares/Third_Party/FreeRTOS/Source/timers.o
 *fill*         0x0800a706        0x2 
 .text.prvProcessTimerOrBlockTask
                0x0800a708       0x9c ./Middlewares/Third_Party/FreeRTOS/Source/timers.o
 .text.prvGetNextExpireTime
                0x0800a7a4       0x48 ./Middlewares/Third_Party/FreeRTOS/Source/timers.o
 .text.prvSampleTimeNow
                0x0800a7ec       0x40 ./Middlewares/Third_Party/FreeRTOS/Source/timers.o
 .text.prvInsertTimerInActiveList
                0x0800a82c       0x84 ./Middlewares/Third_Party/FreeRTOS/Source/timers.o
 .text.prvProcessReceivedCommands
                0x0800a8b0      0x1cc ./Middlewares/Third_Party/FreeRTOS/Source/timers.o
 .text.prvSwitchTimerLists
                0x0800aa7c       0xcc ./Middlewares/Third_Party/FreeRTOS/Source/timers.o
 .text.prvCheckForValidListAndQueue
                0x0800ab48       0x80 ./Middlewares/Third_Party/FreeRTOS/Source/timers.o
 .text.pxPortInitialiseStack
                0x0800abc8       0x68 ./Middlewares/Third_Party/FreeRTOS/Source/portable/GCC/ARM_CM4F/port.o
                0x0800abc8                pxPortInitialiseStack
 .text.prvTaskExitError
                0x0800ac30       0x5c ./Middlewares/Third_Party/FreeRTOS/Source/portable/GCC/ARM_CM4F/port.o
 *fill*         0x0800ac8c        0x4 
 .text.SVC_Handler
                0x0800ac90       0x28 ./Middlewares/Third_Party/FreeRTOS/Source/portable/GCC/ARM_CM4F/port.o
                0x0800ac90                SVC_Handler
 .text.prvPortStartFirstTask
                0x0800acb8       0x28 ./Middlewares/Third_Party/FreeRTOS/Source/portable/GCC/ARM_CM4F/port.o
 .text.xPortStartScheduler
                0x0800ace0      0x148 ./Middlewares/Third_Party/FreeRTOS/Source/portable/GCC/ARM_CM4F/port.o
                0x0800ace0                xPortStartScheduler
 .text.vPortEnterCritical
                0x0800ae28       0x64 ./Middlewares/Third_Party/FreeRTOS/Source/portable/GCC/ARM_CM4F/port.o
                0x0800ae28                vPortEnterCritical
 .text.vPortExitCritical
                0x0800ae8c       0x54 ./Middlewares/Third_Party/FreeRTOS/Source/portable/GCC/ARM_CM4F/port.o
                0x0800ae8c                vPortExitCritical
 .text.PendSV_Handler
                0x0800aee0       0x68 ./Middlewares/Third_Party/FreeRTOS/Source/portable/GCC/ARM_CM4F/port.o
                0x0800aee0                PendSV_Handler
 .text.xPortSysTickHandler
                0x0800af48       0x44 ./Middlewares/Third_Party/FreeRTOS/Source/portable/GCC/ARM_CM4F/port.o
                0x0800af48                xPortSysTickHandler
 .text.vPortSetupTimerInterrupt
                0x0800af8c       0x48 ./Middlewares/Third_Party/FreeRTOS/Source/portable/GCC/ARM_CM4F/port.o
                0x0800af8c                vPortSetupTimerInterrupt
 .text.vPortEnableVFP
                0x0800afd4       0x14 ./Middlewares/Third_Party/FreeRTOS/Source/portable/GCC/ARM_CM4F/port.o
 .text.vPortValidateInterruptPriority
                0x0800afe8       0x84 ./Middlewares/Third_Party/FreeRTOS/Source/portable/GCC/ARM_CM4F/port.o
                0x0800afe8                vPortValidateInterruptPriority
 .text.pvPortMalloc
                0x0800b06c      0x19c ./Middlewares/Third_Party/FreeRTOS/Source/portable/MemMang/heap_4.o
                0x0800b06c                pvPortMalloc
 .text.vPortFree
                0x0800b208       0xc8 ./Middlewares/Third_Party/FreeRTOS/Source/portable/MemMang/heap_4.o
                0x0800b208                vPortFree
 .text.prvHeapInit
                0x0800b2d0       0xc4 ./Middlewares/Third_Party/FreeRTOS/Source/portable/MemMang/heap_4.o
 .text.prvInsertBlockIntoFreeList
                0x0800b394       0xb4 ./Middlewares/Third_Party/FreeRTOS/Source/portable/MemMang/heap_4.o
 .text.memset   0x0800b448       0x10 C:/ST/STM32CubeIDE_1.19.0/STM32CubeIDE/plugins/com.st.stm32cube.ide.mcu.externaltools.gnu-tools-for-stm32.13.3.rel1.win32_1.0.0.202411081344/tools/bin/../lib/gcc/arm-none-eabi/13.3.1/../../../../arm-none-eabi/lib/thumb/v7e-m+fp/hard\libc_nano.a(libc_a-memset.o)
                0x0800b448                memset
 .text.__libc_init_array
                0x0800b458       0x48 C:/ST/STM32CubeIDE_1.19.0/STM32CubeIDE/plugins/com.st.stm32cube.ide.mcu.externaltools.gnu-tools-for-stm32.13.3.rel1.win32_1.0.0.202411081344/tools/bin/../lib/gcc/arm-none-eabi/13.3.1/../../../../arm-none-eabi/lib/thumb/v7e-m+fp/hard\libc_nano.a(libc_a-init.o)
                0x0800b458                __libc_init_array
 .text.memcpy   0x0800b4a0       0x1c C:/ST/STM32CubeIDE_1.19.0/STM32CubeIDE/plugins/com.st.stm32cube.ide.mcu.externaltools.gnu-tools-for-stm32.13.3.rel1.win32_1.0.0.202411081344/tools/bin/../lib/gcc/arm-none-eabi/13.3.1/../../../../arm-none-eabi/lib/thumb/v7e-m+fp/hard\libc_nano.a(libc_a-memcpy-stub.o)
                0x0800b4a0                memcpy
 *(.glue_7)
 .glue_7        0x0800b4bc        0x0 linker stubs
 *(.glue_7t)
 .glue_7t       0x0800b4bc        0x0 linker stubs
 *(.eh_frame)
 .eh_frame      0x0800b4bc        0x0 C:/ST/STM32CubeIDE_1.19.0/STM32CubeIDE/plugins/com.st.stm32cube.ide.mcu.externaltools.gnu-tools-for-stm32.13.3.rel1.win32_1.0.0.202411081344/tools/bin/../lib/gcc/arm-none-eabi/13.3.1/thumb/v7e-m+fp/hard/crtbegin.o
 *(.init)
 .init          0x0800b4bc        0x4 C:/ST/STM32CubeIDE_1.19.0/STM32CubeIDE/plugins/com.st.stm32cube.ide.mcu.externaltools.gnu-tools-for-stm32.13.3.rel1.win32_1.0.0.202411081344/tools/bin/../lib/gcc/arm-none-eabi/13.3.1/thumb/v7e-m+fp/hard/crti.o
                0x0800b4bc                _init
 .init          0x0800b4c0        0x8 C:/ST/STM32CubeIDE_1.19.0/STM32CubeIDE/plugins/com.st.stm32cube.ide.mcu.externaltools.gnu-tools-for-stm32.13.3.rel1.win32_1.0.0.202411081344/tools/bin/../lib/gcc/arm-none-eabi/13.3.1/thumb/v7e-m+fp/hard/crtn.o
 *(.fini)
 .fini          0x0800b4c8        0x4 C:/ST/STM32CubeIDE_1.19.0/STM32CubeIDE/plugins/com.st.stm32cube.ide.mcu.externaltools.gnu-tools-for-stm32.13.3.rel1.win32_1.0.0.202411081344/tools/bin/../lib/gcc/arm-none-eabi/13.3.1/thumb/v7e-m+fp/hard/crti.o
                0x0800b4c8                _fini
 .fini          0x0800b4cc        0x8 C:/ST/STM32CubeIDE_1.19.0/STM32CubeIDE/plugins/com.st.stm32cube.ide.mcu.externaltools.gnu-tools-for-stm32.13.3.rel1.win32_1.0.0.202411081344/tools/bin/../lib/gcc/arm-none-eabi/13.3.1/thumb/v7e-m+fp/hard/crtn.o
                0x0800b4d4                        . = ALIGN (0x4)
                0x0800b4d4                        _etext = .

.vfp11_veneer   0x0800b4d4        0x0
 .vfp11_veneer  0x0800b4d4        0x0 linker stubs

.v4_bx          0x0800b4d4        0x0
 .v4_bx         0x0800b4d4        0x0 linker stubs

.iplt           0x0800b4d4        0x0
 .iplt          0x0800b4d4        0x0 C:/ST/STM32CubeIDE_1.19.0/STM32CubeIDE/plugins/com.st.stm32cube.ide.mcu.externaltools.gnu-tools-for-stm32.13.3.rel1.win32_1.0.0.202411081344/tools/bin/../lib/gcc/arm-none-eabi/13.3.1/thumb/v7e-m+fp/hard/crtbegin.o

.rodata         0x0800b4d4      0x2cc
                0x0800b4d4                        . = ALIGN (0x4)
 *(.rodata)
 .rodata        0x0800b4d4       0x28 ./Core/Src/freertos.o
 .rodata        0x0800b4fc        0x5 ./Middlewares/Third_Party/FreeRTOS/Source/tasks.o
 *fill*         0x0800b501        0x3 
 .rodata        0x0800b504        0xd ./Middlewares/Third_Party/FreeRTOS/Source/timers.o
 *(.rodata*)
 *fill*         0x0800b511        0x3 
 .rodata.CCITT_HASH
                0x0800b514      0x200 ./Core/Src/CRC.o
 .rodata.telemetry_attr
                0x0800b714       0x24 ./Core/Src/freertos.o
                0x0800b714                telemetry_attr
 .rodata.housekeeping_attr
                0x0800b738       0x24 ./Core/Src/freertos.o
                0x0800b738                housekeeping_attr
 .rodata.defaultTask_attributes
                0x0800b75c       0x24 ./Core/Src/freertos.o
                0x0800b75c                defaultTask_attributes
 .rodata.AHBPrescTable
                0x0800b780       0x10 ./Core/Src/system_stm32f4xx.o
                0x0800b780                AHBPrescTable
 .rodata.APBPrescTable
                0x0800b790        0x8 ./Core/Src/system_stm32f4xx.o
                0x0800b790                APBPrescTable
 .rodata.flagBitshiftOffset.0
                0x0800b798        0x8 ./Drivers/STM32F4xx_HAL_Driver/Src/stm32f4xx_hal_dma.o
                0x0800b7a0                        . = ALIGN (0x4)

.ARM.extab      0x0800b7a0        0x0
                0x0800b7a0                        . = ALIGN (0x4)
 *(.ARM.extab* .gnu.linkonce.armextab.*)
                0x0800b7a0                        . = ALIGN (0x4)

.ARM            0x0800b7a0        0x8
                0x0800b7a0                        . = ALIGN (0x4)
                0x0800b7a0                        __exidx_start = .
 *(.ARM.exidx*)
 .ARM.exidx     0x0800b7a0        0x8 C:/ST/STM32CubeIDE_1.19.0/STM32CubeIDE/plugins/com.st.stm32cube.ide.mcu.externaltools.gnu-tools-for-stm32.13.3.rel1.win32_1.0.0.202411081344/tools/bin/../lib/gcc/arm-none-eabi/13.3.1/thumb/v7e-m+fp/hard\libgcc.a(_udivmoddi4.o)
                0x0800b7a8                        __exidx_end = .
                0x0800b7a8                        . = ALIGN (0x4)

.preinit_array  0x0800b7a8        0x0
                0x0800b7a8                        . = ALIGN (0x4)
                0x0800b7a8                        PROVIDE (__preinit_array_start = .)
 *(.preinit_array*)
                0x0800b7a8                        PROVIDE (__preinit_array_end = .)
                0x0800b7a8                        . = ALIGN (0x4)

.init_array     0x0800b7a8        0x4
                0x0800b7a8                        . = ALIGN (0x4)
                0x0800b7a8                        PROVIDE (__init_array_start = .)
 *(SORT_BY_NAME(.init_array.*))
 *(.init_array*)
 .init_array    0x0800b7a8        0x4 C:/ST/STM32CubeIDE_1.19.0/STM32CubeIDE/plugins/com.st.stm32cube.ide.mcu.externaltools.gnu-tools-for-stm32.13.3.rel1.win32_1.0.0.202411081344/tools/bin/../lib/gcc/arm-none-eabi/13.3.1/thumb/v7e-m+fp/hard/crtbegin.o
                0x0800b7ac                        PROVIDE (__init_array_end = .)
                0x0800b7ac                        . = ALIGN (0x4)

.fini_array     0x0800b7ac        0x4
                0x0800b7ac                        . = ALIGN (0x4)
                [!provide]                        PROVIDE (__fini_array_start = .)
 *(SORT_BY_NAME(.fini_array.*))
 *(.fini_array*)
 .fini_array    0x0800b7ac        0x4 C:/ST/STM32CubeIDE_1.19.0/STM32CubeIDE/plugins/com.st.stm32cube.ide.mcu.externaltools.gnu-tools-for-stm32.13.3.rel1.win32_1.0.0.202411081344/tools/bin/../lib/gcc/arm-none-eabi/13.3.1/thumb/v7e-m+fp/hard/crtbegin.o
                [!provide]                        PROVIDE (__fini_array_end = .)
                0x0800b7b0                        . = ALIGN (0x4)
                0x0800b7b0                        _sidata = LOADADDR (.data)

.rel.dyn        0x0800b7b0        0x0
 .rel.iplt      0x0800b7b0        0x0 C:/ST/STM32CubeIDE_1.19.0/STM32CubeIDE/plugins/com.st.stm32cube.ide.mcu.externaltools.gnu-tools-for-stm32.13.3.rel1.win32_1.0.0.202411081344/tools/bin/../lib/gcc/arm-none-eabi/13.3.1/thumb/v7e-m+fp/hard/crtbegin.o

.data           0x20000000       0x1c load address 0x0800b7b0
                0x20000000                        . = ALIGN (0x4)
                0x20000000                        _sdata = .
 *(.data)
 *(.data*)
 .data.Att_Setpoint
                0x20000000        0xc ./Core/Src/main.o
                0x20000000                Att_Setpoint
 .data.SystemCoreClock
                0x2000000c        0x4 ./Core/Src/system_stm32f4xx.o
                0x2000000c                SystemCoreClock
 .data.uwTickPrio
                0x20000010        0x4 ./Drivers/STM32F4xx_HAL_Driver/Src/stm32f4xx_hal.o
                0x20000010                uwTickPrio
 .data.uwTickFreq
                0x20000014        0x1 ./Drivers/STM32F4xx_HAL_Driver/Src/stm32f4xx_hal.o
                0x20000014                uwTickFreq
 *fill*         0x20000015        0x3 
 .data.uxCriticalNesting
                0x20000018        0x4 ./Middlewares/Third_Party/FreeRTOS/Source/portable/GCC/ARM_CM4F/port.o
 *(.RamFunc)
 *(.RamFunc*)
                0x2000001c                        . = ALIGN (0x4)
                0x2000001c                        _edata = .

.igot.plt       0x2000001c        0x0 load address 0x0800b7cc
 .igot.plt      0x2000001c        0x0 C:/ST/STM32CubeIDE_1.19.0/STM32CubeIDE/plugins/com.st.stm32cube.ide.mcu.externaltools.gnu-tools-for-stm32.13.3.rel1.win32_1.0.0.202411081344/tools/bin/../lib/gcc/arm-none-eabi/13.3.1/thumb/v7e-m+fp/hard/crtbegin.o
                0x2000001c                        . = ALIGN (0x4)

.bss            0x2000001c     0x4e34 load address 0x0800b7cc
                0x2000001c                        _sbss = .
                0x2000001c                        __bss_start__ = _sbss
 *(.bss)
 .bss           0x2000001c       0x1c C:/ST/STM32CubeIDE_1.19.0/STM32CubeIDE/plugins/com.st.stm32cube.ide.mcu.externaltools.gnu-tools-for-stm32.13.3.rel1.win32_1.0.0.202411081344/tools/bin/../lib/gcc/arm-none-eabi/13.3.1/thumb/v7e-m+fp/hard/crtbegin.o
 *(.bss*)
 .bss.hadc1     0x20000038       0x48 ./Core/Src/adc.o
                0x20000038                hadc1
 .bss.hdma_adc1
                0x20000080       0x60 ./Core/Src/adc.o
                0x20000080                hdma_adc1
 .bss.defaultTaskHandle
                0x200000e0        0x4 ./Core/Src/freertos.o
                0x200000e0                defaultTaskHandle
 .bss.hi2c1     0x200000e4       0x54 ./Core/Src/i2c.o
                0x200000e4                hi2c1
 .bss.hdma_i2c1_rx
                0x20000138       0x60 ./Core/Src/i2c.o
                0x20000138                hdma_i2c1_rx
 .bss.DutyC     0x20000198        0x6 ./Core/Src/main.o
                0x20000198                DutyC
 *fill*         0x2000019e        0x2 
 .bss.Att_Euler
                0x200001a0        0xc ./Core/Src/main.o
                0x200001a0                Att_Euler
 .bss.ADC_DMA_Buffer
                0x200001ac        0x4 ./Core/Src/main.o
                0x200001ac                ADC_DMA_Buffer
 .bss.BatteryVolt_Sum
                0x200001b0        0x4 ./Core/Src/main.o
                0x200001b0                BatteryVolt_Sum
 .bss.BatteryVolt_SumCounter
                0x200001b4        0x1 ./Core/Src/main.o
                0x200001b4                BatteryVolt_SumCounter
 .bss.MsgCounter
                0x200001b5        0x1 ./Core/Src/main.o
                0x200001b5                MsgCounter
 *fill*         0x200001b6        0x2 
 .bss.TelemetryPacket
                0x200001b8       0x19 ./Core/Src/main.o
                0x200001b8                TelemetryPacket
 *fill*         0x200001d1        0x3 
 .bss.CommandPacket
                0x200001d4        0xd ./Core/Src/main.o
                0x200001d4                CommandPacket
 *fill*         0x200001e1        0x3 
 .bss.HouseKeepingPacket
                0x200001e4       0x18 ./Core/Src/main.o
                0x200001e4                HouseKeepingPacket
 .bss.IMU_Data  0x200001fc       0x12 ./Core/Src/main.o
                0x200001fc                IMU_Data
 *fill*         0x2000020e        0x2 
 .bss.HK_Data   0x20000210        0xc ./Core/Src/main.o
                0x20000210                HK_Data
 .bss.GPS_Data  0x2000021c        0x8 ./Core/Src/main.o
                0x2000021c                GPS_Data
 .bss.Actual_CRC
                0x20000224        0x2 ./Core/Src/main.o
                0x20000224                Actual_CRC
 .bss.Msg_CRC   0x20000226        0x2 ./Core/Src/main.o
                0x20000226                Msg_CRC
 .bss.LORA_mutex
                0x20000228        0x4 ./Core/Src/main.o
                0x20000228                LORA_mutex
 .bss.IMU_DMA_Buffer
                0x2000022c       0x18 ./Core/Src/main.o
                0x2000022c                IMU_DMA_Buffer
 .bss.htim5     0x20000244       0x48 ./Core/Src/stm32f4xx_hal_timebase_tim.o
                0x20000244                htim5
 .bss.htim1     0x2000028c       0x48 ./Core/Src/tim.o
                0x2000028c                htim1
 .bss.htim2     0x200002d4       0x48 ./Core/Src/tim.o
                0x200002d4                htim2
 .bss.htim3     0x2000031c       0x48 ./Core/Src/tim.o
                0x2000031c                htim3
 .bss.htim4     0x20000364       0x48 ./Core/Src/tim.o
                0x20000364                htim4
 .bss.huart1    0x200003ac       0x48 ./Core/Src/usart.o
                0x200003ac                huart1
 .bss.huart2    0x200003f4       0x48 ./Core/Src/usart.o
                0x200003f4                huart2
 .bss.hdma_usart2_rx
                0x2000043c       0x60 ./Core/Src/usart.o
                0x2000043c                hdma_usart2_rx
 .bss.hdma_usart2_tx
                0x2000049c       0x60 ./Core/Src/usart.o
                0x2000049c                hdma_usart2_tx
 .bss.uwTick    0x200004fc        0x4 ./Drivers/STM32F4xx_HAL_Driver/Src/stm32f4xx_hal.o
                0x200004fc                uwTick
 .bss.KernelState
                0x20000500        0x4 ./Middlewares/Third_Party/FreeRTOS/Source/CMSIS_RTOS_V2/cmsis_os2.o
 .bss.Idle_TCB.3
                0x20000504       0x5c ./Middlewares/Third_Party/FreeRTOS/Source/CMSIS_RTOS_V2/cmsis_os2.o
 .bss.Idle_Stack.2
                0x20000560      0x200 ./Middlewares/Third_Party/FreeRTOS/Source/CMSIS_RTOS_V2/cmsis_os2.o
 .bss.Timer_TCB.1
                0x20000760       0x5c ./Middlewares/Third_Party/FreeRTOS/Source/CMSIS_RTOS_V2/cmsis_os2.o
 .bss.Timer_Stack.0
                0x200007bc      0x400 ./Middlewares/Third_Party/FreeRTOS/Source/CMSIS_RTOS_V2/cmsis_os2.o
 .bss.xQueueRegistry
                0x20000bbc       0x40 ./Middlewares/Third_Party/FreeRTOS/Source/queue.o
                0x20000bbc                xQueueRegistry
 .bss.pxCurrentTCB
                0x20000bfc        0x4 ./Middlewares/Third_Party/FreeRTOS/Source/tasks.o
                0x20000bfc                pxCurrentTCB
 .bss.pxReadyTasksLists
                0x20000c00      0x460 ./Middlewares/Third_Party/FreeRTOS/Source/tasks.o
 .bss.xDelayedTaskList1
                0x20001060       0x14 ./Middlewares/Third_Party/FreeRTOS/Source/tasks.o
 .bss.xDelayedTaskList2
                0x20001074       0x14 ./Middlewares/Third_Party/FreeRTOS/Source/tasks.o
 .bss.pxDelayedTaskList
                0x20001088        0x4 ./Middlewares/Third_Party/FreeRTOS/Source/tasks.o
 .bss.pxOverflowDelayedTaskList
                0x2000108c        0x4 ./Middlewares/Third_Party/FreeRTOS/Source/tasks.o
 .bss.xPendingReadyList
                0x20001090       0x14 ./Middlewares/Third_Party/FreeRTOS/Source/tasks.o
 .bss.xTasksWaitingTermination
                0x200010a4       0x14 ./Middlewares/Third_Party/FreeRTOS/Source/tasks.o
 .bss.uxDeletedTasksWaitingCleanUp
                0x200010b8        0x4 ./Middlewares/Third_Party/FreeRTOS/Source/tasks.o
 .bss.xSuspendedTaskList
                0x200010bc       0x14 ./Middlewares/Third_Party/FreeRTOS/Source/tasks.o
 .bss.uxCurrentNumberOfTasks
                0x200010d0        0x4 ./Middlewares/Third_Party/FreeRTOS/Source/tasks.o
 .bss.xTickCount
                0x200010d4        0x4 ./Middlewares/Third_Party/FreeRTOS/Source/tasks.o
 .bss.uxTopReadyPriority
                0x200010d8        0x4 ./Middlewares/Third_Party/FreeRTOS/Source/tasks.o
 .bss.xSchedulerRunning
                0x200010dc        0x4 ./Middlewares/Third_Party/FreeRTOS/Source/tasks.o
 .bss.xPendedTicks
                0x200010e0        0x4 ./Middlewares/Third_Party/FreeRTOS/Source/tasks.o
 .bss.xYieldPending
                0x200010e4        0x4 ./Middlewares/Third_Party/FreeRTOS/Source/tasks.o
 .bss.xNumOfOverflows
                0x200010e8        0x4 ./Middlewares/Third_Party/FreeRTOS/Source/tasks.o
 .bss.uxTaskNumber
                0x200010ec        0x4 ./Middlewares/Third_Party/FreeRTOS/Source/tasks.o
 .bss.xNextTaskUnblockTime
                0x200010f0        0x4 ./Middlewares/Third_Party/FreeRTOS/Source/tasks.o
 .bss.xIdleTaskHandle
                0x200010f4        0x4 ./Middlewares/Third_Party/FreeRTOS/Source/tasks.o
 .bss.uxSchedulerSuspended
                0x200010f8        0x4 ./Middlewares/Third_Party/FreeRTOS/Source/tasks.o
 .bss.xActiveTimerList1
                0x200010fc       0x14 ./Middlewares/Third_Party/FreeRTOS/Source/timers.o
 .bss.xActiveTimerList2
                0x20001110       0x14 ./Middlewares/Third_Party/FreeRTOS/Source/timers.o
 .bss.pxCurrentTimerList
                0x20001124        0x4 ./Middlewares/Third_Party/FreeRTOS/Source/timers.o
 .bss.pxOverflowTimerList
                0x20001128        0x4 ./Middlewares/Third_Party/FreeRTOS/Source/timers.o
 .bss.xTimerQueue
                0x2000112c        0x4 ./Middlewares/Third_Party/FreeRTOS/Source/timers.o
 .bss.xTimerTaskHandle
                0x20001130        0x4 ./Middlewares/Third_Party/FreeRTOS/Source/timers.o
 .bss.xLastTime.2
                0x20001134        0x4 ./Middlewares/Third_Party/FreeRTOS/Source/timers.o
 .bss.ucStaticTimerQueueStorage.1
                0x20001138       0xa0 ./Middlewares/Third_Party/FreeRTOS/Source/timers.o
 .bss.xStaticTimerQueue.0
                0x200011d8       0x50 ./Middlewares/Third_Party/FreeRTOS/Source/timers.o
 .bss.ucMaxSysCallPriority
                0x20001228        0x1 ./Middlewares/Third_Party/FreeRTOS/Source/portable/GCC/ARM_CM4F/port.o
 *fill*         0x20001229        0x3 
 .bss.ulMaxPRIGROUPValue
                0x2000122c        0x4 ./Middlewares/Third_Party/FreeRTOS/Source/portable/GCC/ARM_CM4F/port.o
 .bss.ucHeap    0x20001230     0x3c00 ./Middlewares/Third_Party/FreeRTOS/Source/portable/MemMang/heap_4.o
 .bss.xStart    0x20004e30        0x8 ./Middlewares/Third_Party/FreeRTOS/Source/portable/MemMang/heap_4.o
 .bss.pxEnd     0x20004e38        0x4 ./Middlewares/Third_Party/FreeRTOS/Source/portable/MemMang/heap_4.o
 .bss.xFreeBytesRemaining
                0x20004e3c        0x4 ./Middlewares/Third_Party/FreeRTOS/Source/portable/MemMang/heap_4.o
 .bss.xMinimumEverFreeBytesRemaining
                0x20004e40        0x4 ./Middlewares/Third_Party/FreeRTOS/Source/portable/MemMang/heap_4.o
 .bss.xNumberOfSuccessfulAllocations
                0x20004e44        0x4 ./Middlewares/Third_Party/FreeRTOS/Source/portable/MemMang/heap_4.o
 .bss.xNumberOfSuccessfulFrees
                0x20004e48        0x4 ./Middlewares/Third_Party/FreeRTOS/Source/portable/MemMang/heap_4.o
 .bss.xBlockAllocatedBit
                0x20004e4c        0x4 ./Middlewares/Third_Party/FreeRTOS/Source/portable/MemMang/heap_4.o
 *(COMMON)
                0x20004e50                        . = ALIGN (0x4)
                0x20004e50                        _ebss = .
                0x20004e50                        __bss_end__ = _ebss

._user_heap_stack
                0x20004e50      0x600 load address 0x0800b7cc
                0x20004e50                        . = ALIGN (0x8)
                [!provide]                        PROVIDE (end = .)
                0x20004e50                        PROVIDE (_end = .)
                0x20005050                        . = (. + _Min_Heap_Size)
 *fill*         0x20004e50      0x200 
                0x20005450                        . = (. + _Min_Stack_Size)
 *fill*         0x20005050      0x400 
                0x20005450                        . = ALIGN (0x8)

/DISCARD/
 libc.a(*)
 libm.a(*)
 libgcc.a(*)

.ARM.attributes
                0x00000000       0x30
 *(.ARM.attributes)
 .ARM.attributes
                0x00000000       0x22 C:/ST/STM32CubeIDE_1.19.0/STM32CubeIDE/plugins/com.st.stm32cube.ide.mcu.externaltools.gnu-tools-for-stm32.13.3.rel1.win32_1.0.0.202411081344/tools/bin/../lib/gcc/arm-none-eabi/13.3.1/thumb/v7e-m+fp/hard/crti.o
 .ARM.attributes
                0x00000022       0x34 C:/ST/STM32CubeIDE_1.19.0/STM32CubeIDE/plugins/com.st.stm32cube.ide.mcu.externaltools.gnu-tools-for-stm32.13.3.rel1.win32_1.0.0.202411081344/tools/bin/../lib/gcc/arm-none-eabi/13.3.1/thumb/v7e-m+fp/hard/crtbegin.o
 .ARM.attributes
                0x00000056       0x34 ./Core/Src/BNO055.o
 .ARM.attributes
                0x0000008a       0x34 ./Core/Src/CRC.o
 .ARM.attributes
                0x000000be       0x34 ./Core/Src/Telemetry.o
 .ARM.attributes
                0x000000f2       0x34 ./Core/Src/adc.o
 .ARM.attributes
                0x00000126       0x34 ./Core/Src/dma.o
 .ARM.attributes
                0x0000015a       0x34 ./Core/Src/freertos.o
 .ARM.attributes
                0x0000018e       0x34 ./Core/Src/gpio.o
 .ARM.attributes
                0x000001c2       0x34 ./Core/Src/i2c.o
 .ARM.attributes
                0x000001f6       0x34 ./Core/Src/main.o
 .ARM.attributes
                0x0000022a       0x34 ./Core/Src/stm32f4xx_hal_msp.o
 .ARM.attributes
                0x0000025e       0x34 ./Core/Src/stm32f4xx_hal_timebase_tim.o
 .ARM.attributes
                0x00000292       0x34 ./Core/Src/stm32f4xx_it.o
 .ARM.attributes
                0x000002c6       0x34 ./Core/Src/system_stm32f4xx.o
 .ARM.attributes
                0x000002fa       0x34 ./Core/Src/tim.o
 .ARM.attributes
                0x0000032e       0x34 ./Core/Src/usart.o
 .ARM.attributes
                0x00000362       0x21 ./Core/Startup/startup_stm32f411ceux.o
 .ARM.attributes
                0x00000383       0x34 ./Drivers/STM32F4xx_HAL_Driver/Src/stm32f4xx_hal.o
 .ARM.attributes
                0x000003b7       0x34 ./Drivers/STM32F4xx_HAL_Driver/Src/stm32f4xx_hal_adc.o
 .ARM.attributes
                0x000003eb       0x34 ./Drivers/STM32F4xx_HAL_Driver/Src/stm32f4xx_hal_cortex.o
 .ARM.attributes
                0x0000041f       0x34 ./Drivers/STM32F4xx_HAL_Driver/Src/stm32f4xx_hal_dma.o
 .ARM.attributes
                0x00000453       0x34 ./Drivers/STM32F4xx_HAL_Driver/Src/stm32f4xx_hal_gpio.o
 .ARM.attributes
                0x00000487       0x34 ./Drivers/STM32F4xx_HAL_Driver/Src/stm32f4xx_hal_i2c.o
 .ARM.attributes
                0x000004bb       0x34 ./Drivers/STM32F4xx_HAL_Driver/Src/stm32f4xx_hal_rcc.o
 .ARM.attributes
                0x000004ef       0x34 ./Drivers/STM32F4xx_HAL_Driver/Src/stm32f4xx_hal_tim.o
 .ARM.attributes
                0x00000523       0x34 ./Drivers/STM32F4xx_HAL_Driver/Src/stm32f4xx_hal_tim_ex.o
 .ARM.attributes
                0x00000557       0x34 ./Drivers/STM32F4xx_HAL_Driver/Src/stm32f4xx_hal_uart.o
 .ARM.attributes
                0x0000058b       0x34 ./Middlewares/Third_Party/FreeRTOS/Source/CMSIS_RTOS_V2/cmsis_os2.o
 .ARM.attributes
                0x000005bf       0x34 ./Middlewares/Third_Party/FreeRTOS/Source/list.o
 .ARM.attributes
                0x000005f3       0x34 ./Middlewares/Third_Party/FreeRTOS/Source/queue.o
 .ARM.attributes
                0x00000627       0x34 ./Middlewares/Third_Party/FreeRTOS/Source/tasks.o
 .ARM.attributes
                0x0000065b       0x34 ./Middlewares/Third_Party/FreeRTOS/Source/timers.o
 .ARM.attributes
                0x0000068f       0x34 ./Middlewares/Third_Party/FreeRTOS/Source/portable/GCC/ARM_CM4F/port.o
 .ARM.attributes
                0x000006c3       0x34 ./Middlewares/Third_Party/FreeRTOS/Source/portable/MemMang/heap_4.o
 .ARM.attributes
                0x000006f7       0x34 C:/ST/STM32CubeIDE_1.19.0/STM32CubeIDE/plugins/com.st.stm32cube.ide.mcu.externaltools.gnu-tools-for-stm32.13.3.rel1.win32_1.0.0.202411081344/tools/bin/../lib/gcc/arm-none-eabi/13.3.1/../../../../arm-none-eabi/lib/thumb/v7e-m+fp/hard\libc_nano.a(libc_a-memset.o)
 .ARM.attributes
                0x0000072b       0x34 C:/ST/STM32CubeIDE_1.19.0/STM32CubeIDE/plugins/com.st.stm32cube.ide.mcu.externaltools.gnu-tools-for-stm32.13.3.rel1.win32_1.0.0.202411081344/tools/bin/../lib/gcc/arm-none-eabi/13.3.1/../../../../arm-none-eabi/lib/thumb/v7e-m+fp/hard\libc_nano.a(libc_a-init.o)
 .ARM.attributes
                0x0000075f       0x34 C:/ST/STM32CubeIDE_1.19.0/STM32CubeIDE/plugins/com.st.stm32cube.ide.mcu.externaltools.gnu-tools-for-stm32.13.3.rel1.win32_1.0.0.202411081344/tools/bin/../lib/gcc/arm-none-eabi/13.3.1/../../../../arm-none-eabi/lib/thumb/v7e-m+fp/hard\libc_nano.a(libc_a-memcpy-stub.o)
 .ARM.attributes
                0x00000793       0x22 C:/ST/STM32CubeIDE_1.19.0/STM32CubeIDE/plugins/com.st.stm32cube.ide.mcu.externaltools.gnu-tools-for-stm32.13.3.rel1.win32_1.0.0.202411081344/tools/bin/../lib/gcc/arm-none-eabi/13.3.1/thumb/v7e-m+fp/hard\libgcc.a(_arm_muldf3.o)
 .ARM.attributes
                0x000007b5       0x22 C:/ST/STM32CubeIDE_1.19.0/STM32CubeIDE/plugins/com.st.stm32cube.ide.mcu.externaltools.gnu-tools-for-stm32.13.3.rel1.win32_1.0.0.202411081344/tools/bin/../lib/gcc/arm-none-eabi/13.3.1/thumb/v7e-m+fp/hard\libgcc.a(_arm_addsubdf3.o)
 .ARM.attributes
                0x000007d7       0x22 C:/ST/STM32CubeIDE_1.19.0/STM32CubeIDE/plugins/com.st.stm32cube.ide.mcu.externaltools.gnu-tools-for-stm32.13.3.rel1.win32_1.0.0.202411081344/tools/bin/../lib/gcc/arm-none-eabi/13.3.1/thumb/v7e-m+fp/hard\libgcc.a(_arm_truncdfsf2.o)
 .ARM.attributes
                0x000007f9       0x22 C:/ST/STM32CubeIDE_1.19.0/STM32CubeIDE/plugins/com.st.stm32cube.ide.mcu.externaltools.gnu-tools-for-stm32.13.3.rel1.win32_1.0.0.202411081344/tools/bin/../lib/gcc/arm-none-eabi/13.3.1/thumb/v7e-m+fp/hard\libgcc.a(_aeabi_uldivmod.o)
 .ARM.attributes
                0x0000081b       0x34 C:/ST/STM32CubeIDE_1.19.0/STM32CubeIDE/plugins/com.st.stm32cube.ide.mcu.externaltools.gnu-tools-for-stm32.13.3.rel1.win32_1.0.0.202411081344/tools/bin/../lib/gcc/arm-none-eabi/13.3.1/thumb/v7e-m+fp/hard\libgcc.a(_udivmoddi4.o)
 .ARM.attributes
                0x0000084f       0x22 C:/ST/STM32CubeIDE_1.19.0/STM32CubeIDE/plugins/com.st.stm32cube.ide.mcu.externaltools.gnu-tools-for-stm32.13.3.rel1.win32_1.0.0.202411081344/tools/bin/../lib/gcc/arm-none-eabi/13.3.1/thumb/v7e-m+fp/hard\libgcc.a(_dvmd_tls.o)
 .ARM.attributes
                0x00000871       0x22 C:/ST/STM32CubeIDE_1.19.0/STM32CubeIDE/plugins/com.st.stm32cube.ide.mcu.externaltools.gnu-tools-for-stm32.13.3.rel1.win32_1.0.0.202411081344/tools/bin/../lib/gcc/arm-none-eabi/13.3.1/thumb/v7e-m+fp/hard/crtn.o
OUTPUT(ODYSSEY_Cubesat.elf elf32-littlearm)
LOAD linker stubs
LOAD C:/ST/STM32CubeIDE_1.19.0/STM32CubeIDE/plugins/com.st.stm32cube.ide.mcu.externaltools.gnu-tools-for-stm32.13.3.rel1.win32_1.0.0.202411081344/tools/bin/../lib/gcc/arm-none-eabi/13.3.1/../../../../arm-none-eabi/lib/thumb/v7e-m+fp/hard\libc.a
LOAD C:/ST/STM32CubeIDE_1.19.0/STM32CubeIDE/plugins/com.st.stm32cube.ide.mcu.externaltools.gnu-tools-for-stm32.13.3.rel1.win32_1.0.0.202411081344/tools/bin/../lib/gcc/arm-none-eabi/13.3.1/../../../../arm-none-eabi/lib/thumb/v7e-m+fp/hard\libm.a
LOAD C:/ST/STM32CubeIDE_1.19.0/STM32CubeIDE/plugins/com.st.stm32cube.ide.mcu.externaltools.gnu-tools-for-stm32.13.3.rel1.win32_1.0.0.202411081344/tools/bin/../lib/gcc/arm-none-eabi/13.3.1/thumb/v7e-m+fp/hard\libgcc.a

.debug_info     0x00000000    0x1ea0d
 .debug_info    0x00000000      0xa5a ./Core/Src/BNO055.o
 .debug_info    0x00000a5a      0x133 ./Core/Src/CRC.o
 .debug_info    0x00000b8d      0x25b ./Core/Src/Telemetry.o
 .debug_info    0x00000de8      0xa06 ./Core/Src/adc.o
 .debug_info    0x000017ee      0x45e ./Core/Src/dma.o
 .debug_info    0x00001c4c      0x434 ./Core/Src/freertos.o
 .debug_info    0x00002080      0x433 ./Core/Src/gpio.o
 .debug_info    0x000024b3      0x9e2 ./Core/Src/i2c.o
 .debug_info    0x00002e95     0x1a8f ./Core/Src/main.o
 .debug_info    0x00004924      0x44f ./Core/Src/stm32f4xx_hal_msp.o
 .debug_info    0x00004d73      0xb83 ./Core/Src/stm32f4xx_hal_timebase_tim.o
 .debug_info    0x000058f6      0xa05 ./Core/Src/stm32f4xx_it.o
 .debug_info    0x000062fb      0x53e ./Core/Src/system_stm32f4xx.o
 .debug_info    0x00006839     0x103e ./Core/Src/tim.o
 .debug_info    0x00007877      0xbd1 ./Core/Src/usart.o
 .debug_info    0x00008448       0x30 ./Core/Startup/startup_stm32f411ceux.o
 .debug_info    0x00008478      0x8c4 ./Drivers/STM32F4xx_HAL_Driver/Src/stm32f4xx_hal.o
 .debug_info    0x00008d3c      0xce0 ./Drivers/STM32F4xx_HAL_Driver/Src/stm32f4xx_hal_adc.o
 .debug_info    0x00009a1c      0xcfc ./Drivers/STM32F4xx_HAL_Driver/Src/stm32f4xx_hal_cortex.o
 .debug_info    0x0000a718      0x8e6 ./Drivers/STM32F4xx_HAL_Driver/Src/stm32f4xx_hal_dma.o
 .debug_info    0x0000affe      0x6f9 ./Drivers/STM32F4xx_HAL_Driver/Src/stm32f4xx_hal_gpio.o
 .debug_info    0x0000b6f7     0x2426 ./Drivers/STM32F4xx_HAL_Driver/Src/stm32f4xx_hal_i2c.o
 .debug_info    0x0000db1d      0x904 ./Drivers/STM32F4xx_HAL_Driver/Src/stm32f4xx_hal_rcc.o
 .debug_info    0x0000e421     0x2996 ./Drivers/STM32F4xx_HAL_Driver/Src/stm32f4xx_hal_tim.o
 .debug_info    0x00010db7     0x14d4 ./Drivers/STM32F4xx_HAL_Driver/Src/stm32f4xx_hal_tim_ex.o
 .debug_info    0x0001228b     0x2f56 ./Drivers/STM32F4xx_HAL_Driver/Src/stm32f4xx_hal_uart.o
 .debug_info    0x000151e1     0x39dd ./Middlewares/Third_Party/FreeRTOS/Source/CMSIS_RTOS_V2/cmsis_os2.o
 .debug_info    0x00018bbe      0x2af ./Middlewares/Third_Party/FreeRTOS/Source/list.o
 .debug_info    0x00018e6d     0x1b79 ./Middlewares/Third_Party/FreeRTOS/Source/queue.o
 .debug_info    0x0001a9e6     0x21ec ./Middlewares/Third_Party/FreeRTOS/Source/tasks.o
 .debug_info    0x0001cbd2     0x1488 ./Middlewares/Third_Party/FreeRTOS/Source/timers.o
 .debug_info    0x0001e05a      0x4de ./Middlewares/Third_Party/FreeRTOS/Source/portable/GCC/ARM_CM4F/port.o
 .debug_info    0x0001e538      0x4d5 ./Middlewares/Third_Party/FreeRTOS/Source/portable/MemMang/heap_4.o

.debug_abbrev   0x00000000     0x4834
 .debug_abbrev  0x00000000      0x21b ./Core/Src/BNO055.o
 .debug_abbrev  0x0000021b       0xbe ./Core/Src/CRC.o
 .debug_abbrev  0x000002d9      0x10b ./Core/Src/Telemetry.o
 .debug_abbrev  0x000003e4      0x204 ./Core/Src/adc.o
 .debug_abbrev  0x000005e8      0x11b ./Core/Src/dma.o
 .debug_abbrev  0x00000703      0x15e ./Core/Src/freertos.o
 .debug_abbrev  0x00000861      0x151 ./Core/Src/gpio.o
 .debug_abbrev  0x000009b2      0x204 ./Core/Src/i2c.o
 .debug_abbrev  0x00000bb6      0x397 ./Core/Src/main.o
 .debug_abbrev  0x00000f4d      0x119 ./Core/Src/stm32f4xx_hal_msp.o
 .debug_abbrev  0x00001066      0x207 ./Core/Src/stm32f4xx_hal_timebase_tim.o
 .debug_abbrev  0x0000126d      0x1b6 ./Core/Src/stm32f4xx_it.o
 .debug_abbrev  0x00001423      0x11a ./Core/Src/system_stm32f4xx.o
 .debug_abbrev  0x0000153d      0x26c ./Core/Src/tim.o
 .debug_abbrev  0x000017a9      0x233 ./Core/Src/usart.o
 .debug_abbrev  0x000019dc       0x24 ./Core/Startup/startup_stm32f411ceux.o
 .debug_abbrev  0x00001a00      0x24b ./Drivers/STM32F4xx_HAL_Driver/Src/stm32f4xx_hal.o
 .debug_abbrev  0x00001c4b      0x20e ./Drivers/STM32F4xx_HAL_Driver/Src/stm32f4xx_hal_adc.o
 .debug_abbrev  0x00001e59      0x31d ./Drivers/STM32F4xx_HAL_Driver/Src/stm32f4xx_hal_cortex.o
 .debug_abbrev  0x00002176      0x221 ./Drivers/STM32F4xx_HAL_Driver/Src/stm32f4xx_hal_dma.o
 .debug_abbrev  0x00002397      0x1d3 ./Drivers/STM32F4xx_HAL_Driver/Src/stm32f4xx_hal_gpio.o
 .debug_abbrev  0x0000256a      0x2bc ./Drivers/STM32F4xx_HAL_Driver/Src/stm32f4xx_hal_i2c.o
 .debug_abbrev  0x00002826      0x2b6 ./Drivers/STM32F4xx_HAL_Driver/Src/stm32f4xx_hal_rcc.o
 .debug_abbrev  0x00002adc      0x28b ./Drivers/STM32F4xx_HAL_Driver/Src/stm32f4xx_hal_tim.o
 .debug_abbrev  0x00002d67      0x296 ./Drivers/STM32F4xx_HAL_Driver/Src/stm32f4xx_hal_tim_ex.o
 .debug_abbrev  0x00002ffd      0x31b ./Drivers/STM32F4xx_HAL_Driver/Src/stm32f4xx_hal_uart.o
 .debug_abbrev  0x00003318      0x520 ./Middlewares/Third_Party/FreeRTOS/Source/CMSIS_RTOS_V2/cmsis_os2.o
 .debug_abbrev  0x00003838       0xf5 ./Middlewares/Third_Party/FreeRTOS/Source/list.o
 .debug_abbrev  0x0000392d      0x3b6 ./Middlewares/Third_Party/FreeRTOS/Source/queue.o
 .debug_abbrev  0x00003ce3      0x386 ./Middlewares/Third_Party/FreeRTOS/Source/tasks.o
 .debug_abbrev  0x00004069      0x352 ./Middlewares/Third_Party/FreeRTOS/Source/timers.o
 .debug_abbrev  0x000043bb      0x25c ./Middlewares/Third_Party/FreeRTOS/Source/portable/GCC/ARM_CM4F/port.o
 .debug_abbrev  0x00004617      0x21d ./Middlewares/Third_Party/FreeRTOS/Source/portable/MemMang/heap_4.o

.debug_aranges  0x00000000     0x1a40
 .debug_aranges
                0x00000000       0x58 ./Core/Src/BNO055.o
 .debug_aranges
                0x00000058       0x20 ./Core/Src/CRC.o
 .debug_aranges
                0x00000078       0x38 ./Core/Src/Telemetry.o
 .debug_aranges
                0x000000b0       0x30 ./Core/Src/adc.o
 .debug_aranges
                0x000000e0       0x20 ./Core/Src/dma.o
 .debug_aranges
                0x00000100       0x28 ./Core/Src/freertos.o
 .debug_aranges
                0x00000128       0x20 ./Core/Src/gpio.o
 .debug_aranges
                0x00000148       0x30 ./Core/Src/i2c.o
 .debug_aranges
                0x00000178       0xa0 ./Core/Src/main.o
 .debug_aranges
                0x00000218       0x20 ./Core/Src/stm32f4xx_hal_msp.o
 .debug_aranges
                0x00000238       0x30 ./Core/Src/stm32f4xx_hal_timebase_tim.o
 .debug_aranges
                0x00000268       0x88 ./Core/Src/stm32f4xx_it.o
 .debug_aranges
                0x000002f0       0x28 ./Core/Src/system_stm32f4xx.o
 .debug_aranges
                0x00000318       0x50 ./Core/Src/tim.o
 .debug_aranges
                0x00000368       0x38 ./Core/Src/usart.o
 .debug_aranges
                0x000003a0       0x28 ./Core/Startup/startup_stm32f411ceux.o
 .debug_aranges
                0x000003c8       0xf0 ./Drivers/STM32F4xx_HAL_Driver/Src/stm32f4xx_hal.o
 .debug_aranges
                0x000004b8       0xe8 ./Drivers/STM32F4xx_HAL_Driver/Src/stm32f4xx_hal_adc.o
 .debug_aranges
                0x000005a0      0x130 ./Drivers/STM32F4xx_HAL_Driver/Src/stm32f4xx_hal_cortex.o
 .debug_aranges
                0x000006d0       0x90 ./Drivers/STM32F4xx_HAL_Driver/Src/stm32f4xx_hal_dma.o
 .debug_aranges
                0x00000760       0x58 ./Drivers/STM32F4xx_HAL_Driver/Src/stm32f4xx_hal_gpio.o
 .debug_aranges
                0x000007b8      0x2a8 ./Drivers/STM32F4xx_HAL_Driver/Src/stm32f4xx_hal_i2c.o
 .debug_aranges
                0x00000a60       0x88 ./Drivers/STM32F4xx_HAL_Driver/Src/stm32f4xx_hal_rcc.o
 .debug_aranges
                0x00000ae8      0x3d0 ./Drivers/STM32F4xx_HAL_Driver/Src/stm32f4xx_hal_tim.o
 .debug_aranges
                0x00000eb8      0x168 ./Drivers/STM32F4xx_HAL_Driver/Src/stm32f4xx_hal_tim_ex.o
 .debug_aranges
                0x00001020      0x208 ./Drivers/STM32F4xx_HAL_Driver/Src/stm32f4xx_hal_uart.o
 .debug_aranges
                0x00001228      0x2b0 ./Middlewares/Third_Party/FreeRTOS/Source/CMSIS_RTOS_V2/cmsis_os2.o
 .debug_aranges
                0x000014d8       0x40 ./Middlewares/Third_Party/FreeRTOS/Source/list.o
 .debug_aranges
                0x00001518      0x158 ./Middlewares/Third_Party/FreeRTOS/Source/queue.o
 .debug_aranges
                0x00001670      0x208 ./Middlewares/Third_Party/FreeRTOS/Source/tasks.o
 .debug_aranges
                0x00001878       0xf0 ./Middlewares/Third_Party/FreeRTOS/Source/timers.o
 .debug_aranges
                0x00001968       0x80 ./Middlewares/Third_Party/FreeRTOS/Source/portable/GCC/ARM_CM4F/port.o
 .debug_aranges
                0x000019e8       0x58 ./Middlewares/Third_Party/FreeRTOS/Source/portable/MemMang/heap_4.o

.debug_rnglists
                0x00000000     0x1474
 .debug_rnglists
                0x00000000       0x43 ./Core/Src/BNO055.o
 .debug_rnglists
                0x00000043       0x13 ./Core/Src/CRC.o
 .debug_rnglists
                0x00000056       0x29 ./Core/Src/Telemetry.o
 .debug_rnglists
                0x0000007f       0x21 ./Core/Src/adc.o
 .debug_rnglists
                0x000000a0       0x14 ./Core/Src/dma.o
 .debug_rnglists
                0x000000b4       0x19 ./Core/Src/freertos.o
 .debug_rnglists
                0x000000cd       0x14 ./Core/Src/gpio.o
 .debug_rnglists
                0x000000e1       0x20 ./Core/Src/i2c.o
 .debug_rnglists
                0x00000101       0x7b ./Core/Src/main.o
 .debug_rnglists
                0x0000017c       0x13 ./Core/Src/stm32f4xx_hal_msp.o
 .debug_rnglists
                0x0000018f       0x20 ./Core/Src/stm32f4xx_hal_timebase_tim.o
 .debug_rnglists
                0x000001af       0x61 ./Core/Src/stm32f4xx_it.o
 .debug_rnglists
                0x00000210       0x1a ./Core/Src/system_stm32f4xx.o
 .debug_rnglists
                0x0000022a       0x3e ./Core/Src/tim.o
 .debug_rnglists
                0x00000268       0x26 ./Core/Src/usart.o
 .debug_rnglists
                0x0000028e       0x19 ./Core/Startup/startup_stm32f411ceux.o
 .debug_rnglists
                0x000002a7       0xaf ./Drivers/STM32F4xx_HAL_Driver/Src/stm32f4xx_hal.o
 .debug_rnglists
                0x00000356       0xb5 ./Drivers/STM32F4xx_HAL_Driver/Src/stm32f4xx_hal_adc.o
 .debug_rnglists
                0x0000040b       0xe0 ./Drivers/STM32F4xx_HAL_Driver/Src/stm32f4xx_hal_cortex.o
 .debug_rnglists
                0x000004eb       0x70 ./Drivers/STM32F4xx_HAL_Driver/Src/stm32f4xx_hal_dma.o
 .debug_rnglists
                0x0000055b       0x3f ./Drivers/STM32F4xx_HAL_Driver/Src/stm32f4xx_hal_gpio.o
 .debug_rnglists
                0x0000059a      0x23c ./Drivers/STM32F4xx_HAL_Driver/Src/stm32f4xx_hal_i2c.o
 .debug_rnglists
                0x000007d6       0x66 ./Drivers/STM32F4xx_HAL_Driver/Src/stm32f4xx_hal_rcc.o
 .debug_rnglists
                0x0000083c      0x31a ./Drivers/STM32F4xx_HAL_Driver/Src/stm32f4xx_hal_tim.o
 .debug_rnglists
                0x00000b56      0x125 ./Drivers/STM32F4xx_HAL_Driver/Src/stm32f4xx_hal_tim_ex.o
 .debug_rnglists
                0x00000c7b      0x1bc ./Drivers/STM32F4xx_HAL_Driver/Src/stm32f4xx_hal_uart.o
 .debug_rnglists
                0x00000e37      0x212 ./Middlewares/Third_Party/FreeRTOS/Source/CMSIS_RTOS_V2/cmsis_os2.o
 .debug_rnglists
                0x00001049       0x2b ./Middlewares/Third_Party/FreeRTOS/Source/list.o
 .debug_rnglists
                0x00001074      0x109 ./Middlewares/Third_Party/FreeRTOS/Source/queue.o
 .debug_rnglists
                0x0000117d      0x1a0 ./Middlewares/Third_Party/FreeRTOS/Source/tasks.o
 .debug_rnglists
                0x0000131d       0xb8 ./Middlewares/Third_Party/FreeRTOS/Source/timers.o
 .debug_rnglists
                0x000013d5       0x5d ./Middlewares/Third_Party/FreeRTOS/Source/portable/GCC/ARM_CM4F/port.o
 .debug_rnglists
                0x00001432       0x42 ./Middlewares/Third_Party/FreeRTOS/Source/portable/MemMang/heap_4.o

.debug_macro    0x00000000    0x1b4ce
 .debug_macro   0x00000000      0x21e ./Core/Src/BNO055.o
 .debug_macro   0x0000021e      0xad8 ./Core/Src/BNO055.o
 .debug_macro   0x00000cf6      0x2a7 ./Core/Src/BNO055.o
 .debug_macro   0x00000f9d       0x2e ./Core/Src/BNO055.o
 .debug_macro   0x00000fcb       0x28 ./Core/Src/BNO055.o
 .debug_macro   0x00000ff3       0x22 ./Core/Src/BNO055.o
 .debug_macro   0x00001015       0x8e ./Core/Src/BNO055.o
 .debug_macro   0x000010a3       0x51 ./Core/Src/BNO055.o
 .debug_macro   0x000010f4      0x103 ./Core/Src/BNO055.o
 .debug_macro   0x000011f7       0x6a ./Core/Src/BNO055.o
 .debug_macro   0x00001261      0x1df ./Core/Src/BNO055.o
 .debug_macro   0x00001440       0x1c ./Core/Src/BNO055.o
 .debug_macro   0x0000145c       0x22 ./Core/Src/BNO055.o
 .debug_macro   0x0000147e       0xfb ./Core/Src/BNO055.o
 .debug_macro   0x00001579     0x1011 ./Core/Src/BNO055.o
 .debug_macro   0x0000258a      0x11f ./Core/Src/BNO055.o
 .debug_macro   0x000026a9     0xb968 ./Core/Src/BNO055.o
 .debug_macro   0x0000e011       0x6d ./Core/Src/BNO055.o
 .debug_macro   0x0000e07e     0x3693 ./Core/Src/BNO055.o
 .debug_macro   0x00011711      0x190 ./Core/Src/BNO055.o
 .debug_macro   0x000118a1       0x5c ./Core/Src/BNO055.o
 .debug_macro   0x000118fd      0x45c ./Core/Src/BNO055.o
 .debug_macro   0x00011d59      0x9e9 ./Core/Src/BNO055.o
 .debug_macro   0x00012742      0x115 ./Core/Src/BNO055.o
 .debug_macro   0x00012857      0x11b ./Core/Src/BNO055.o
 .debug_macro   0x00012972       0xa5 ./Core/Src/BNO055.o
 .debug_macro   0x00012a17      0x15f ./Core/Src/BNO055.o
 .debug_macro   0x00012b76      0x287 ./Core/Src/BNO055.o
 .debug_macro   0x00012dfd       0x5f ./Core/Src/BNO055.o