Archive member included to satisfy reference by file (symbol)

C:/ST/STM32CubeIDE_1.19.0/STM32CubeIDE/plugins/com.st.stm32cube.ide.mcu.externaltools.gnu-tools-for-stm32.13.3.rel1.win32_1.0.0.202411081344/tools/bin/../lib/gcc/arm-none-eabi/13.3.1/../../../../arm-none-eabi/lib/thumb/v7e-m+fp/hard\libc_nano.a(libc_a-exit.o)
                              C:/ST/STM32CubeIDE_1.19.0/STM32CubeIDE/plugins/com.st.stm32cube.ide.mcu.externaltools.gnu-tools-for-stm32.13.3.rel1.win32_1.0.0.202411081344/tools/bin/../lib/gcc/arm-none-eabi/13.3.1/../../../../arm-none-eabi/lib/thumb/v7e-m+fp/hard/crt0.o (exit)
C:/ST/STM32CubeIDE_1.19.0/STM32CubeIDE/plugins/com.st.stm32cube.ide.mcu.externaltools.gnu-tools-for-stm32.13.3.rel1.win32_1.0.0.202411081344/tools/bin/../lib/gcc/arm-none-eabi/13.3.1/../../../../arm-none-eabi/lib/thumb/v7e-m+fp/hard\libc_nano.a(libc_a-findfp.o)
                              C:/ST/STM32CubeIDE_1.19.0/STM32CubeIDE/plugins/com.st.stm32cube.ide.mcu.externaltools.gnu-tools-for-stm32.13.3.rel1.win32_1.0.0.202411081344/tools/bin/../lib/gcc/arm-none-eabi/13.3.1/../../../../arm-none-eabi/lib/thumb/v7e-m+fp/hard\libc_nano.a(libc_a-exit.o) (__stdio_exit_handler)
C:/ST/STM32CubeIDE_1.19.0/STM32CubeIDE/plugins/com.st.stm32cube.ide.mcu.externaltools.gnu-tools-for-stm32.13.3.rel1.win32_1.0.0.202411081344/tools/bin/../lib/gcc/arm-none-eabi/13.3.1/../../../../arm-none-eabi/lib/thumb/v7e-m+fp/hard\libc_nano.a(libc_a-fwalk.o)
                              C:/ST/STM32CubeIDE_1.19.0/STM32CubeIDE/plugins/com.st.stm32cube.ide.mcu.externaltools.gnu-tools-for-stm32.13.3.rel1.win32_1.0.0.202411081344/tools/bin/../lib/gcc/arm-none-eabi/13.3.1/../../../../arm-none-eabi/lib/thumb/v7e-m+fp/hard\libc_nano.a(libc_a-findfp.o) (_fwalk_sglue)
C:/ST/STM32CubeIDE_1.19.0/STM32CubeIDE/plugins/com.st.stm32cube.ide.mcu.externaltools.gnu-tools-for-stm32.13.3.rel1.win32_1.0.0.202411081344/tools/bin/../lib/gcc/arm-none-eabi/13.3.1/../../../../arm-none-eabi/lib/thumb/v7e-m+fp/hard\libc_nano.a(libc_a-stdio.o)
                              C:/ST/STM32CubeIDE_1.19.0/STM32CubeIDE/plugins/com.st.stm32cube.ide.mcu.externaltools.gnu-tools-for-stm32.13.3.rel1.win32_1.0.0.202411081344/tools/bin/../lib/gcc/arm-none-eabi/13.3.1/../../../../arm-none-eabi/lib/thumb/v7e-m+fp/hard\libc_nano.a(libc_a-findfp.o) (__sread)
C:/ST/STM32CubeIDE_1.19.0/STM32CubeIDE/plugins/com.st.stm32cube.ide.mcu.externaltools.gnu-tools-for-stm32.13.3.rel1.win32_1.0.0.202411081344/tools/bin/../lib/gcc/arm-none-eabi/13.3.1/../../../../arm-none-eabi/lib/thumb/v7e-m+fp/hard\libc_nano.a(libc_a-memset.o)
                              C:/ST/STM32CubeIDE_1.19.0/STM32CubeIDE/plugins/com.st.stm32cube.ide.mcu.externaltools.gnu-tools-for-stm32.13.3.rel1.win32_1.0.0.202411081344/tools/bin/../lib/gcc/arm-none-eabi/13.3.1/../../../../arm-none-eabi/lib/thumb/v7e-m+fp/hard/crt0.o (memset)
C:/ST/STM32CubeIDE_1.19.0/STM32CubeIDE/plugins/com.st.stm32cube.ide.mcu.externaltools.gnu-tools-for-stm32.13.3.rel1.win32_1.0.0.202411081344/tools/bin/../lib/gcc/arm-none-eabi/13.3.1/../../../../arm-none-eabi/lib/thumb/v7e-m+fp/hard\libc_nano.a(libc_a-closer.o)
                              C:/ST/STM32CubeIDE_1.19.0/STM32CubeIDE/plugins/com.st.stm32cube.ide.mcu.externaltools.gnu-tools-for-stm32.13.3.rel1.win32_1.0.0.202411081344/tools/bin/../lib/gcc/arm-none-eabi/13.3.1/../../../../arm-none-eabi/lib/thumb/v7e-m+fp/hard\libc_nano.a(libc_a-stdio.o) (_close_r)
C:/ST/STM32CubeIDE_1.19.0/STM32CubeIDE/plugins/com.st.stm32cube.ide.mcu.externaltools.gnu-tools-for-stm32.13.3.rel1.win32_1.0.0.202411081344/tools/bin/../lib/gcc/arm-none-eabi/13.3.1/../../../../arm-none-eabi/lib/thumb/v7e-m+fp/hard\libc_nano.a(libc_a-reent.o)
                              C:/ST/STM32CubeIDE_1.19.0/STM32CubeIDE/plugins/com.st.stm32cube.ide.mcu.externaltools.gnu-tools-for-stm32.13.3.rel1.win32_1.0.0.202411081344/tools/bin/../lib/gcc/arm-none-eabi/13.3.1/../../../../arm-none-eabi/lib/thumb/v7e-m+fp/hard\libc_nano.a(libc_a-closer.o) (errno)
C:/ST/STM32CubeIDE_1.19.0/STM32CubeIDE/plugins/com.st.stm32cube.ide.mcu.externaltools.gnu-tools-for-stm32.13.3.rel1.win32_1.0.0.202411081344/tools/bin/../lib/gcc/arm-none-eabi/13.3.1/../../../../arm-none-eabi/lib/thumb/v7e-m+fp/hard\libc_nano.a(libc_a-impure.o)
                              C:/ST/STM32CubeIDE_1.19.0/STM32CubeIDE/plugins/com.st.stm32cube.ide.mcu.externaltools.gnu-tools-for-stm32.13.3.rel1.win32_1.0.0.202411081344/tools/bin/../lib/gcc/arm-none-eabi/13.3.1/../../../../arm-none-eabi/lib/thumb/v7e-m+fp/hard\libc_nano.a(libc_a-reent.o) (_impure_ptr)
C:/ST/STM32CubeIDE_1.19.0/STM32CubeIDE/plugins/com.st.stm32cube.ide.mcu.externaltools.gnu-tools-for-stm32.13.3.rel1.win32_1.0.0.202411081344/tools/bin/../lib/gcc/arm-none-eabi/13.3.1/../../../../arm-none-eabi/lib/thumb/v7e-m+fp/hard\libc_nano.a(libc_a-lseekr.o)
[...]
Memory Configuration

Name             Origin             Length             Attributes
RAM              0x20000000         0x00020000         xrw
FLASH            0x08000000         0x00080000         xr
*default*        0x00000000         0xffffffff

Linker script and memory map

LOAD C:/ST/STM32CubeIDE_1.19.0/STM32CubeIDE/plugins/com.st.stm32cube.ide.mcu.externaltools.gnu-tools-for-stm32.13.3.rel1.win32_1.0.0.202411081344/tools/bin/../lib/gcc/arm-none-eabi/13.3.1/thumb/v7e-m+fp/hard/crti.o
LOAD C:/ST/STM32CubeIDE_1.19.0/STM32CubeIDE/plugins/com.st.stm32cube.ide.mcu.externaltools.gnu-tools-for-stm32.13.3.rel1.win32_1.0.0.202411081344/tools/bin/../lib/gcc/arm-none-eabi/13.3.1/thumb/v7e-m+fp/hard/crtbegin.o
LOAD C:/ST/STM32CubeIDE_1.19.0/STM32CubeIDE/plugins/com.st.stm32cube.ide.mcu.externaltools.gnu-tools-for-stm32.13.3.rel1.win32_1.0.0.202411081344/tools/bin/../lib/gcc/arm-none-eabi/13.3.1/../../../../arm-none-eabi/lib/thumb/v7e-m+fp/hard/crt0.o
LOAD ./Core/Src/BNO055.o
LOAD ./Core/Src/CRC.o
LOAD ./Core/Src/E220_900T22D.o
LOAD ./Core/Src/GPS_NEO6M.o
LOAD ./Core/Src/IMU.o
LOAD ./Core/Src/MPU6050.o
LOAD ./Core/Src/Telemetry.o
LOAD ./Core/Src/adc.o
LOAD ./Core/Src/dma.o
LOAD ./Core/Src/freertos.o
LOAD ./Core/Src/gpio.o
LOAD ./Core/Src/i2c.o
LOAD ./Core/Src/main.o
LOAD ./Core/Src/stm32f4xx_hal_msp.o
LOAD ./Core/Src/stm32f4xx_hal_timebase_tim.o
LOAD ./Core/Src/stm32f4xx_it.o
LOAD ./Core/Src/syscalls.o
LOAD ./Core/Src/sysmem.o
LOAD ./Core/Src/system_stm32f4xx.o
LOAD ./Core/Src/tim.o
LOAD ./Core/Src/usart.o
LOAD ./Core/Startup/startup_stm32f411ceux.o
LOAD ./Drivers/STM32F4xx_HAL_Driver/Src/stm32f4xx_hal.o
LOAD ./Drivers/STM32F4xx_HAL_Driver/Src/stm32f4xx_hal_adc.o
LOAD ./Drivers/STM32F4xx_HAL_Driver/Src/stm32f4xx_hal_adc_ex.o
LOAD ./Drivers/STM32F4xx_HAL_Driver/Src/stm32f4xx_hal_cortex.o
LOAD ./Drivers/STM32F4xx_HAL_Driver/Src/stm32f4xx_hal_dma.o
LOAD ./Drivers/STM32F4xx_HAL_Driver/Src/stm32f4xx_hal_dma_ex.o
LOAD ./Drivers/STM32F4xx_HAL_Driver/Src/stm32f4xx_hal_exti.o
LOAD ./Drivers/STM32F4xx_HAL_Driver/Src/stm32f4xx_hal_flash.o
LOAD ./Drivers/STM32F4xx_HAL_Driver/Src/stm32f4xx_hal_flash_ex.o
LOAD ./Drivers/STM32F4xx_HAL_Driver/Src/stm32f4xx_hal_flash_ramfunc.o
LOAD ./Drivers/STM32F4xx_HAL_Driver/Src/stm32f4xx_hal_gpio.o
LOAD ./Drivers/STM32F4xx_HAL_Driver/Src/stm32f4xx_hal_i2c.o
LOAD ./Drivers/STM32F4xx_HAL_Driver/Src/stm32f4xx_hal_i2c_ex.o
LOAD ./Drivers/STM32F4xx_HAL_Driver/Src/stm32f4xx_hal_pwr.o
LOAD ./Drivers/STM32F4xx_HAL_Driver/Src/stm32f4xx_hal_pwr_ex.o
LOAD ./Drivers/STM32F4xx_HAL_Driver/Src/stm32f4xx_hal_rcc.o
LOAD ./Drivers/STM32F4xx_HAL_Driver/Src/stm32f4xx_hal_rcc_ex.o
LOAD ./Drivers/STM32F4xx_HAL_Driver/Src/stm32f4xx_hal_tim.o
LOAD ./Drivers/STM32F4xx_HAL_Driver/Src/stm32f4xx_hal_tim_ex.o
LOAD ./Drivers/STM32F4xx_HAL_Driver/Src/stm32f4xx_hal_uart.o
LOAD ./Drivers/STM32F4xx_HAL_Driver/Src/stm32f4xx_ll_adc.o
LOAD ./Middlewares/Third_Party/FreeRTOS/Source/CMSIS_RTOS_V2/cmsis_os2.o
LOAD ./Middlewares/Third_Party/FreeRTOS/Source/croutine.o
LOAD ./Middlewares/Third_Party/FreeRTOS/Source/event_groups.o
LOAD ./Middlewares/Third_Party/FreeRTOS/Source/list.o
LOAD ./Middlewares/Third_Party/FreeRTOS/Source/queue.o
LOAD ./Middlewares/Third_Party/FreeRTOS/Source/stream_buffer.o
LOAD ./Middlewares/Third_Party/FreeRTOS/Source/tasks.o
LOAD ./Middlewares/Third_Party/FreeRTOS/Source/timers.o
LOAD ./Middlewares/Third_Party/FreeRTOS/Source/portable/GCC/ARM_CM4F/port.o
LOAD ./Middlewares/Third_Party/FreeRTOS/Source/portable/MemMang/heap_4.o
START GROUP
LOAD C:/ST/STM32CubeIDE_1.19.0/STM32CubeIDE/plugins/com.st.stm32cube.ide.mcu.externaltools.gnu-tools-for-stm32.13.3.rel1.win32_1.0.0.202411081344/tools/bin/../lib/gcc/arm-none-eabi/13.3.1/../../../../arm-none-eabi/lib/thumb/v7e-m+fp/hard\libc_nano.a
LOAD C:/ST/STM32CubeIDE_1.19.0/STM32CubeIDE/plugins/com.st.stm32cube.ide.mcu.externaltools.gnu-tools-for-stm32.13.3.rel1.win32_1.0.0.202411081344/tools/bin/../lib/gcc/arm-none-eabi/13.3.1/../../../../arm-none-eabi/lib/thumb/v7e-m+fp/hard\libm.a
END GROUP
START GROUP
LOAD C:/ST/STM32CubeIDE_1.19.0/STM32CubeIDE/plugins/com.st.stm32cube.ide.mcu.externaltools.gnu-tools-for-stm32.13.3.rel1.win32_1.0.0.202411081344/tools/bin/../lib/gcc/arm-none-eabi/13.3.1/thumb/v7e-m+fp/hard\libgcc.a
LOAD C:/ST/STM32CubeIDE_1.19.0/STM32CubeIDE/plugins/com.st.stm32cube.ide.mcu.externaltools.gnu-tools-for-stm32.13.3.rel1.win32_1.0.0.202411081344/tools/bin/../lib/gcc/arm-none-eabi/13.3.1/../../../../arm-none-eabi/lib/thumb/v7e-m+fp/hard\libc_nano.a
END GROUP
START GROUP
LOAD C:/ST/STM32CubeIDE_1.19.0/STM32CubeIDE/plugins/com.st.stm32cube.ide.mcu.externaltools.gnu-tools-for-stm32.13.3.rel1.win32_1.0.0.202411081344/tools/bin/../lib/gcc/arm-none-eabi/13.3.1/thumb/v7e-m+fp/hard\libgcc.a
LOAD C:/ST/STM32CubeIDE_1.19.0/STM32CubeIDE/plugins/com.st.stm32cube.ide.mcu.externaltools.gnu-tools-for-stm32.13.3.rel1.win32_1.0.0.202411081344/tools/bin/../lib/gcc/arm-none-eabi/13.3.1/../../../../arm-none-eabi/lib/thumb/v7e-m+fp/hard\libc_nano.a
LOAD C:/ST/STM32CubeIDE_1.19.0/STM32CubeIDE/plugins/com.st.stm32cube.ide.mcu.externaltools.gnu-tools-for-stm32.13.3.rel1.win32_1.0.0.202411081344/tools/bin/../lib/gcc/arm-none-eabi/13.3.1/../../../../arm-none-eabi/lib/thumb/v7e-m+fp/hard\libnosys.a
END GROUP
START GROUP
LOAD C:/ST/STM32CubeIDE_1.19.0/STM32CubeIDE/plugins/com.st.stm32cube.ide.mcu.externaltools.gnu-tools-for-stm32.13.3.rel1.win32_1.0.0.202411081344/tools/bin/../lib/gcc/arm-none-eabi/13.3.1/thumb/v7e-m+fp/hard\libgcc.a
LOAD C:/ST/STM32CubeIDE_1.19.0/STM32CubeIDE/plugins/com.st.stm32cube.ide.mcu.externaltools.gnu-tools-for-stm32.13.3.rel1.win32_1.0.0.202411081344/tools/bin/../lib/gcc/arm-none-eabi/13.3.1/../../../../arm-none-eabi/lib/thumb/v7e-m+fp/hard\libc_nano.a
LOAD C:/ST/STM32CubeIDE_1.19.0/STM32CubeIDE/plugins/com.st.stm32cube.ide.mcu.externaltools.gnu-tools-for-stm32.13.3.rel1.win32_1.0.0.202411081344/tools/bin/../lib/gcc/arm-none-eabi/13.3.1/../../../../arm-none-eabi/lib/thumb/v7e-m+fp/hard\libnosys.a
END GROUP
LOAD C:/ST/STM32CubeIDE_1.19.0/STM32CubeIDE/plugins/com.st.stm32cube.ide.mcu.externaltools.gnu-tools-for-stm32.13.3.rel1.win32_1.0.0.202411081344/tools/bin/../lib/gcc/arm-none-eabi/13.3.1/thumb/v7e-m+fp/hard/crtend.o
LOAD C:/ST/STM32CubeIDE_1.19.0/STM32CubeIDE/plugins/com.st.stm32cube.ide.mcu.externaltools.gnu-tools-for-stm32.13.3.rel1.win32_1.0.0.202411081344/tools/bin/../lib/gcc/arm-none-eabi/13.3.1/thumb/v7e-m+fp/hard/crtn.o
                0x20020000                        _estack = (ORIGIN (RAM) + LENGTH (RAM))
                0x00000200                        _Min_Heap_Size = 0x200
                0x00000400                        _Min_Stack_Size = 0x400

.isr_vector     0x08000000      0x198
                0x08000000                        . = ALIGN (0x4)
 *(.isr_vector)
 .isr_vector    0x08000000      0x198 ./Core/Startup/startup_stm32f411ceux.o
                0x08000000                g_pfnVectors
                0x08000198                        . = ALIGN (0x4)

.text           0x080001a0     0x9a54
                0x080001a0                        . = ALIGN (0x4)
 *(.text)
 .text          0x080001a0       0x40 C:/ST/STM32CubeIDE_1.19.0/STM32CubeIDE/plugins/com.st.stm32cube.ide.mcu.externaltools.gnu-tools-for-stm32.13.3.rel1.win32_1.0.0.202411081344/tools/bin/../lib/gcc/arm-none-eabi/13.3.1/thumb/v7e-m+fp/hard/crtbegin.o
 .text          0x080001e0      0x254 C:/ST/STM32CubeIDE_1.19.0/STM32CubeIDE/plugins/com.st.stm32cube.ide.mcu.externaltools.gnu-tools-for-stm32.13.3.rel1.win32_1.0.0.202411081344/tools/bin/../lib/gcc/arm-none-eabi/13.3.1/thumb/v7e-m+fp/hard\libgcc.a(_arm_muldf3.o)
                0x080001e0                __muldf3
                0x080001e0                __aeabi_dmul
 .text          0x08000434      0x378 C:/ST/STM32CubeIDE_1.19.0/STM32CubeIDE/plugins/com.st.stm32cube.ide.mcu.externaltools.gnu-tools-for-stm32.13.3.rel1.win32_1.0.0.202411081344/tools/bin/../lib/gcc/arm-none-eabi/13.3.1/thumb/v7e-m+fp/hard\libgcc.a(_arm_addsubdf3.o)
                0x08000434                __aeabi_drsub
                0x0800043c                __aeabi_dsub
                0x0800043c                __subdf3
                0x08000440                __aeabi_dadd
                0x08000440                __adddf3
                0x080006b8                __floatunsidf
                0x080006b8                __aeabi_ui2d
                0x080006d8                __floatsidf
                0x080006d8                __aeabi_i2d
                0x080006fc                __aeabi_f2d
                0x080006fc                __extendsfdf2
                0x08000740                __floatundidf
                0x08000740                __aeabi_ul2d
                0x08000750                __floatdidf
                0x08000750                __aeabi_l2d
 .text          0x080007ac       0xa0 C:/ST/STM32CubeIDE_1.19.0/STM32CubeIDE/plugins/com.st.stm32cube.ide.mcu.externaltools.gnu-tools-for-stm32.13.3.rel1.win32_1.0.0.202411081344/tools/bin/../lib/gcc/arm-none-eabi/13.3.1/thumb/v7e-m+fp/hard\libgcc.a(_arm_truncdfsf2.o)
                0x080007ac                __truncdfsf2
                0x080007ac                __aeabi_d2f
 .text          0x0800084c       0x30 C:/ST/STM32CubeIDE_1.19.0/STM32CubeIDE/plugins/com.st.stm32cube.ide.mcu.externaltools.gnu-tools-for-stm32.13.3.rel1.win32_1.0.0.202411081344/tools/bin/../lib/gcc/arm-none-eabi/13.3.1/thumb/v7e-m+fp/hard\libgcc.a(_aeabi_uldivmod.o)
                0x0800084c                __aeabi_uldivmod
 .text          0x0800087c      0x2f8 C:/ST/STM32CubeIDE_1.19.0/STM32CubeIDE/plugins/com.st.stm32cube.ide.mcu.externaltools.gnu-tools-for-stm32.13.3.rel1.win32_1.0.0.202411081344/tools/bin/../lib/gcc/arm-none-eabi/13.3.1/thumb/v7e-m+fp/hard\libgcc.a(_udivmoddi4.o)
                0x0800087c                __udivmoddi4
 .text          0x08000b74        0x4 C:/ST/STM32CubeIDE_1.19.0/STM32CubeIDE/plugins/com.st.stm32cube.ide.mcu.externaltools.gnu-tools-for-stm32.13.3.rel1.win32_1.0.0.202411081344/tools/bin/../lib/gcc/arm-none-eabi/13.3.1/thumb/v7e-m+fp/hard\libgcc.a(_dvmd_tls.o)
                0x08000b74                __aeabi_idiv0
                0x08000b74                __aeabi_ldiv0
 *(.text*)
 .text.BNO055_Init
                0x08000b78       0xa2 ./Core/Src/BNO055.o
                0x08000b78                BNO055_Init
 .text.BNO055_ReadIMU
                0x08000c1a       0xe6 ./Core/Src/BNO055.o
                0x08000c1a                BNO055_ReadIMU
 .text.CRC16_CCITT
                0x08000d00       0x58 ./Core/Src/CRC.o
                0x08000d00                CRC16_CCITT
 .text.Encode_TelemetryPacket
                0x08000d58      0x114 ./Core/Src/Telemetry.o
                0x08000d58                Encode_TelemetryPacket
 *fill*         0x08000e6c        0x4 
 .text.Decode_ControlPacket
                0x08000e70       0xf8 ./Core/Src/Telemetry.o
                0x08000e70                Decode_ControlPacket
 .text.MX_ADC1_Init
                0x08000f68       0xc0 ./Core/Src/adc.o
                0x08000f68                MX_ADC1_Init
 .text.HAL_ADC_MspInit
                0x08001028       0xf0 ./Core/Src/adc.o
                0x08001028                HAL_ADC_MspInit
 .text.MX_DMA_Init
                0x08001118       0x7c ./Core/Src/dma.o
                0x08001118                MX_DMA_Init
 .text.MX_FREERTOS_Init
                0x08001194       0x48 ./Core/Src/freertos.o
                0x08001194                MX_FREERTOS_Init
 .text.StartDefaultTask
                0x080011dc       0x12 ./Core/Src/freertos.o
                0x080011dc                StartDefaultTask
 *fill*         0x080011ee        0x2 
 .text.MX_GPIO_Init
                0x080011f0      0x10c ./Core/Src/gpio.o
                0x080011f0                MX_GPIO_Init
 .text.MX_I2C1_Init
                0x080012fc       0x5c ./Core/Src/i2c.o
                0x080012fc                MX_I2C1_Init
 .text.HAL_I2C_MspInit
                0x08001358       0x90 ./Core/Src/i2c.o
                0x08001358                HAL_I2C_MspInit
 .text.HAL_UART_RxCpltCallback
                0x080013e8       0x5c ./Core/Src/main.o
                0x080013e8                HAL_UART_RxCpltCallback
 .text.main     0x08001444       0xf0 ./Core/Src/main.o
                0x08001444                main
 .text.SystemClock_Config
                0x08001534       0xd0 ./Core/Src/main.o
                0x08001534                SystemClock_Config
 .text.Send_to_GroundStation_Telemetry
                0x08001604       0x6c ./Core/Src/main.o
                0x08001604                Send_to_GroundStation_Telemetry
 .text.Send_to_GroundStation_HouseKeeping
                0x08001670       0x60 ./Core/Src/main.o
                0x08001670                Send_to_GroundStation_HouseKeeping
 .text.Control_ISR
                0x080016d0       0x30 ./Core/Src/main.o
                0x080016d0                Control_ISR
 .text.HAL_TIM_PeriodElapsedCallback
                0x08001700       0x24 ./Core/Src/main.o
                0x08001700                HAL_TIM_PeriodElapsedCallback
 .text.Error_Handler
                0x08001724        0xc ./Core/Src/main.o
                0x08001724                Error_Handler
 .text.HAL_MspInit
                0x08001730       0x58 ./Core/Src/stm32f4xx_hal_msp.o
                0x08001730                HAL_MspInit
 .text.HAL_InitTick
                0x08001788       0xf8 ./Core/Src/stm32f4xx_hal_timebase_tim.o
                0x08001788                HAL_InitTick
 .text.NMI_Handler
                0x08001880        0x8 ./Core/Src/stm32f4xx_it.o
                0x08001880                NMI_Handler
 .text.HardFault_Handler
                0x08001888        0x8 ./Core/Src/stm32f4xx_it.o
                0x08001888                HardFault_Handler
 .text.MemManage_Handler
                0x08001890        0x8 ./Core/Src/stm32f4xx_it.o
                0x08001890                MemManage_Handler
 .text.BusFault_Handler
                0x08001898        0x8 ./Core/Src/stm32f4xx_it.o
                0x08001898                BusFault_Handler
 .text.UsageFault_Handler
                0x080018a0        0x8 ./Core/Src/stm32f4xx_it.o
                0x080018a0                UsageFault_Handler
 .text.DebugMon_Handler
                0x080018a8        0xe ./Core/Src/stm32f4xx_it.o
                0x080018a8                DebugMon_Handler
 *fill*         0x080018b6        0x2 
 .text.DMA1_Stream5_IRQHandler
                0x080018b8       0x14 ./Core/Src/stm32f4xx_it.o
                0x080018b8                DMA1_Stream5_IRQHandler
 .text.TIM1_BRK_TIM9_IRQHandler
                0x080018cc       0x14 ./Core/Src/stm32f4xx_it.o
                0x080018cc                TIM1_BRK_TIM9_IRQHandler
 .text.TIM2_IRQHandler
                0x080018e0       0x18 ./Core/Src/stm32f4xx_it.o
                0x080018e0                TIM2_IRQHandler
 .text.TIM5_IRQHandler
                0x080018f8       0x14 ./Core/Src/stm32f4xx_it.o
                0x080018f8                TIM5_IRQHandler
 .text.DMA2_Stream0_IRQHandler
                0x0800190c       0x14 ./Core/Src/stm32f4xx_it.o
                0x0800190c                DMA2_Stream0_IRQHandler
 .text.DMA2_Stream1_IRQHandler
                0x08001920       0x14 ./Core/Src/stm32f4xx_it.o
                0x08001920                DMA2_Stream1_IRQHandler
 .text.SystemInit
                0x08001934       0x24 ./Core/Src/system_stm32f4xx.o
                0x08001934                SystemInit
 .text.MX_TIM1_Init
                0x08001958      0x170 ./Core/Src/tim.o
                0x08001958                MX_TIM1_Init
 .text.MX_TIM2_Init
                0x08001ac8       0x98 ./Core/Src/tim.o
                0x08001ac8                MX_TIM2_Init
 .text.MX_TIM3_Init
                0x08001b60       0xe0 ./Core/Src/tim.o
                0x08001b60                MX_TIM3_Init
 .text.HAL_TIM_Base_MspInit
                0x08001c40       0x88 ./Core/Src/tim.o
                0x08001c40                HAL_TIM_Base_MspInit
 .text.HAL_TIM_PWM_MspInit
                0x08001cc8       0x44 ./Core/Src/tim.o
                0x08001cc8                HAL_TIM_PWM_MspInit
 .text.HAL_TIM_MspPostInit
                0x08001d0c      0x100 ./Core/Src/tim.o
                0x08001d0c                HAL_TIM_MspPostInit
 .text.MX_USART1_UART_Init
                0x08001e0c       0x54 ./Core/Src/usart.o
                0x08001e0c                MX_USART1_UART_Init
 .text.MX_USART2_UART_Init
                0x08001e60       0x54 ./Core/Src/usart.o
                0x08001e60                MX_USART2_UART_Init
 .text.MX_USART6_UART_Init
                0x08001eb4       0x54 ./Core/Src/usart.o
                0x08001eb4                MX_USART6_UART_Init
 .text.HAL_UART_MspInit
                0x08001f08      0x270 ./Core/Src/usart.o
                0x08001f08                HAL_UART_MspInit
 .text.Reset_Handler
                0x08002178       0x50 ./Core/Startup/startup_stm32f411ceux.o
                0x08002178                Reset_Handler
 .text.Default_Handler
                0x080021c8        0x2 ./Core/Startup/startup_stm32f411ceux.o
                0x080021c8                RTC_Alarm_IRQHandler
                0x080021c8                EXTI2_IRQHandler
                0x080021c8                SPI4_IRQHandler
                0x080021c8                TIM1_CC_IRQHandler
                0x080021c8                DMA2_Stream5_IRQHandler
                0x080021c8                PVD_IRQHandler
                0x080021c8                SDIO_IRQHandler
                0x080021c8                TAMP_STAMP_IRQHandler
                0x080021c8                EXTI3_IRQHandler
                0x080021c8                TIM1_UP_TIM10_IRQHandler
                0x080021c8                I2C3_ER_IRQHandler
                0x080021c8                EXTI0_IRQHandler
                0x080021c8                I2C2_EV_IRQHandler
                0x080021c8                DMA1_Stream2_IRQHandler
                0x080021c8                FPU_IRQHandler
                0x080021c8                DMA2_Stream2_IRQHandler
                0x080021c8                SPI1_IRQHandler
                0x080021c8                DMA2_Stream3_IRQHandler
                0x080021c8                USART6_IRQHandler
                0x080021c8                TIM4_IRQHandler
                0x080021c8                I2C1_EV_IRQHandler
                0x080021c8                DMA1_Stream6_IRQHandler
                0x080021c8                DMA1_Stream1_IRQHandler
                0x080021c8                TIM3_IRQHandler
                0x080021c8                RCC_IRQHandler
                0x080021c8                Default_Handler
                0x080021c8                EXTI15_10_IRQHandler
                0x080021c8                ADC_IRQHandler
                0x080021c8                DMA1_Stream7_IRQHandler
                0x080021c8                SPI5_IRQHandler
                0x080021c8                DMA2_Stream7_IRQHandler
                0x080021c8                I2C3_EV_IRQHandler
                0x080021c8                EXTI9_5_IRQHandler
                0x080021c8                RTC_WKUP_IRQHandler
                0x080021c8                SPI2_IRQHandler
                0x080021c8                DMA1_Stream0_IRQHandler
                0x080021c8                EXTI4_IRQHandler
                0x080021c8                WWDG_IRQHandler
                0x080021c8                OTG_FS_WKUP_IRQHandler
                0x080021c8                TIM1_TRG_COM_TIM11_IRQHandler
                0x080021c8                EXTI1_IRQHandler
                0x080021c8                USART2_IRQHandler
                0x080021c8                I2C2_ER_IRQHandler
                0x080021c8                FLASH_IRQHandler
                0x080021c8                DMA2_Stream4_IRQHandler
                0x080021c8                USART1_IRQHandler
                0x080021c8                OTG_FS_IRQHandler
                0x080021c8                SPI3_IRQHandler
                0x080021c8                DMA1_Stream4_IRQHandler
                0x080021c8                I2C1_ER_IRQHandler
                0x080021c8                DMA2_Stream6_IRQHandler
                0x080021c8                DMA1_Stream3_IRQHandler
 *fill*         0x080021ca        0x2 
 .text.HAL_Init
                0x080021cc       0x44 ./Drivers/STM32F4xx_HAL_Driver/Src/stm32f4xx_hal.o
                0x080021cc                HAL_Init
 .text.HAL_IncTick
                0x08002210       0x28 ./Drivers/STM32F4xx_HAL_Driver/Src/stm32f4xx_hal.o
                0x08002210                HAL_IncTick
 .text.HAL_GetTick
                0x08002238       0x18 ./Drivers/STM32F4xx_HAL_Driver/Src/stm32f4xx_hal.o
                0x08002238                HAL_GetTick
 .text.HAL_Delay
                0x08002250       0x48 ./Drivers/STM32F4xx_HAL_Driver/Src/stm32f4xx_hal.o
                0x08002250                HAL_Delay
 .text.HAL_ADC_Init
                0x08002298       0x86 ./Drivers/STM32F4xx_HAL_Driver/Src/stm32f4xx_hal_adc.o
                0x08002298                HAL_ADC_Init
 *fill*         0x0800231e        0x2 
 .text.HAL_ADC_Start_DMA
                0x08002320      0x1e8 ./Drivers/STM32F4xx_HAL_Driver/Src/stm32f4xx_hal_adc.o
                0x08002320                HAL_ADC_Start_DMA
 .text.HAL_ADC_ConvCpltCallback
                0x08002508       0x14 ./Drivers/STM32F4xx_HAL_Driver/Src/stm32f4xx_hal_adc.o
                0x08002508                HAL_ADC_ConvCpltCallback
 .text.HAL_ADC_ConvHalfCpltCallback
                0x0800251c       0x14 ./Drivers/STM32F4xx_HAL_Driver/Src/stm32f4xx_hal_adc.o
                0x0800251c                HAL_ADC_ConvHalfCpltCallback
 .text.HAL_ADC_ErrorCallback
                0x08002530       0x14 ./Drivers/STM32F4xx_HAL_Driver/Src/stm32f4xx_hal_adc.o
                0x08002530                HAL_ADC_ErrorCallback
 .text.HAL_ADC_ConfigChannel
                0x08002544      0x264 ./Drivers/STM32F4xx_HAL_Driver/Src/stm32f4xx_hal_adc.o
                0x08002544                HAL_ADC_ConfigChannel
 .text.ADC_Init
                0x080027a8      0x1f8 ./Drivers/STM32F4xx_HAL_Driver/Src/stm32f4xx_hal_adc.o
 .text.ADC_DMAConvCplt
                0x080029a0       0xba ./Drivers/STM32F4xx_HAL_Driver/Src/stm32f4xx_hal_adc.o
 .text.ADC_DMAHalfConvCplt
                0x08002a5a       0x1c ./Drivers/STM32F4xx_HAL_Driver/Src/stm32f4xx_hal_adc.o
 .text.ADC_DMAError
                0x08002a76       0x2e ./Drivers/STM32F4xx_HAL_Driver/Src/stm32f4xx_hal_adc.o
 .text.__NVIC_SetPriorityGrouping
                0x08002aa4       0x48 ./Drivers/STM32F4xx_HAL_Driver/Src/stm32f4xx_hal_cortex.o
 .text.__NVIC_GetPriorityGrouping
                0x08002aec       0x1c ./Drivers/STM32F4xx_HAL_Driver/Src/stm32f4xx_hal_cortex.o
 .text.__NVIC_EnableIRQ
                0x08002b08       0x3c ./Drivers/STM32F4xx_HAL_Driver/Src/stm32f4xx_hal_cortex.o
 .text.__NVIC_SetPriority
                0x08002b44       0x54 ./Drivers/STM32F4xx_HAL_Driver/Src/stm32f4xx_hal_cortex.o
 .text.NVIC_EncodePriority
                0x08002b98       0x66 ./Drivers/STM32F4xx_HAL_Driver/Src/stm32f4xx_hal_cortex.o
 .text.HAL_NVIC_SetPriorityGrouping
                0x08002bfe       0x16 ./Drivers/STM32F4xx_HAL_Driver/Src/stm32f4xx_hal_cortex.o
                0x08002bfe                HAL_NVIC_SetPriorityGrouping
 .text.HAL_NVIC_SetPriority
                0x08002c14       0x38 ./Drivers/STM32F4xx_HAL_Driver/Src/stm32f4xx_hal_cortex.o
                0x08002c14                HAL_NVIC_SetPriority
 .text.HAL_NVIC_EnableIRQ
                0x08002c4c       0x1c ./Drivers/STM32F4xx_HAL_Driver/Src/stm32f4xx_hal_cortex.o
                0x08002c4c                HAL_NVIC_EnableIRQ
 .text.HAL_DMA_Init
                0x08002c68      0x15c ./Drivers/STM32F4xx_HAL_Driver/Src/stm32f4xx_hal_dma.o
                0x08002c68                HAL_DMA_Init
 .text.HAL_DMA_Start_IT
                0x08002dc4       0xb0 ./Drivers/STM32F4xx_HAL_Driver/Src/stm32f4xx_hal_dma.o
                0x08002dc4                HAL_DMA_Start_IT
 .text.HAL_DMA_IRQHandler
                0x08002e74      0x314 ./Drivers/STM32F4xx_HAL_Driver/Src/stm32f4xx_hal_dma.o
                0x08002e74                HAL_DMA_IRQHandler
 .text.DMA_SetConfig
                0x08003188       0x5c ./Drivers/STM32F4xx_HAL_Driver/Src/stm32f4xx_hal_dma.o
 .text.DMA_CalcBaseAndBitshift
                0x080031e4       0x6c ./Drivers/STM32F4xx_HAL_Driver/Src/stm32f4xx_hal_dma.o
 .text.DMA_CheckFifoParam
                0x08003250       0xf8 ./Drivers/STM32F4xx_HAL_Driver/Src/stm32f4xx_hal_dma.o
 .text.HAL_GPIO_Init
                0x08003348      0x308 ./Drivers/STM32F4xx_HAL_Driver/Src/stm32f4xx_hal_gpio.o
                0x08003348                HAL_GPIO_Init
 .text.HAL_GPIO_ReadPin
                0x08003650       0x30 ./Drivers/STM32F4xx_HAL_Driver/Src/stm32f4xx_hal_gpio.o
                0x08003650                HAL_GPIO_ReadPin
 .text.HAL_GPIO_WritePin
                0x08003680       0x32 ./Drivers/STM32F4xx_HAL_Driver/Src/stm32f4xx_hal_gpio.o
                0x08003680                HAL_GPIO_WritePin
 .text.HAL_GPIO_TogglePin
                0x080036b2       0x34 ./Drivers/STM32F4xx_HAL_Driver/Src/stm32f4xx_hal_gpio.o
                0x080036b2                HAL_GPIO_TogglePin
 *fill*         0x080036e6        0x2 
 .text.HAL_I2C_Init
                0x080036e8      0x288 ./Drivers/STM32F4xx_HAL_Driver/Src/stm32f4xx_hal_i2c.o
                0x080036e8                HAL_I2C_Init
 .text.HAL_I2C_Mem_Write
                0x08003970      0x1f4 ./Drivers/STM32F4xx_HAL_Driver/Src/stm32f4xx_hal_i2c.o
                0x08003970                HAL_I2C_Mem_Write
 .text.HAL_I2C_Mem_Read
                0x08003b64      0x464 ./Drivers/STM32F4xx_HAL_Driver/Src/stm32f4xx_hal_i2c.o
                0x08003b64                HAL_I2C_Mem_Read
 .text.I2C_RequestMemoryWrite
                0x08003fc8      0x12c ./Drivers/STM32F4xx_HAL_Driver/Src/stm32f4xx_hal_i2c.o
 .text.I2C_RequestMemoryRead
                0x080040f4      0x1d0 ./Drivers/STM32F4xx_HAL_Driver/Src/stm32f4xx_hal_i2c.o
 .text.I2C_WaitOnFlagUntilTimeout
                0x080042c4       0xf4 ./Drivers/STM32F4xx_HAL_Driver/Src/stm32f4xx_hal_i2c.o
 .text.I2C_WaitOnMasterAddressFlagUntilTimeout
                0x080043b8      0x140 ./Drivers/STM32F4xx_HAL_Driver/Src/stm32f4xx_hal_i2c.o
 .text.I2C_WaitOnTXEFlagUntilTimeout
                0x080044f8       0x90 ./Drivers/STM32F4xx_HAL_Driver/Src/stm32f4xx_hal_i2c.o
 .text.I2C_WaitOnBTFFlagUntilTimeout
                0x08004588       0x90 ./Drivers/STM32F4xx_HAL_Driver/Src/stm32f4xx_hal_i2c.o
 .text.I2C_WaitOnRXNEFlagUntilTimeout
                0x08004618       0xba ./Drivers/STM32F4xx_HAL_Driver/Src/stm32f4xx_hal_i2c.o
 .text.I2C_IsAcknowledgeFailed
                0x080046d2       0x5e ./Drivers/STM32F4xx_HAL_Driver/Src/stm32f4xx_hal_i2c.o
 .text.HAL_RCC_OscConfig
                0x08004730      0x4f0 ./Drivers/STM32F4xx_HAL_Driver/Src/stm32f4xx_hal_rcc.o
                0x08004730                HAL_RCC_OscConfig
 .text.HAL_RCC_ClockConfig
                0x08004c20      0x1cc ./Drivers/STM32F4xx_HAL_Driver/Src/stm32f4xx_hal_rcc.o
                0x08004c20                HAL_RCC_ClockConfig
 .text.HAL_RCC_GetSysClockFreq
                0x08004dec      0x18c ./Drivers/STM32F4xx_HAL_Driver/Src/stm32f4xx_hal_rcc.o
                0x08004dec                HAL_RCC_GetSysClockFreq
 .text.HAL_RCC_GetHCLKFreq
                0x08004f78       0x18 ./Drivers/STM32F4xx_HAL_Driver/Src/stm32f4xx_hal_rcc.o
                0x08004f78                HAL_RCC_GetHCLKFreq
 .text.HAL_RCC_GetPCLK1Freq
                0x08004f90       0x28 ./Drivers/STM32F4xx_HAL_Driver/Src/stm32f4xx_hal_rcc.o
                0x08004f90                HAL_RCC_GetPCLK1Freq
 .text.HAL_RCC_GetPCLK2Freq
                0x08004fb8       0x28 ./Drivers/STM32F4xx_HAL_Driver/Src/stm32f4xx_hal_rcc.o
                0x08004fb8                HAL_RCC_GetPCLK2Freq
 .text.HAL_RCC_GetClockConfig
                0x08004fe0       0x64 ./Drivers/STM32F4xx_HAL_Driver/Src/stm32f4xx_hal_rcc.o
                0x08004fe0                HAL_RCC_GetClockConfig
 .text.HAL_TIM_Base_Init
                0x08005044       0x9e ./Drivers/STM32F4xx_HAL_Driver/Src/stm32f4xx_hal_tim.o
                0x08005044                HAL_TIM_Base_Init
 *fill*         0x080050e2        0x2 
 .text.HAL_TIM_Base_Start_IT
                0x080050e4       0xc4 ./Drivers/STM32F4xx_HAL_Driver/Src/stm32f4xx_hal_tim.o
                0x080050e4                HAL_TIM_Base_Start_IT
 .text.HAL_TIM_PWM_Init
                0x080051a8       0x9e ./Drivers/STM32F4xx_HAL_Driver/Src/stm32f4xx_hal_tim.o
                0x080051a8                HAL_TIM_PWM_Init
 *fill*         0x08005246        0x2 
 .text.HAL_TIM_PWM_Start
                0x08005248      0x160 ./Drivers/STM32F4xx_HAL_Driver/Src/stm32f4xx_hal_tim.o
                0x08005248                HAL_TIM_PWM_Start
 .text.HAL_TIM_IRQHandler
                0x080053a8      0x1e0 ./Drivers/STM32F4xx_HAL_Driver/Src/stm32f4xx_hal_tim.o
                0x080053a8                HAL_TIM_IRQHandler
 .text.HAL_TIM_PWM_ConfigChannel
                0x08005588      0x184 ./Drivers/STM32F4xx_HAL_Driver/Src/stm32f4xx_hal_tim.o
                0x08005588                HAL_TIM_PWM_ConfigChannel
 .text.HAL_TIM_ConfigClockSource
                0x0800570c      0x18e ./Drivers/STM32F4xx_HAL_Driver/Src/stm32f4xx_hal_tim.o
                0x0800570c                HAL_TIM_ConfigClockSource
 .text.HAL_TIM_OC_DelayElapsedCallback
                0x0800589a       0x14 ./Drivers/STM32F4xx_HAL_Driver/Src/stm32f4xx_hal_tim.o
                0x0800589a                HAL_TIM_OC_DelayElapsedCallback
 .text.HAL_TIM_IC_CaptureCallback
                0x080058ae       0x14 ./Drivers/STM32F4xx_HAL_Driver/Src/stm32f4xx_hal_tim.o
                0x080058ae                HAL_TIM_IC_CaptureCallback
 .text.HAL_TIM_PWM_PulseFinishedCallback
                0x080058c2       0x14 ./Drivers/STM32F4xx_HAL_Driver/Src/stm32f4xx_hal_tim.o
                0x080058c2                HAL_TIM_PWM_PulseFinishedCallback
 .text.HAL_TIM_TriggerCallback
                0x080058d6       0x14 ./Drivers/STM32F4xx_HAL_Driver/Src/stm32f4xx_hal_tim.o
                0x080058d6                HAL_TIM_TriggerCallback
 *fill*         0x080058ea        0x2 
 .text.TIM_Base_SetConfig
                0x080058ec      0x10c ./Drivers/STM32F4xx_HAL_Driver/Src/stm32f4xx_hal_tim.o
                0x080058ec                TIM_Base_SetConfig
 .text.TIM_OC1_SetConfig
                0x080059f8       0xcc ./Drivers/STM32F4xx_HAL_Driver/Src/stm32f4xx_hal_tim.o
 .text.TIM_OC2_SetConfig
                0x08005ac4       0xd8 ./Drivers/STM32F4xx_HAL_Driver/Src/stm32f4xx_hal_tim.o
                0x08005ac4                TIM_OC2_SetConfig
 .text.TIM_OC3_SetConfig
                0x08005b9c       0xd4 ./Drivers/STM32F4xx_HAL_Driver/Src/stm32f4xx_hal_tim.o
 .text.TIM_OC4_SetConfig
                0x08005c70       0xa0 ./Drivers/STM32F4xx_HAL_Driver/Src/stm32f4xx_hal_tim.o
 .text.TIM_TI1_ConfigInputStage
                0x08005d10       0x5e ./Drivers/STM32F4xx_HAL_Driver/Src/stm32f4xx_hal_tim.o
 .text.TIM_TI2_ConfigInputStage
                0x08005d6e       0x60 ./Drivers/STM32F4xx_HAL_Driver/Src/stm32f4xx_hal_tim.o
 .text.TIM_ITRx_SetConfig
                0x08005dce       0x36 ./Drivers/STM32F4xx_HAL_Driver/Src/stm32f4xx_hal_tim.o
 .text.TIM_ETR_SetConfig
                0x08005e04       0x40 ./Drivers/STM32F4xx_HAL_Driver/Src/stm32f4xx_hal_tim.o
                0x08005e04                TIM_ETR_SetConfig
 .text.TIM_CCxChannelCmd
                0x08005e44       0x4a ./Drivers/STM32F4xx_HAL_Driver/Src/stm32f4xx_hal_tim.o
                0x08005e44                TIM_CCxChannelCmd
 *fill*         0x08005e8e        0x2 
 .text.HAL_TIMEx_MasterConfigSynchronization
                0x08005e90       0xdc ./Drivers/STM32F4xx_HAL_Driver/Src/stm32f4xx_hal_tim_ex.o
                0x08005e90                HAL_TIMEx_MasterConfigSynchronization
 .text.HAL_TIMEx_ConfigBreakDeadTime
                0x08005f6c       0xa4 ./Drivers/STM32F4xx_HAL_Driver/Src/stm32f4xx_hal_tim_ex.o
                0x08005f6c                HAL_TIMEx_ConfigBreakDeadTime
 .text.HAL_TIMEx_CommutCallback
                0x08006010       0x14 ./Drivers/STM32F4xx_HAL_Driver/Src/stm32f4xx_hal_tim_ex.o
                0x08006010                HAL_TIMEx_CommutCallback
 .text.HAL_TIMEx_BreakCallback
                0x08006024       0x14 ./Drivers/STM32F4xx_HAL_Driver/Src/stm32f4xx_hal_tim_ex.o
                0x08006024                HAL_TIMEx_BreakCallback
 .text.HAL_UART_Init
                0x08006038       0xa0 ./Drivers/STM32F4xx_HAL_Driver/Src/stm32f4xx_hal_uart.o
                0x08006038                HAL_UART_Init
 .text.HAL_UART_Receive_DMA
                0x080060d8       0x4a ./Drivers/STM32F4xx_HAL_Driver/Src/stm32f4xx_hal_uart.o
                0x080060d8                HAL_UART_Receive_DMA
 .text.HAL_UART_RxHalfCpltCallback
                0x08006122       0x14 ./Drivers/STM32F4xx_HAL_Driver/Src/stm32f4xx_hal_uart.o
                0x08006122                HAL_UART_RxHalfCpltCallback
 .text.HAL_UART_ErrorCallback
                0x08006136       0x14 ./Drivers/STM32F4xx_HAL_Driver/Src/stm32f4xx_hal_uart.o
                0x08006136                HAL_UART_ErrorCallback
 .text.HAL_UARTEx_RxEventCallback
                0x0800614a       0x18 ./Drivers/STM32F4xx_HAL_Driver/Src/stm32f4xx_hal_uart.o
                0x0800614a                HAL_UARTEx_RxEventCallback
 .text.UART_DMAReceiveCplt
                0x08006162      0x12c ./Drivers/STM32F4xx_HAL_Driver/Src/stm32f4xx_hal_uart.o
 .text.UART_DMARxHalfCplt
                0x0800628e       0x3c ./Drivers/STM32F4xx_HAL_Driver/Src/stm32f4xx_hal_uart.o
 .text.UART_DMAError
                0x080062ca       0x94 ./Drivers/STM32F4xx_HAL_Driver/Src/stm32f4xx_hal_uart.o
 *fill*         0x0800635e        0x2 
 .text.UART_Start_Receive_DMA
                0x08006360      0x14c ./Drivers/STM32F4xx_HAL_Driver/Src/stm32f4xx_hal_uart.o
                0x08006360                UART_Start_Receive_DMA
 .text.UART_EndTxTransfer
                0x080064ac       0x50 ./Drivers/STM32F4xx_HAL_Driver/Src/stm32f4xx_hal_uart.o
 .text.UART_EndRxTransfer
                0x080064fc       0xc6 ./Drivers/STM32F4xx_HAL_Driver/Src/stm32f4xx_hal_uart.o
 *fill*         0x080065c2        0x2 
 .text.UART_SetConfig
                0x080065c4      0x4e8 ./Drivers/STM32F4xx_HAL_Driver/Src/stm32f4xx_hal_uart.o
 .text.__NVIC_SetPriority
                0x08006aac       0x54 ./Middlewares/Third_Party/FreeRTOS/Source/CMSIS_RTOS_V2/cmsis_os2.o
 .text.SysTick_Handler
                0x08006b00       0x20 ./Middlewares/Third_Party/FreeRTOS/Source/CMSIS_RTOS_V2/cmsis_os2.o
                0x08006b00                SysTick_Handler
 .text.SVC_Setup
                0x08006b20       0x12 ./Middlewares/Third_Party/FreeRTOS/Source/CMSIS_RTOS_V2/cmsis_os2.o
 *fill*         0x08006b32        0x2 
 .text.osKernelInitialize
                0x08006b34       0x48 ./Middlewares/Third_Party/FreeRTOS/Source/CMSIS_RTOS_V2/cmsis_os2.o
                0x08006b34                osKernelInitialize
 .text.osKernelStart
                0x08006b7c       0x4c ./Middlewares/Third_Party/FreeRTOS/Source/CMSIS_RTOS_V2/cmsis_os2.o
                0x08006b7c                osKernelStart
 .text.osThreadNew
                0x08006bc8      0x124 ./Middlewares/Third_Party/FreeRTOS/Source/CMSIS_RTOS_V2/cmsis_os2.o
                0x08006bc8                osThreadNew
 .text.osDelay  0x08006cec       0x36 ./Middlewares/Third_Party/FreeRTOS/Source/CMSIS_RTOS_V2/cmsis_os2.o
                0x08006cec                osDelay
 *fill*         0x08006d22        0x2 
 .text.vApplicationGetIdleTaskMemory
                0x08006d24       0x34 ./Middlewares/Third_Party/FreeRTOS/Source/CMSIS_RTOS_V2/cmsis_os2.o
                0x08006d24                vApplicationGetIdleTaskMemory
 .text.vApplicationGetTimerTaskMemory
                0x08006d58       0x34 ./Middlewares/Third_Party/FreeRTOS/Source/CMSIS_RTOS_V2/cmsis_os2.o
                0x08006d58                vApplicationGetTimerTaskMemory
 .text.vListInitialise
                0x08006d8c       0x40 ./Middlewares/Third_Party/FreeRTOS/Source/list.o
                0x08006d8c                vListInitialise
 .text.vListInitialiseItem
                0x08006dcc       0x1a ./Middlewares/Third_Party/FreeRTOS/Source/list.o
                0x08006dcc                vListInitialiseItem
 .text.vListInsertEnd
                0x08006de6       0x48 ./Middlewares/Third_Party/FreeRTOS/Source/list.o
                0x08006de6                vListInsertEnd
 .text.vListInsert
                0x08006e2e       0x72 ./Middlewares/Third_Party/FreeRTOS/Source/list.o
                0x08006e2e                vListInsert
 .text.uxListRemove
                0x08006ea0       0x54 ./Middlewares/Third_Party/FreeRTOS/Source/list.o
                0x08006ea0                uxListRemove
 .text.xQueueGenericReset
                0x08006ef4       0xd4 ./Middlewares/Third_Party/FreeRTOS/Source/queue.o
                0x08006ef4                xQueueGenericReset
 .text.xQueueGenericCreateStatic
                0x08006fc8       0xfa ./Middlewares/Third_Party/FreeRTOS/Source/queue.o
                0x08006fc8                xQueueGenericCreateStatic
 .text.xQueueGenericCreate
                0x080070c2       0x76 ./Middlewares/Third_Party/FreeRTOS/Source/queue.o
                0x080070c2                xQueueGenericCreate
 .text.prvInitialiseNewQueue
                0x08007138       0x46 ./Middlewares/Third_Party/FreeRTOS/Source/queue.o
 .text.prvInitialiseMutex
                0x0800717e       0x34 ./Middlewares/Third_Party/FreeRTOS/Source/queue.o
 .text.xQueueCreateMutex
                0x080071b2       0x30 ./Middlewares/Third_Party/FreeRTOS/Source/queue.o
                0x080071b2                xQueueCreateMutex
 *fill*         0x080071e2        0x2 
 .text.xQueueGenericSend
                0x080071e4      0x204 ./Middlewares/Third_Party/FreeRTOS/Source/queue.o
                0x080071e4                xQueueGenericSend
 .text.xQueueGenericSendFromISR
                0x080073e8      0x13c ./Middlewares/Third_Party/FreeRTOS/Source/queue.o
                0x080073e8                xQueueGenericSendFromISR
 .text.xQueueReceive
                0x08007524      0x1c4 ./Middlewares/Third_Party/FreeRTOS/Source/queue.o
                0x08007524                xQueueReceive
 .text.xQueueSemaphoreTake
                0x080076e8      0x220 ./Middlewares/Third_Party/FreeRTOS/Source/queue.o
                0x080076e8                xQueueSemaphoreTake
 .text.prvGetDisinheritPriorityAfterTimeout
                0x08007908       0x30 ./Middlewares/Third_Party/FreeRTOS/Source/queue.o
 .text.prvCopyDataToQueue
                0x08007938       0xd4 ./Middlewares/Third_Party/FreeRTOS/Source/queue.o
 .text.prvCopyDataFromQueue
                0x08007a0c       0x4c ./Middlewares/Third_Party/FreeRTOS/Source/queue.o
 .text.prvUnlockQueue
                0x08007a58       0xa4 ./Middlewares/Third_Party/FreeRTOS/Source/queue.o
 .text.prvIsQueueEmpty
                0x08007afc       0x2c ./Middlewares/Third_Party/FreeRTOS/Source/queue.o
 .text.prvIsQueueFull
                0x08007b28       0x30 ./Middlewares/Third_Party/FreeRTOS/Source/queue.o
 .text.vQueueAddToRegistry
                0x08007b58       0x54 ./Middlewares/Third_Party/FreeRTOS/Source/queue.o
                0x08007b58                vQueueAddToRegistry
 .text.vQueueWaitForMessageRestricted
                0x08007bac       0x68 ./Middlewares/Third_Party/FreeRTOS/Source/queue.o
                0x08007bac                vQueueWaitForMessageRestricted
 .text.xTaskCreateStatic
                0x08007c14       0xc0 ./Middlewares/Third_Party/FreeRTOS/Source/tasks.o
                0x08007c14                xTaskCreateStatic
 .text.xTaskCreate
                0x08007cd4       0x8a ./Middlewares/Third_Party/FreeRTOS/Source/tasks.o
                0x08007cd4                xTaskCreate
 .text.prvInitialiseNewTask
                0x08007d5e      0x120 ./Middlewares/Third_Party/FreeRTOS/Source/tasks.o
 *fill*         0x08007e7e        0x2 
 .text.prvAddNewTaskToReadyList
                0x08007e80       0xe0 ./Middlewares/Third_Party/FreeRTOS/Source/tasks.o
 .text.vTaskDelay
                0x08007f60       0x6c ./Middlewares/Third_Party/FreeRTOS/Source/tasks.o
                0x08007f60                vTaskDelay
 .text.vTaskStartScheduler
                0x08007fcc       0xd0 ./Middlewares/Third_Party/FreeRTOS/Source/tasks.o
                0x08007fcc                vTaskStartScheduler
 .text.vTaskSuspendAll
                0x0800809c       0x1c ./Middlewares/Third_Party/FreeRTOS/Source/tasks.o
                0x0800809c                vTaskSuspendAll
 .text.xTaskResumeAll
                0x080080b8      0x13c ./Middlewares/Third_Party/FreeRTOS/Source/tasks.o
                0x080080b8                xTaskResumeAll
 .text.xTaskGetTickCount
                0x080081f4       0x20 ./Middlewares/Third_Party/FreeRTOS/Source/tasks.o
                0x080081f4                xTaskGetTickCount
 .text.xTaskIncrementTick
                0x08008214      0x174 ./Middlewares/Third_Party/FreeRTOS/Source/tasks.o
                0x08008214                xTaskIncrementTick
 .text.vTaskSwitchContext
                0x08008388       0xbc ./Middlewares/Third_Party/FreeRTOS/Source/tasks.o
                0x08008388                vTaskSwitchContext
 .text.vTaskPlaceOnEventList
                0x08008444       0x4c ./Middlewares/Third_Party/FreeRTOS/Source/tasks.o
                0x08008444                vTaskPlaceOnEventList
 .text.vTaskPlaceOnEventListRestricted
                0x08008490       0x58 ./Middlewares/Third_Party/FreeRTOS/Source/tasks.o
                0x08008490                vTaskPlaceOnEventListRestricted
 .text.xTaskRemoveFromEventList
                0x080084e8       0xc8 ./Middlewares/Third_Party/FreeRTOS/Source/tasks.o
                0x080084e8                xTaskRemoveFromEventList
 .text.vTaskInternalSetTimeOutState
                0x080085b0       0x2c ./Middlewares/Third_Party/FreeRTOS/Source/tasks.o
                0x080085b0                vTaskInternalSetTimeOutState
 .text.xTaskCheckForTimeOut
                0x080085dc       0xc8 ./Middlewares/Third_Party/FreeRTOS/Source/tasks.o
                0x080085dc                xTaskCheckForTimeOut
 .text.vTaskMissedYield
                0x080086a4       0x18 ./Middlewares/Third_Party/FreeRTOS/Source/tasks.o
                0x080086a4                vTaskMissedYield
 .text.prvIdleTask
                0x080086bc       0x30 ./Middlewares/Third_Party/FreeRTOS/Source/tasks.o
 .text.prvInitialiseTaskLists
                0x080086ec       0x80 ./Middlewares/Third_Party/FreeRTOS/Source/tasks.o
 .text.prvCheckTasksWaitingTermination
                0x0800876c       0x5c ./Middlewares/Third_Party/FreeRTOS/Source/tasks.o
 .text.prvDeleteTCB
                0x080087c8       0x60 ./Middlewares/Third_Party/FreeRTOS/Source/tasks.o
 .text.prvResetNextTaskUnblockTime
                0x08008828       0x40 ./Middlewares/Third_Party/FreeRTOS/Source/tasks.o
 .text.xTaskGetSchedulerState
                0x08008868       0x3c ./Middlewares/Third_Party/FreeRTOS/Source/tasks.o
                0x08008868                xTaskGetSchedulerState
 .text.xTaskPriorityInherit
                0x080088a4       0xd0 ./Middlewares/Third_Party/FreeRTOS/Source/tasks.o
                0x080088a4                xTaskPriorityInherit
 .text.xTaskPriorityDisinherit
                0x08008974       0xe0 ./Middlewares/Third_Party/FreeRTOS/Source/tasks.o
                0x08008974                xTaskPriorityDisinherit
 .text.vTaskPriorityDisinheritAfterTimeout
                0x08008a54      0x108 ./Middlewares/Third_Party/FreeRTOS/Source/tasks.o
                0x08008a54                vTaskPriorityDisinheritAfterTimeout
 .text.pvTaskIncrementMutexHeldCount
                0x08008b5c       0x28 ./Middlewares/Third_Party/FreeRTOS/Source/tasks.o
                0x08008b5c                pvTaskIncrementMutexHeldCount
 .text.prvAddCurrentTaskToDelayedList
                0x08008b84       0xa8 ./Middlewares/Third_Party/FreeRTOS/Source/tasks.o
 .text.xTimerCreateTimerTask
                0x08008c2c       0x94 ./Middlewares/Third_Party/FreeRTOS/Source/timers.o
                0x08008c2c                xTimerCreateTimerTask
 .text.xTimerGenericCommand
                0x08008cc0       0x9c ./Middlewares/Third_Party/FreeRTOS/Source/timers.o
                0x08008cc0                xTimerGenericCommand
 .text.prvProcessExpiredTimer
                0x08008d5c       0x9c ./Middlewares/Third_Party/FreeRTOS/Source/timers.o
 .text.prvTimerTask
                0x08008df8       0x26 ./Middlewares/Third_Party/FreeRTOS/Source/timers.o
 *fill*         0x08008e1e        0x2 
 .text.prvProcessTimerOrBlockTask
                0x08008e20       0x9c ./Middlewares/Third_Party/FreeRTOS/Source/timers.o
 .text.prvGetNextExpireTime
                0x08008ebc       0x48 ./Middlewares/Third_Party/FreeRTOS/Source/timers.o
 .text.prvSampleTimeNow
                0x08008f04       0x40 ./Middlewares/Third_Party/FreeRTOS/Source/timers.o
 .text.prvInsertTimerInActiveList
                0x08008f44       0x84 ./Middlewares/Third_Party/FreeRTOS/Source/timers.o
 .text.prvProcessReceivedCommands
                0x08008fc8      0x1cc ./Middlewares/Third_Party/FreeRTOS/Source/timers.o
 .text.prvSwitchTimerLists
                0x08009194       0xcc ./Middlewares/Third_Party/FreeRTOS/Source/timers.o
 .text.prvCheckForValidListAndQueue
                0x08009260       0x80 ./Middlewares/Third_Party/FreeRTOS/Source/timers.o
 .text.pxPortInitialiseStack
                0x080092e0       0x68 ./Middlewares/Third_Party/FreeRTOS/Source/portable/GCC/ARM_CM4F/port.o
                0x080092e0                pxPortInitialiseStack
 .text.prvTaskExitError
                0x08009348       0x5c ./Middlewares/Third_Party/FreeRTOS/Source/portable/GCC/ARM_CM4F/port.o
 *fill*         0x080093a4        0xc 
 .text.SVC_Handler
                0x080093b0       0x28 ./Middlewares/Third_Party/FreeRTOS/Source/portable/GCC/ARM_CM4F/port.o
                0x080093b0                SVC_Handler
 .text.prvPortStartFirstTask
                0x080093d8       0x28 ./Middlewares/Third_Party/FreeRTOS/Source/portable/GCC/ARM_CM4F/port.o
 .text.xPortStartScheduler
                0x08009400      0x148 ./Middlewares/Third_Party/FreeRTOS/Source/portable/GCC/ARM_CM4F/port.o
                0x08009400                xPortStartScheduler
 .text.vPortEnterCritical
                0x08009548       0x64 ./Middlewares/Third_Party/FreeRTOS/Source/portable/GCC/ARM_CM4F/port.o
                0x08009548                vPortEnterCritical
 .text.vPortExitCritical
                0x080095ac       0x54 ./Middlewares/Third_Party/FreeRTOS/Source/portable/GCC/ARM_CM4F/port.o
                0x080095ac                vPortExitCritical
 .text.PendSV_Handler
                0x08009600       0x68 ./Middlewares/Third_Party/FreeRTOS/Source/portable/GCC/ARM_CM4F/port.o
                0x08009600                PendSV_Handler
 .text.xPortSysTickHandler
                0x08009668       0x44 ./Middlewares/Third_Party/FreeRTOS/Source/portable/GCC/ARM_CM4F/port.o
                0x08009668                xPortSysTickHandler
 .text.vPortSetupTimerInterrupt
                0x080096ac       0x48 ./Middlewares/Third_Party/FreeRTOS/Source/portable/GCC/ARM_CM4F/port.o
                0x080096ac                vPortSetupTimerInterrupt
 .text.vPortEnableVFP
                0x080096f4       0x14 ./Middlewares/Third_Party/FreeRTOS/Source/portable/GCC/ARM_CM4F/port.o
 .text.vPortValidateInterruptPriority
                0x08009708       0x84 ./Middlewares/Third_Party/FreeRTOS/Source/portable/GCC/ARM_CM4F/port.o
                0x08009708                vPortValidateInterruptPriority
 .text.pvPortMalloc
                0x0800978c      0x19c ./Middlewares/Third_Party/FreeRTOS/Source/portable/MemMang/heap_4.o
                0x0800978c                pvPortMalloc
 .text.vPortFree
                0x08009928       0xc8 ./Middlewares/Third_Party/FreeRTOS/Source/portable/MemMang/heap_4.o
                0x08009928                vPortFree
 .text.prvHeapInit
                0x080099f0       0xc4 ./Middlewares/Third_Party/FreeRTOS/Source/portable/MemMang/heap_4.o
 .text.prvInsertBlockIntoFreeList
                0x08009ab4       0xb4 ./Middlewares/Third_Party/FreeRTOS/Source/portable/MemMang/heap_4.o
 .text.memset   0x08009b68       0x10 C:/ST/STM32CubeIDE_1.19.0/STM32CubeIDE/plugins/com.st.stm32cube.ide.mcu.externaltools.gnu-tools-for-stm32.13.3.rel1.win32_1.0.0.202411081344/tools/bin/../lib/gcc/arm-none-eabi/13.3.1/../../../../arm-none-eabi/lib/thumb/v7e-m+fp/hard\libc_nano.a(libc_a-memset.o)
                0x08009b68                memset
 .text.__libc_init_array
                0x08009b78       0x48 C:/ST/STM32CubeIDE_1.19.0/STM32CubeIDE/plugins/com.st.stm32cube.ide.mcu.externaltools.gnu-tools-for-stm32.13.3.rel1.win32_1.0.0.202411081344/tools/bin/../lib/gcc/arm-none-eabi/13.3.1/../../../../arm-none-eabi/lib/thumb/v7e-m+fp/hard\libc_nano.a(libc_a-init.o)
                0x08009b78                __libc_init_array
 .text.memcpy   0x08009bc0       0x1c C:/ST/STM32CubeIDE_1.19.0/STM32CubeIDE/plugins/com.st.stm32cube.ide.mcu.externaltools.gnu-tools-for-stm32.13.3.rel1.win32_1.0.0.202411081344/tools/bin/../lib/gcc/arm-none-eabi/13.3.1/../../../../arm-none-eabi/lib/thumb/v7e-m+fp/hard\libc_nano.a(libc_a-memcpy-stub.o)
                0x08009bc0                memcpy
 *(.glue_7)
 .glue_7        0x08009bdc        0x0 linker stubs
 *(.glue_7t)
 .glue_7t       0x08009bdc        0x0 linker stubs
 *(.eh_frame)
 .eh_frame      0x08009bdc        0x0 C:/ST/STM32CubeIDE_1.19.0/STM32CubeIDE/plugins/com.st.stm32cube.ide.mcu.externaltools.gnu-tools-for-stm32.13.3.rel1.win32_1.0.0.202411081344/tools/bin/../lib/gcc/arm-none-eabi/13.3.1/thumb/v7e-m+fp/hard/crtbegin.o
 *(.init)
 .init          0x08009bdc        0x4 C:/ST/STM32CubeIDE_1.19.0/STM32CubeIDE/plugins/com.st.stm32cube.ide.mcu.externaltools.gnu-tools-for-stm32.13.3.rel1.win32_1.0.0.202411081344/tools/bin/../lib/gcc/arm-none-eabi/13.3.1/thumb/v7e-m+fp/hard/crti.o
                0x08009bdc                _init
 .init          0x08009be0        0x8 C:/ST/STM32CubeIDE_1.19.0/STM32CubeIDE/plugins/com.st.stm32cube.ide.mcu.externaltools.gnu-tools-for-stm32.13.3.rel1.win32_1.0.0.202411081344/tools/bin/../lib/gcc/arm-none-eabi/13.3.1/thumb/v7e-m+fp/hard/crtn.o
 *(.fini)
 .fini          0x08009be8        0x4 C:/ST/STM32CubeIDE_1.19.0/STM32CubeIDE/plugins/com.st.stm32cube.ide.mcu.externaltools.gnu-tools-for-stm32.13.3.rel1.win32_1.0.0.202411081344/tools/bin/../lib/gcc/arm-none-eabi/13.3.1/thumb/v7e-m+fp/hard/crti.o
                0x08009be8                _fini
 .fini          0x08009bec        0x8 C:/ST/STM32CubeIDE_1.19.0/STM32CubeIDE/plugins/com.st.stm32cube.ide.mcu.externaltools.gnu-tools-for-stm32.13.3.rel1.win32_1.0.0.202411081344/tools/bin/../lib/gcc/arm-none-eabi/13.3.1/thumb/v7e-m+fp/hard/crtn.o
                0x08009bf4                        . = ALIGN (0x4)
                0x08009bf4                        _etext = .

.vfp11_veneer   0x08009bf4        0x0
 .vfp11_veneer  0x08009bf4        0x0 linker stubs

.v4_bx          0x08009bf4        0x0
 .v4_bx         0x08009bf4        0x0 linker stubs

.iplt           0x08009bf4        0x0
 .iplt          0x08009bf4        0x0 C:/ST/STM32CubeIDE_1.19.0/STM32CubeIDE/plugins/com.st.stm32cube.ide.mcu.externaltools.gnu-tools-for-stm32.13.3.rel1.win32_1.0.0.202411081344/tools/bin/../lib/gcc/arm-none-eabi/13.3.1/thumb/v7e-m+fp/hard/crtbegin.o

.rodata         0x08009bf4      0x2cc
                0x08009bf4                        . = ALIGN (0x4)
 *(.rodata)
 .rodata        0x08009bf4       0x28 ./Core/Src/freertos.o
 .rodata        0x08009c1c        0x5 ./Middlewares/Third_Party/FreeRTOS/Source/tasks.o
 *fill*         0x08009c21        0x3 
 .rodata        0x08009c24        0xd ./Middlewares/Third_Party/FreeRTOS/Source/timers.o
 *(.rodata*)
 *fill*         0x08009c31        0x3 
 .rodata.CCITT_HASH
                0x08009c34      0x200 ./Core/Src/CRC.o
 .rodata.telemetry_attr
                0x08009e34       0x24 ./Core/Src/freertos.o
                0x08009e34                telemetry_attr
 .rodata.housekeeping_attr
                0x08009e58       0x24 ./Core/Src/freertos.o
                0x08009e58                housekeeping_attr
 .rodata.defaultTask_attributes
                0x08009e7c       0x24 ./Core/Src/freertos.o
                0x08009e7c                defaultTask_attributes
 .rodata.AHBPrescTable
                0x08009ea0       0x10 ./Core/Src/system_stm32f4xx.o
                0x08009ea0                AHBPrescTable
 .rodata.APBPrescTable
                0x08009eb0        0x8 ./Core/Src/system_stm32f4xx.o
                0x08009eb0                APBPrescTable
 .rodata.flagBitshiftOffset.0
                0x08009eb8        0x8 ./Drivers/STM32F4xx_HAL_Driver/Src/stm32f4xx_hal_dma.o
                0x08009ec0                        . = ALIGN (0x4)

.ARM.extab      0x08009ec0        0x0
                0x08009ec0                        . = ALIGN (0x4)
 *(.ARM.extab* .gnu.linkonce.armextab.*)
                0x08009ec0                        . = ALIGN (0x4)

.ARM            0x08009ec0        0x8
                0x08009ec0                        . = ALIGN (0x4)
                0x08009ec0                        __exidx_start = .
 *(.ARM.exidx*)
 .ARM.exidx     0x08009ec0        0x8 C:/ST/STM32CubeIDE_1.19.0/STM32CubeIDE/plugins/com.st.stm32cube.ide.mcu.externaltools.gnu-tools-for-stm32.13.3.rel1.win32_1.0.0.202411081344/tools/bin/../lib/gcc/arm-none-eabi/13.3.1/thumb/v7e-m+fp/hard\libgcc.a(_udivmoddi4.o)
                0x08009ec8                        __exidx_end = .
                0x08009ec8                        . = ALIGN (0x4)

.preinit_array  0x08009ec8        0x0
                0x08009ec8                        . = ALIGN (0x4)
                0x08009ec8                        PROVIDE (__preinit_array_start = .)
 *(.preinit_array*)
                0x08009ec8                        PROVIDE (__preinit_array_end = .)
                0x08009ec8                        . = ALIGN (0x4)

.init_array     0x08009ec8        0x4
                0x08009ec8                        . = ALIGN (0x4)
                0x08009ec8                        PROVIDE (__init_array_start = .)
 *(SORT_BY_NAME(.init_array.*))
 *(.init_array*)
 .init_array    0x08009ec8        0x4 C:/ST/STM32CubeIDE_1.19.0/STM32CubeIDE/plugins/com.st.stm32cube.ide.mcu.externaltools.gnu-tools-for-stm32.13.3.rel1.win32_1.0.0.202411081344/tools/bin/../lib/gcc/arm-none-eabi/13.3.1/thumb/v7e-m+fp/hard/crtbegin.o
                0x08009ecc                        PROVIDE (__init_array_end = .)
                0x08009ecc                        . = ALIGN (0x4)

.fini_array     0x08009ecc        0x4
                0x08009ecc                        . = ALIGN (0x4)
                [!provide]                        PROVIDE (__fini_array_start = .)
 *(SORT_BY_NAME(.fini_array.*))
 *(.fini_array*)
 .fini_array    0x08009ecc        0x4 C:/ST/STM32CubeIDE_1.19.0/STM32CubeIDE/plugins/com.st.stm32cube.ide.mcu.externaltools.gnu-tools-for-stm32.13.3.rel1.win32_1.0.0.202411081344/tools/bin/../lib/gcc/arm-none-eabi/13.3.1/thumb/v7e-m+fp/hard/crtbegin.o
                [!provide]                        PROVIDE (__fini_array_end = .)
                0x08009ed0                        . = ALIGN (0x4)
                0x08009ed0                        _sidata = LOADADDR (.data)

.rel.dyn        0x08009ed0        0x0
 .rel.iplt      0x08009ed0        0x0 C:/ST/STM32CubeIDE_1.19.0/STM32CubeIDE/plugins/com.st.stm32cube.ide.mcu.externaltools.gnu-tools-for-stm32.13.3.rel1.win32_1.0.0.202411081344/tools/bin/../lib/gcc/arm-none-eabi/13.3.1/thumb/v7e-m+fp/hard/crtbegin.o

.data           0x20000000       0x20 load address 0x08009ed0
                0x20000000                        . = ALIGN (0x4)
                0x20000000                        _sdata = .
 *(.data)
 *(.data*)
 .data.Buffer2  0x20000000        0xd ./Core/Src/main.o
                0x20000000                Buffer2
 *fill*         0x2000000d        0x3 
 .data.SystemCoreClock
                0x20000010        0x4 ./Core/Src/system_stm32f4xx.o
                0x20000010                SystemCoreClock
 .data.uwTickPrio
                0x20000014        0x4 ./Drivers/STM32F4xx_HAL_Driver/Src/stm32f4xx_hal.o
                0x20000014                uwTickPrio
 .data.uwTickFreq
                0x20000018        0x1 ./Drivers/STM32F4xx_HAL_Driver/Src/stm32f4xx_hal.o
                0x20000018                uwTickFreq
 *fill*         0x20000019        0x3 
 .data.uxCriticalNesting
                0x2000001c        0x4 ./Middlewares/Third_Party/FreeRTOS/Source/portable/GCC/ARM_CM4F/port.o
 *(.RamFunc)
 *(.RamFunc*)
                0x20000020                        . = ALIGN (0x4)
                0x20000020                        _edata = .

.igot.plt       0x20000020        0x0 load address 0x08009ef0
 .igot.plt      0x20000020        0x0 C:/ST/STM32CubeIDE_1.19.0/STM32CubeIDE/plugins/com.st.stm32cube.ide.mcu.externaltools.gnu-tools-for-stm32.13.3.rel1.win32_1.0.0.202411081344/tools/bin/../lib/gcc/arm-none-eabi/13.3.1/thumb/v7e-m+fp/hard/crtbegin.o
                0x20000020                        . = ALIGN (0x4)

.bss            0x20000020     0x4d84 load address 0x08009ef0
                0x20000020                        _sbss = .
                0x20000020                        __bss_start__ = _sbss
 *(.bss)
 .bss           0x20000020       0x1c C:/ST/STM32CubeIDE_1.19.0/STM32CubeIDE/plugins/com.st.stm32cube.ide.mcu.externaltools.gnu-tools-for-stm32.13.3.rel1.win32_1.0.0.202411081344/tools/bin/../lib/gcc/arm-none-eabi/13.3.1/thumb/v7e-m+fp/hard/crtbegin.o
 *(.bss*)
 .bss.hadc1     0x2000003c       0x48 ./Core/Src/adc.o
                0x2000003c                hadc1
 .bss.hdma_adc1
                0x20000084       0x60 ./Core/Src/adc.o
                0x20000084                hdma_adc1
 .bss.defaultTaskHandle
                0x200000e4        0x4 ./Core/Src/freertos.o
                0x200000e4                defaultTaskHandle
 .bss.hi2c1     0x200000e8       0x54 ./Core/Src/i2c.o
                0x200000e8                hi2c1
 .bss.DutyC     0x2000013c        0x6 ./Core/Src/main.o
                0x2000013c                DutyC
 *fill*         0x20000142        0x2 
 .bss.Att_Setpoint
                0x20000144        0xc ./Core/Src/main.o
                0x20000144                Att_Setpoint
 .bss.ADC_DMA_Buffer
                0x20000150        0x8 ./Core/Src/main.o
                0x20000150                ADC_DMA_Buffer
 .bss.MsgCounter
                0x20000158        0x1 ./Core/Src/main.o
                0x20000158                MsgCounter
 *fill*         0x20000159        0x3 
 .bss.TelemetryPacket
                0x2000015c       0x19 ./Core/Src/main.o
                0x2000015c                TelemetryPacket
 *fill*         0x20000175        0x3 
 .bss.IMU_Data  0x20000178       0x12 ./Core/Src/main.o
                0x20000178                IMU_Data
 *fill*         0x2000018a        0x2 
 .bss.HK_Data   0x2000018c        0x8 ./Core/Src/main.o
                0x2000018c                HK_Data
 .bss.LORA_mutex
                0x20000194        0x4 ./Core/Src/main.o
                0x20000194                LORA_mutex
 .bss.htim5     0x20000198       0x48 ./Core/Src/stm32f4xx_hal_timebase_tim.o
                0x20000198                htim5
 .bss.htim1     0x200001e0       0x48 ./Core/Src/tim.o
                0x200001e0                htim1
 .bss.htim2     0x20000228       0x48 ./Core/Src/tim.o
                0x20000228                htim2
 .bss.htim3     0x20000270       0x48 ./Core/Src/tim.o
                0x20000270                htim3
 .bss.huart1    0x200002b8       0x48 ./Core/Src/usart.o
                0x200002b8                huart1
 .bss.huart2    0x20000300       0x48 ./Core/Src/usart.o
                0x20000300                huart2
 .bss.huart6    0x20000348       0x48 ./Core/Src/usart.o
                0x20000348                huart6
 .bss.hdma_usart2_rx
                0x20000390       0x60 ./Core/Src/usart.o
                0x20000390                hdma_usart2_rx
 .bss.hdma_usart6_rx
                0x200003f0       0x60 ./Core/Src/usart.o
                0x200003f0                hdma_usart6_rx
 .bss.uwTick    0x20000450        0x4 ./Drivers/STM32F4xx_HAL_Driver/Src/stm32f4xx_hal.o
                0x20000450                uwTick
 .bss.KernelState
                0x20000454        0x4 ./Middlewares/Third_Party/FreeRTOS/Source/CMSIS_RTOS_V2/cmsis_os2.o
 .bss.Idle_TCB.3
                0x20000458       0x5c ./Middlewares/Third_Party/FreeRTOS/Source/CMSIS_RTOS_V2/cmsis_os2.o
 .bss.Idle_Stack.2
                0x200004b4      0x200 ./Middlewares/Third_Party/FreeRTOS/Source/CMSIS_RTOS_V2/cmsis_os2.o
 .bss.Timer_TCB.1
                0x200006b4       0x5c ./Middlewares/Third_Party/FreeRTOS/Source/CMSIS_RTOS_V2/cmsis_os2.o
 .bss.Timer_Stack.0
                0x20000710      0x400 ./Middlewares/Third_Party/FreeRTOS/Source/CMSIS_RTOS_V2/cmsis_os2.o
 .bss.xQueueRegistry
                0x20000b10       0x40 ./Middlewares/Third_Party/FreeRTOS/Source/queue.o
                0x20000b10                xQueueRegistry
 .bss.pxCurrentTCB
                0x20000b50        0x4 ./Middlewares/Third_Party/FreeRTOS/Source/tasks.o
                0x20000b50                pxCurrentTCB
 .bss.pxReadyTasksLists
                0x20000b54      0x460 ./Middlewares/Third_Party/FreeRTOS/Source/tasks.o
 .bss.xDelayedTaskList1
                0x20000fb4       0x14 ./Middlewares/Third_Party/FreeRTOS/Source/tasks.o
 .bss.xDelayedTaskList2
                0x20000fc8       0x14 ./Middlewares/Third_Party/FreeRTOS/Source/tasks.o
 .bss.pxDelayedTaskList
                0x20000fdc        0x4 ./Middlewares/Third_Party/FreeRTOS/Source/tasks.o
 .bss.pxOverflowDelayedTaskList
                0x20000fe0        0x4 ./Middlewares/Third_Party/FreeRTOS/Source/tasks.o
 .bss.xPendingReadyList
                0x20000fe4       0x14 ./Middlewares/Third_Party/FreeRTOS/Source/tasks.o
 .bss.xTasksWaitingTermination
                0x20000ff8       0x14 ./Middlewares/Third_Party/FreeRTOS/Source/tasks.o
 .bss.uxDeletedTasksWaitingCleanUp
                0x2000100c        0x4 ./Middlewares/Third_Party/FreeRTOS/Source/tasks.o
 .bss.xSuspendedTaskList
                0x20001010       0x14 ./Middlewares/Third_Party/FreeRTOS/Source/tasks.o
 .bss.uxCurrentNumberOfTasks
                0x20001024        0x4 ./Middlewares/Third_Party/FreeRTOS/Source/tasks.o
 .bss.xTickCount
                0x20001028        0x4 ./Middlewares/Third_Party/FreeRTOS/Source/tasks.o
 .bss.uxTopReadyPriority
                0x2000102c        0x4 ./Middlewares/Third_Party/FreeRTOS/Source/tasks.o
 .bss.xSchedulerRunning
                0x20001030        0x4 ./Middlewares/Third_Party/FreeRTOS/Source/tasks.o
 .bss.xPendedTicks
                0x20001034        0x4 ./Middlewares/Third_Party/FreeRTOS/Source/tasks.o
 .bss.xYieldPending
                0x20001038        0x4 ./Middlewares/Third_Party/FreeRTOS/Source/tasks.o
 .bss.xNumOfOverflows
                0x2000103c        0x4 ./Middlewares/Third_Party/FreeRTOS/Source/tasks.o
 .bss.uxTaskNumber
                0x20001040        0x4 ./Middlewares/Third_Party/FreeRTOS/Source/tasks.o
 .bss.xNextTaskUnblockTime
                0x20001044        0x4 ./Middlewares/Third_Party/FreeRTOS/Source/tasks.o
 .bss.xIdleTaskHandle
                0x20001048        0x4 ./Middlewares/Third_Party/FreeRTOS/Source/tasks.o
 .bss.uxSchedulerSuspended
                0x2000104c        0x4 ./Middlewares/Third_Party/FreeRTOS/Source/tasks.o
 .bss.xActiveTimerList1
                0x20001050       0x14 ./Middlewares/Third_Party/FreeRTOS/Source/timers.o
 .bss.xActiveTimerList2
                0x20001064       0x14 ./Middlewares/Third_Party/FreeRTOS/Source/timers.o
 .bss.pxCurrentTimerList
                0x20001078        0x4 ./Middlewares/Third_Party/FreeRTOS/Source/timers.o
 .bss.pxOverflowTimerList
                0x2000107c        0x4 ./Middlewares/Third_Party/FreeRTOS/Source/timers.o
 .bss.xTimerQueue
                0x20001080        0x4 ./Middlewares/Third_Party/FreeRTOS/Source/timers.o
 .bss.xTimerTaskHandle
                0x20001084        0x4 ./Middlewares/Third_Party/FreeRTOS/Source/timers.o
 .bss.xLastTime.2
                0x20001088        0x4 ./Middlewares/Third_Party/FreeRTOS/Source/timers.o
 .bss.ucStaticTimerQueueStorage.1
                0x2000108c       0xa0 ./Middlewares/Third_Party/FreeRTOS/Source/timers.o
 .bss.xStaticTimerQueue.0
                0x2000112c       0x50 ./Middlewares/Third_Party/FreeRTOS/Source/timers.o
 .bss.ucMaxSysCallPriority
                0x2000117c        0x1 ./Middlewares/Third_Party/FreeRTOS/Source/portable/GCC/ARM_CM4F/port.o
 *fill*         0x2000117d        0x3 
 .bss.ulMaxPRIGROUPValue
                0x20001180        0x4 ./Middlewares/Third_Party/FreeRTOS/Source/portable/GCC/ARM_CM4F/port.o
 .bss.ucHeap    0x20001184     0x3c00 ./Middlewares/Third_Party/FreeRTOS/Source/portable/MemMang/heap_4.o
 .bss.xStart    0x20004d84        0x8 ./Middlewares/Third_Party/FreeRTOS/Source/portable/MemMang/heap_4.o
 .bss.pxEnd     0x20004d8c        0x4 ./Middlewares/Third_Party/FreeRTOS/Source/portable/MemMang/heap_4.o
 .bss.xFreeBytesRemaining
                0x20004d90        0x4 ./Middlewares/Third_Party/FreeRTOS/Source/portable/MemMang/heap_4.o
 .bss.xMinimumEverFreeBytesRemaining
                0x20004d94        0x4 ./Middlewares/Third_Party/FreeRTOS/Source/portable/MemMang/heap_4.o
 .bss.xNumberOfSuccessfulAllocations
                0x20004d98        0x4 ./Middlewares/Third_Party/FreeRTOS/Source/portable/MemMang/heap_4.o
 .bss.xNumberOfSuccessfulFrees
                0x20004d9c        0x4 ./Middlewares/Third_Party/FreeRTOS/Source/portable/MemMang/heap_4.o
 .bss.xBlockAllocatedBit
                0x20004da0        0x4 ./Middlewares/Third_Party/FreeRTOS/Source/portable/MemMang/heap_4.o
 *(COMMON)
                0x20004da4                        . = ALIGN (0x4)
                0x20004da4                        _ebss = .
                0x20004da4                        __bss_end__ = _ebss

._user_heap_stack
                0x20004da4      0x604 load address 0x08009ef0
                0x20004da8                        . = ALIGN (0x8)
 *fill*         0x20004da4        0x4 
                [!provide]                        PROVIDE (end = .)
                0x20004da8                        PROVIDE (_end = .)
                0x20004fa8                        . = (. + _Min_Heap_Size)
 *fill*         0x20004da8      0x200 
                0x200053a8                        . = (. + _Min_Stack_Size)
 *fill*         0x20004fa8      0x400 
                0x200053a8                        . = ALIGN (0x8)

/DISCARD/
 libc.a(*)
 libm.a(*)
 libgcc.a(*)

.ARM.attributes
                0x00000000       0x30
 *(.ARM.attributes)
 .ARM.attributes
                0x00000000       0x22 C:/ST/STM32CubeIDE_1.19.0/STM32CubeIDE/plugins/com.st.stm32cube.ide.mcu.externaltools.gnu-tools-for-stm32.13.3.rel1.win32_1.0.0.202411081344/tools/bin/../lib/gcc/arm-none-eabi/13.3.1/thumb/v7e-m+fp/hard/crti.o
 .ARM.attributes
                0x00000022       0x34 C:/ST/STM32CubeIDE_1.19.0/STM32CubeIDE/plugins/com.st.stm32cube.ide.mcu.externaltools.gnu-tools-for-stm32.13.3.rel1.win32_1.0.0.202411081344/tools/bin/../lib/gcc/arm-none-eabi/13.3.1/thumb/v7e-m+fp/hard/crtbegin.o
 .ARM.attributes
                0x00000056       0x34 ./Core/Src/BNO055.o
 .ARM.attributes
                0x0000008a       0x34 ./Core/Src/CRC.o
 .ARM.attributes
                0x000000be       0x34 ./Core/Src/Telemetry.o
 .ARM.attributes
                0x000000f2       0x34 ./Core/Src/adc.o
 .ARM.attributes
                0x00000126       0x34 ./Core/Src/dma.o
 .ARM.attributes
                0x0000015a       0x34 ./Core/Src/freertos.o
 .ARM.attributes
                0x0000018e       0x34 ./Core/Src/gpio.o
 .ARM.attributes
                0x000001c2       0x34 ./Core/Src/i2c.o
 .ARM.attributes
                0x000001f6       0x34 ./Core/Src/main.o
 .ARM.attributes
                0x0000022a       0x34 ./Core/Src/stm32f4xx_hal_msp.o
 .ARM.attributes
                0x0000025e       0x34 ./Core/Src/stm32f4xx_hal_timebase_tim.o
 .ARM.attributes
                0x00000292       0x34 ./Core/Src/stm32f4xx_it.o
 .ARM.attributes
                0x000002c6       0x34 ./Core/Src/system_stm32f4xx.o
 .ARM.attributes
                0x000002fa       0x34 ./Core/Src/tim.o
 .ARM.attributes
                0x0000032e       0x34 ./Core/Src/usart.o
 .ARM.attributes
                0x00000362       0x21 ./Core/Startup/startup_stm32f411ceux.o
 .ARM.attributes
                0x00000383       0x34 ./Drivers/STM32F4xx_HAL_Driver/Src/stm32f4xx_hal.o
 .ARM.attributes
                0x000003b7       0x34 ./Drivers/STM32F4xx_HAL_Driver/Src/stm32f4xx_hal_adc.o
 .ARM.attributes
                0x000003eb       0x34 ./Drivers/STM32F4xx_HAL_Driver/Src/stm32f4xx_hal_cortex.o
 .ARM.attributes
                0x0000041f       0x34 ./Drivers/STM32F4xx_HAL_Driver/Src/stm32f4xx_hal_dma.o
 .ARM.attributes
                0x00000453       0x34 ./Drivers/STM32F4xx_HAL_Driver/Src/stm32f4xx_hal_gpio.o
 .ARM.attributes
                0x00000487       0x34 ./Drivers/STM32F4xx_HAL_Driver/Src/stm32f4xx_hal_i2c.o
 .ARM.attributes
                0x000004bb       0x34 ./Drivers/STM32F4xx_HAL_Driver/Src/stm32f4xx_hal_rcc.o
 .ARM.attributes
                0x000004ef       0x34 ./Drivers/STM32F4xx_HAL_Driver/Src/stm32f4xx_hal_tim.o
 .ARM.attributes
                0x00000523       0x34 ./Drivers/STM32F4xx_HAL_Driver/Src/stm32f4xx_hal_tim_ex.o
 .ARM.attributes
                0x00000557       0x34 ./Drivers/STM32F4xx_HAL_Driver/Src/stm32f4xx_hal_uart.o
 .ARM.attributes
                0x0000058b       0x34 ./Middlewares/Third_Party/FreeRTOS/Source/CMSIS_RTOS_V2/cmsis_os2.o
 .ARM.attributes
                0x000005bf       0x34 ./Middlewares/Third_Party/FreeRTOS/Source/list.o
 .ARM.attributes
                0x000005f3       0x34 ./Middlewares/Third_Party/FreeRTOS/Source/queue.o
 .ARM.attributes
                0x00000627       0x34 ./Middlewares/Third_Party/FreeRTOS/Source/tasks.o
 .ARM.attributes
                0x0000065b       0x34 ./Middlewares/Third_Party/FreeRTOS/Source/timers.o
 .ARM.attributes
                0x0000068f       0x34 ./Middlewares/Third_Party/FreeRTOS/Source/portable/GCC/ARM_CM4F/port.o
 .ARM.attributes
                0x000006c3       0x34 ./Middlewares/Third_Party/FreeRTOS/Source/portable/MemMang/heap_4.o
 .ARM.attributes
                0x000006f7       0x34 C:/ST/STM32CubeIDE_1.19.0/STM32CubeIDE/plugins/com.st.stm32cube.ide.mcu.externaltools.gnu-tools-for-stm32.13.3.rel1.win32_1.0.0.202411081344/tools/bin/../lib/gcc/arm-none-eabi/13.3.1/../../../../arm-none-eabi/lib/thumb/v7e-m+fp/hard\libc_nano.a(libc_a-memset.o)
 .ARM.attributes
                0x0000072b       0x34 C:/ST/STM32CubeIDE_1.19.0/STM32CubeIDE/plugins/com.st.stm32cube.ide.mcu.externaltools.gnu-tools-for-stm32.13.3.rel1.win32_1.0.0.202411081344/tools/bin/../lib/gcc/arm-none-eabi/13.3.1/../../../../arm-none-eabi/lib/thumb/v7e-m+fp/hard\libc_nano.a(libc_a-init.o)
 .ARM.attributes
                0x0000075f       0x34 C:/ST/STM32CubeIDE_1.19.0/STM32CubeIDE/plugins/com.st.stm32cube.ide.mcu.externaltools.gnu-tools-for-stm32.13.3.rel1.win32_1.0.0.202411081344/tools/bin/../lib/gcc/arm-none-eabi/13.3.1/../../../../arm-none-eabi/lib/thumb/v7e-m+fp/hard\libc_nano.a(libc_a-memcpy-stub.o)
 .ARM.attributes
                0x00000793       0x22 C:/ST/STM32CubeIDE_1.19.0/STM32CubeIDE/plugins/com.st.stm32cube.ide.mcu.externaltools.gnu-tools-for-stm32.13.3.rel1.win32_1.0.0.202411081344/tools/bin/../lib/gcc/arm-none-eabi/13.3.1/thumb/v7e-m+fp/hard\libgcc.a(_arm_muldf3.o)
 .ARM.attributes
                0x000007b5       0x22 C:/ST/STM32CubeIDE_1.19.0/STM32CubeIDE/plugins/com.st.stm32cube.ide.mcu.externaltools.gnu-tools-for-stm32.13.3.rel1.win32_1.0.0.202411081344/tools/bin/../lib/gcc/arm-none-eabi/13.3.1/thumb/v7e-m+fp/hard\libgcc.a(_arm_addsubdf3.o)
 .ARM.attributes
                0x000007d7       0x22 C:/ST/STM32CubeIDE_1.19.0/STM32CubeIDE/plugins/com.st.stm32cube.ide.mcu.externaltools.gnu-tools-for-stm32.13.3.rel1.win32_1.0.0.202411081344/tools/bin/../lib/gcc/arm-none-eabi/13.3.1/thumb/v7e-m+fp/hard\libgcc.a(_arm_truncdfsf2.o)
 .ARM.attributes
                0x000007f9       0x22 C:/ST/STM32CubeIDE_1.19.0/STM32CubeIDE/plugins/com.st.stm32cube.ide.mcu.externaltools.gnu-tools-for-stm32.13.3.rel1.win32_1.0.0.202411081344/tools/bin/../lib/gcc/arm-none-eabi/13.3.1/thumb/v7e-m+fp/hard\libgcc.a(_aeabi_uldivmod.o)
 .ARM.attributes
                0x0000081b       0x34 C:/ST/STM32CubeIDE_1.19.0/STM32CubeIDE/plugins/com.st.stm32cube.ide.mcu.externaltools.gnu-tools-for-stm32.13.3.rel1.win32_1.0.0.202411081344/tools/bin/../lib/gcc/arm-none-eabi/13.3.1/thumb/v7e-m+fp/hard\libgcc.a(_udivmoddi4.o)
 .ARM.attributes
                0x0000084f       0x22 C:/ST/STM32CubeIDE_1.19.0/STM32CubeIDE/plugins/com.st.stm32cube.ide.mcu.externaltools.gnu-tools-for-stm32.13.3.rel1.win32_1.0.0.202411081344/tools/bin/../lib/gcc/arm-none-eabi/13.3.1/thumb/v7e-m+fp/hard\libgcc.a(_dvmd_tls.o)
 .ARM.attributes
                0x00000871       0x22 C:/ST/STM32CubeIDE_1.19.0/STM32CubeIDE/plugins/com.st.stm32cube.ide.mcu.externaltools.gnu-tools-for-stm32.13.3.rel1.win32_1.0.0.202411081344/tools/bin/../lib/gcc/arm-none-eabi/13.3.1/thumb/v7e-m+fp/hard/crtn.o
OUTPUT(ODYSSEY_Cubesat.elf elf32-littlearm)
LOAD linker stubs
LOAD C:/ST/STM32CubeIDE_1.19.0/STM32CubeIDE/plugins/com.st.stm32cube.ide.mcu.externaltools.gnu-tools-for-stm32.13.3.rel1.win32_1.0.0.202411081344/tools/bin/../lib/gcc/arm-none-eabi/13.3.1/../../../../arm-none-eabi/lib/thumb/v7e-m+fp/hard\libc.a
LOAD C:/ST/STM32CubeIDE_1.19.0/STM32CubeIDE/plugins/com.st.stm32cube.ide.mcu.externaltools.gnu-tools-for-stm32.13.3.rel1.win32_1.0.0.202411081344/tools/bin/../lib/gcc/arm-none-eabi/13.3.1/../../../../arm-none-eabi/lib/thumb/v7e-m+fp/hard\libm.a
LOAD C:/ST/STM32CubeIDE_1.19.0/STM32CubeIDE/plugins/com.st.stm32cube.ide.mcu.externaltools.gnu-tools-for-stm32.13.3.rel1.win32_1.0.0.202411081344/tools/bin/../lib/gcc/arm-none-eabi/13.3.1/thumb/v7e-m+fp/hard\libgcc.a

.debug_info     0x00000000    0x1e0e8
 .debug_info    0x00000000      0x864 ./Core/Src/BNO055.o
 .debug_info    0x00000864      0x133 ./Core/Src/CRC.o
 .debug_info    0x00000997      0x23f ./Core/Src/Telemetry.o
 .debug_info    0x00000bd6      0xa06 ./Core/Src/adc.o
 .debug_info    0x000015dc      0x45e ./Core/Src/dma.o
 .debug_info    0x00001a3a      0x3fe ./Core/Src/freertos.o
 .debug_info    0x00001e38      0x433 ./Core/Src/gpio.o
 .debug_info    0x0000226b      0x9a5 ./Core/Src/i2c.o
 .debug_info    0x00002c10     0x184d ./Core/Src/main.o
 .debug_info    0x0000445d      0x44f ./Core/Src/stm32f4xx_hal_msp.o
 .debug_info    0x000048ac      0xb83 ./Core/Src/stm32f4xx_hal_timebase_tim.o
 .debug_info    0x0000542f      0x75c ./Core/Src/stm32f4xx_it.o
 .debug_info    0x00005b8b      0x53e ./Core/Src/system_stm32f4xx.o
 .debug_info    0x000060c9      0xfef ./Core/Src/tim.o
 .debug_info    0x000070b8      0xa6b ./Core/Src/usart.o
 .debug_info    0x00007b23       0x30 ./Core/Startup/startup_stm32f411ceux.o
 .debug_info    0x00007b53      0x8c4 ./Drivers/STM32F4xx_HAL_Driver/Src/stm32f4xx_hal.o
 .debug_info    0x00008417      0xce0 ./Drivers/STM32F4xx_HAL_Driver/Src/stm32f4xx_hal_adc.o
 .debug_info    0x000090f7      0xcfc ./Drivers/STM32F4xx_HAL_Driver/Src/stm32f4xx_hal_cortex.o
 .debug_info    0x00009df3      0x8e6 ./Drivers/STM32F4xx_HAL_Driver/Src/stm32f4xx_hal_dma.o
 .debug_info    0x0000a6d9      0x6f9 ./Drivers/STM32F4xx_HAL_Driver/Src/stm32f4xx_hal_gpio.o
 .debug_info    0x0000add2     0x2426 ./Drivers/STM32F4xx_HAL_Driver/Src/stm32f4xx_hal_i2c.o
 .debug_info    0x0000d1f8      0x904 ./Drivers/STM32F4xx_HAL_Driver/Src/stm32f4xx_hal_rcc.o
 .debug_info    0x0000dafc     0x2996 ./Drivers/STM32F4xx_HAL_Driver/Src/stm32f4xx_hal_tim.o
 .debug_info    0x00010492     0x14d4 ./Drivers/STM32F4xx_HAL_Driver/Src/stm32f4xx_hal_tim_ex.o
 .debug_info    0x00011966     0x2f56 ./Drivers/STM32F4xx_HAL_Driver/Src/stm32f4xx_hal_uart.o
 .debug_info    0x000148bc     0x39dd ./Middlewares/Third_Party/FreeRTOS/Source/CMSIS_RTOS_V2/cmsis_os2.o
 .debug_info    0x00018299      0x2af ./Middlewares/Third_Party/FreeRTOS/Source/list.o
 .debug_info    0x00018548     0x1b79 ./Middlewares/Third_Party/FreeRTOS/Source/queue.o
 .debug_info    0x0001a0c1     0x21ec ./Middlewares/Third_Party/FreeRTOS/Source/tasks.o
 .debug_info    0x0001c2ad     0x1488 ./Middlewares/Third_Party/FreeRTOS/Source/timers.o
 .debug_info    0x0001d735      0x4de ./Middlewares/Third_Party/FreeRTOS/Source/portable/GCC/ARM_CM4F/port.o
 .debug_info    0x0001dc13      0x4d5 ./Middlewares/Third_Party/FreeRTOS/Source/portable/MemMang/heap_4.o

.debug_abbrev   0x00000000     0x47ae
 .debug_abbrev  0x00000000      0x1df ./Core/Src/BNO055.o
 .debug_abbrev  0x000001df       0xbe ./Core/Src/CRC.o
 .debug_abbrev  0x0000029d      0x10b ./Core/Src/Telemetry.o
 .debug_abbrev  0x000003a8      0x204 ./Core/Src/adc.o
 .debug_abbrev  0x000005ac      0x11b ./Core/Src/dma.o
 .debug_abbrev  0x000006c7      0x15f ./Core/Src/freertos.o
 .debug_abbrev  0x00000826      0x151 ./Core/Src/gpio.o
 .debug_abbrev  0x00000977      0x1f0 ./Core/Src/i2c.o
 .debug_abbrev  0x00000b67      0x323 ./Core/Src/main.o
 .debug_abbrev  0x00000e8a      0x119 ./Core/Src/stm32f4xx_hal_msp.o
 .debug_abbrev  0x00000fa3      0x207 ./Core/Src/stm32f4xx_hal_timebase_tim.o
 .debug_abbrev  0x000011aa      0x1dc ./Core/Src/stm32f4xx_it.o
 .debug_abbrev  0x00001386      0x11a ./Core/Src/system_stm32f4xx.o
 .debug_abbrev  0x000014a0      0x2a2 ./Core/Src/tim.o
 .debug_abbrev  0x00001742      0x214 ./Core/Src/usart.o
 .debug_abbrev  0x00001956       0x24 ./Core/Startup/startup_stm32f411ceux.o
 .debug_abbrev  0x0000197a      0x24b ./Drivers/STM32F4xx_HAL_Driver/Src/stm32f4xx_hal.o
 .debug_abbrev  0x00001bc5      0x20e ./Drivers/STM32F4xx_HAL_Driver/Src/stm32f4xx_hal_adc.o
 .debug_abbrev  0x00001dd3      0x31d ./Drivers/STM32F4xx_HAL_Driver/Src/stm32f4xx_hal_cortex.o
 .debug_abbrev  0x000020f0      0x221 ./Drivers/STM32F4xx_HAL_Driver/Src/stm32f4xx_hal_dma.o
 .debug_abbrev  0x00002311      0x1d3 ./Drivers/STM32F4xx_HAL_Driver/Src/stm32f4xx_hal_gpio.o
 .debug_abbrev  0x000024e4      0x2bc ./Drivers/STM32F4xx_HAL_Driver/Src/stm32f4xx_hal_i2c.o
 .debug_abbrev  0x000027a0      0x2b6 ./Drivers/STM32F4xx_HAL_Driver/Src/stm32f4xx_hal_rcc.o
 .debug_abbrev  0x00002a56      0x28b ./Drivers/STM32F4xx_HAL_Driver/Src/stm32f4xx_hal_tim.o
 .debug_abbrev  0x00002ce1      0x296 ./Drivers/STM32F4xx_HAL_Driver/Src/stm32f4xx_hal_tim_ex.o
 .debug_abbrev  0x00002f77      0x31b ./Drivers/STM32F4xx_HAL_Driver/Src/stm32f4xx_hal_uart.o
 .debug_abbrev  0x00003292      0x520 ./Middlewares/Third_Party/FreeRTOS/Source/CMSIS_RTOS_V2/cmsis_os2.o
 .debug_abbrev  0x000037b2       0xf5 ./Middlewares/Third_Party/FreeRTOS/Source/list.o
 .debug_abbrev  0x000038a7      0x3b6 ./Middlewares/Third_Party/FreeRTOS/Source/queue.o
 .debug_abbrev  0x00003c5d      0x386 ./Middlewares/Third_Party/FreeRTOS/Source/tasks.o
 .debug_abbrev  0x00003fe3      0x352 ./Middlewares/Third_Party/FreeRTOS/Source/timers.o
 .debug_abbrev  0x00004335      0x25c ./Middlewares/Third_Party/FreeRTOS/Source/portable/GCC/ARM_CM4F/port.o
 .debug_abbrev  0x00004591      0x21d ./Middlewares/Third_Party/FreeRTOS/Source/portable/MemMang/heap_4.o

.debug_aranges  0x00000000     0x19d8
 .debug_aranges
                0x00000000       0x38 ./Core/Src/BNO055.o
 .debug_aranges
                0x00000038       0x20 ./Core/Src/CRC.o
 .debug_aranges
                0x00000058       0x38 ./Core/Src/Telemetry.o
 .debug_aranges
                0x00000090       0x30 ./Core/Src/adc.o
 .debug_aranges
                0x000000c0       0x20 ./Core/Src/dma.o
 .debug_aranges
                0x000000e0       0x28 ./Core/Src/freertos.o
 .debug_aranges
                0x00000108       0x20 ./Core/Src/gpio.o
 .debug_aranges
                0x00000128       0x30 ./Core/Src/i2c.o
 .debug_aranges
                0x00000158       0x58 ./Core/Src/main.o
 .debug_aranges
                0x000001b0       0x20 ./Core/Src/stm32f4xx_hal_msp.o
 .debug_aranges
                0x000001d0       0x30 ./Core/Src/stm32f4xx_hal_timebase_tim.o
 .debug_aranges
                0x00000200       0x78 ./Core/Src/stm32f4xx_it.o
 .debug_aranges
                0x00000278       0x28 ./Core/Src/system_stm32f4xx.o
 .debug_aranges
                0x000002a0       0x58 ./Core/Src/tim.o
 .debug_aranges
                0x000002f8       0x40 ./Core/Src/usart.o
 .debug_aranges
                0x00000338       0x28 ./Core/Startup/startup_stm32f411ceux.o
 .debug_aranges
                0x00000360       0xf0 ./Drivers/STM32F4xx_HAL_Driver/Src/stm32f4xx_hal.o
 .debug_aranges
                0x00000450       0xe8 ./Drivers/STM32F4xx_HAL_Driver/Src/stm32f4xx_hal_adc.o
 .debug_aranges
                0x00000538      0x130 ./Drivers/STM32F4xx_HAL_Driver/Src/stm32f4xx_hal_cortex.o
 .debug_aranges
                0x00000668       0x90 ./Drivers/STM32F4xx_HAL_Driver/Src/stm32f4xx_hal_dma.o
 .debug_aranges
                0x000006f8       0x58 ./Drivers/STM32F4xx_HAL_Driver/Src/stm32f4xx_hal_gpio.o
 .debug_aranges
                0x00000750      0x2a8 ./Drivers/STM32F4xx_HAL_Driver/Src/stm32f4xx_hal_i2c.o
 .debug_aranges
                0x000009f8       0x88 ./Drivers/STM32F4xx_HAL_Driver/Src/stm32f4xx_hal_rcc.o
 .debug_aranges
                0x00000a80      0x3d0 ./Drivers/STM32F4xx_HAL_Driver/Src/stm32f4xx_hal_tim.o
 .debug_aranges
                0x00000e50      0x168 ./Drivers/STM32F4xx_HAL_Driver/Src/stm32f4xx_hal_tim_ex.o
 .debug_aranges
                0x00000fb8      0x208 ./Drivers/STM32F4xx_HAL_Driver/Src/stm32f4xx_hal_uart.o
 .debug_aranges
                0x000011c0      0x2b0 ./Middlewares/Third_Party/FreeRTOS/Source/CMSIS_RTOS_V2/cmsis_os2.o
 .debug_aranges
                0x00001470       0x40 ./Middlewares/Third_Party/FreeRTOS/Source/list.o
 .debug_aranges
                0x000014b0      0x158 ./Middlewares/Third_Party/FreeRTOS/Source/queue.o
 .debug_aranges
                0x00001608      0x208 ./Middlewares/Third_Party/FreeRTOS/Source/tasks.o
 .debug_aranges
                0x00001810       0xf0 ./Middlewares/Third_Party/FreeRTOS/Source/timers.o
 .debug_aranges
                0x00001900       0x80 ./Middlewares/Third_Party/FreeRTOS/Source/portable/GCC/ARM_CM4F/port.o
 .debug_aranges
                0x00001980       0x58 ./Middlewares/Third_Party/FreeRTOS/Source/portable/MemMang/heap_4.o

.debug_rnglists
                0x00000000     0x141c
 .debug_rnglists
                0x00000000       0x29 ./Core/Src/BNO055.o
 .debug_rnglists
                0x00000029       0x13 ./Core/Src/CRC.o
 .debug_rnglists
                0x0000003c       0x29 ./Core/Src/Telemetry.o
 .debug_rnglists
                0x00000065       0x21 ./Core/Src/adc.o
 .debug_rnglists
                0x00000086       0x13 ./Core/Src/dma.o
 .debug_rnglists
                0x00000099       0x19 ./Core/Src/freertos.o
 .debug_rnglists
                0x000000b2       0x14 ./Core/Src/gpio.o
 .debug_rnglists
                0x000000c6       0x20 ./Core/Src/i2c.o
 .debug_rnglists
                0x000000e6       0x3f ./Core/Src/main.o
 .debug_rnglists
                0x00000125       0x13 ./Core/Src/stm32f4xx_hal_msp.o
 .debug_rnglists
                0x00000138       0x20 ./Core/Src/stm32f4xx_hal_timebase_tim.o
 .debug_rnglists
                0x00000158       0x55 ./Core/Src/stm32f4xx_it.o
 .debug_rnglists
                0x000001ad       0x1a ./Core/Src/system_stm32f4xx.o
 .debug_rnglists
                0x000001c7       0x42 ./Core/Src/tim.o
 .debug_rnglists
                0x00000209       0x2d ./Core/Src/usart.o
 .debug_rnglists
                0x00000236       0x19 ./Core/Startup/startup_stm32f411ceux.o
 .debug_rnglists
                0x0000024f       0xaf ./Drivers/STM32F4xx_HAL_Driver/Src/stm32f4xx_hal.o
 .debug_rnglists
                0x000002fe       0xb5 ./Drivers/STM32F4xx_HAL_Driver/Src/stm32f4xx_hal_adc.o
 .debug_rnglists
                0x000003b3       0xe0 ./Drivers/STM32F4xx_HAL_Driver/Src/stm32f4xx_hal_cortex.o
 .debug_rnglists
                0x00000493       0x70 ./Drivers/STM32F4xx_HAL_Driver/Src/stm32f4xx_hal_dma.o
 .debug_rnglists
                0x00000503       0x3f ./Drivers/STM32F4xx_HAL_Driver/Src/stm32f4xx_hal_gpio.o
 .debug_rnglists
                0x00000542      0x23c ./Drivers/STM32F4xx_HAL_Driver/Src/stm32f4xx_hal_i2c.o
 .debug_rnglists
                0x0000077e       0x66 ./Drivers/STM32F4xx_HAL_Driver/Src/stm32f4xx_hal_rcc.o
 .debug_rnglists
                0x000007e4      0x31a ./Drivers/STM32F4xx_HAL_Driver/Src/stm32f4xx_hal_tim.o
 .debug_rnglists
                0x00000afe      0x125 ./Drivers/STM32F4xx_HAL_Driver/Src/stm32f4xx_hal_tim_ex.o
 .debug_rnglists
                0x00000c23      0x1bc ./Drivers/STM32F4xx_HAL_Driver/Src/stm32f4xx_hal_uart.o
 .debug_rnglists
                0x00000ddf      0x212 ./Middlewares/Third_Party/FreeRTOS/Source/CMSIS_RTOS_V2/cmsis_os2.o
 .debug_rnglists
                0x00000ff1       0x2b ./Middlewares/Third_Party/FreeRTOS/Source/list.o
 .debug_rnglists
                0x0000101c      0x109 ./Middlewares/Third_Party/FreeRTOS/Source/queue.o
 .debug_rnglists
                0x00001125      0x1a0 ./Middlewares/Third_Party/FreeRTOS/Source/tasks.o
 .debug_rnglists
                0x000012c5       0xb8 ./Middlewares/Third_Party/FreeRTOS/Source/timers.o
 .debug_rnglists
                0x0000137d       0x5d ./Middlewares/Third_Party/FreeRTOS/Source/portable/GCC/ARM_CM4F/port.o
 .debug_rnglists
                0x000013da       0x42 ./Middlewares/Third_Party/FreeRTOS/Source/portable/MemMang/heap_4.o

.debug_macro    0x00000000    0x1aac7
 .debug_macro   0x00000000      0x21e ./Core/Src/BNO055.o
 .debug_macro   0x0000021e      0xad8 ./Core/Src/BNO055.o
 .debug_macro   0x00000cf6      0x2a7 ./Core/Src/BNO055.o
 .debug_macro   0x00000f9d       0x2e ./Core/Src/BNO055.o
 .debug_macro   0x00000fcb       0x28 ./Core/Src/BNO055.o
 .debug_macro   0x00000ff3       0x22 ./Core/Src/BNO055.o
 .debug_macro   0x00001015       0x8e ./Core/Src/BNO055.o
 .debug_macro   0x000010a3       0x51 ./Core/Src/BNO055.o
 .debug_macro   0x000010f4      0x103 ./Core/Src/BNO055.o
 .debug_macro   0x000011f7       0x6a ./Core/Src/BNO055.o
 .debug_macro   0x00001261      0x1df ./Core/Src/BNO055.o
 .debug_macro   0x00001440       0x1c ./Core/Src/BNO055.o
 .debug_macro   0x0000145c       0x22 ./Core/Src/BNO055.o
 .debug_macro   0x0000147e       0xfb ./Core/Src/BNO055.o
 .debug_macro   0x00001579     0x1011 ./Core/Src/BNO055.o
 .debug_macro   0x0000258a      0x11f ./Core/Src/BNO055.o
 .debug_macro   0x000026a9     0xb968 ./Core/Src/BNO055.o
 .debug_macro   0x0000e011       0x6d ./Core/Src/BNO055.o
 .debug_macro   0x0000e07e     0x3693 ./Core/Src/BNO055.o
 .debug_macro   0x00011711      0x190 ./Core/Src/BNO055.o
 .debug_macro   0x000118a1       0x5c ./Core/Src/BNO055.o
 .debug_macro   0x000118fd      0x45c ./Core/Src/BNO055.o
 .debug_macro   0x00011d59      0x9e9 ./Core/Src/BNO055.o
 .debug_macro   0x00012742      0x115 ./Core/Src/BNO055.o
 .debug_macro   0x00012857      0x11b ./Core/Src/BNO055.o
 .debug_macro   0x00012972       0xa5 ./Core/Src/BNO055.o
 .debug_macro   0x00012a17      0x15f ./Core/Src/BNO055.o
 .debug_macro   0x00012b76      0x287 ./Core/Src/BNO055.o
 .debug_macro   0x00012dfd       0x5f ./Core/Src/BNO055.o
 .debug_macro   0x00012e5c      0x236 ./Core/Src/BNO055.o
 .debug_macro   0x00013092      0x9e1 ./Core/Src/BNO055.o
 .debug_macro   0x00013a73      0x38b ./Core/Src/BNO055.o
 .debug_macro   0x00013dfe      0x17d ./Core/Src/BNO055.o
 .debug_macro   0x00013f7b       0xf9 ./Core/Src/BNO055.o
 .debug_macro   0x00014074      0x132 ./Core/Src/BNO055.o
 .debug_macro   0x000141a6      0x264 ./Core/Src/BNO055.o
 .debug_macro   0x0001440a       0x2e ./Core/Src/BNO055.o
 .debug_macro   0x00014438      0x1b5 ./Core/Src/BNO055.o
 .debug_macro   0x000145ed       0x22 ./Core/Src/BNO055.o
 .debug_macro   0x0001460f       0xd6 ./Core/Src/BNO055.o
 .debug_macro   0x000146e5      0x127 ./Core/Src/BNO055.o
 .debug_macro   0x0001480c       0x85 ./Core/Src/BNO055.o
 .debug_macro   0x00014891       0x89 ./Core/Src/BNO055.o
 .debug_macro   0x0001491a      0x8ed ./Core/Src/BNO055.o
 .debug_macro   0x00015207       0x47 ./Core/Src/BNO055.o
 .debug_macro   0x0001524e      0x2aa ./Core/Src/BNO055.o
 .debug_macro   0x000154f8      0x126 ./Core/Src/BNO055.o
 .debug_macro   0x0001561e       0x4c ./Core/Src/BNO055.o
 .debug_macro   0x0001566a       0x7b ./Core/Src/CRC.o
 .debug_macro   0x000156e5       0x10 ./Core/Src/CRC.o
 .debug_macro   0x000156f5       0x8a ./Core/Src/Telemetry.o
 .debug_macro   0x0001577f       0x9a ./Core/Src/Telemetry.o
 .debug_macro   0x00015819      0x223 ./Core/Src/adc.o
 .debug_macro   0x00015a3c      0x223 ./Core/Src/dma.o
 .debug_macro   0x00015c5f      0x2c5 ./Core/Src/freertos.o
 .debug_macro   0x00015f24      0x169 ./Core/Src/freertos.o
 .debug_macro   0x0001608d      0x15a ./Core/Src/freertos.o
 .debug_macro   0x000161e7       0xc9 ./Core/Src/freertos.o
 .debug_macro   0x000162b0       0x1c ./Core/Src/freertos.o
 .debug_macro   0x000162cc       0x26 ./Core/Src/freertos.o
 .debug_macro   0x000162f2      0x4c5 ./Core/Src/freertos.o
 .debug_macro   0x000167b7       0xb5 ./Core/Src/freertos.o
 .debug_macro   0x0001686c       0xaa ./Core/Src/freertos.o
 .debug_macro   0x00016916       0x6c ./Core/Src/freertos.o
 .debug_macro   0x00016982       0x74 ./Core/Src/freertos.o
 .debug_macro   0x000169f6       0xdd ./Core/Src/freertos.o
 .debug_macro   0x00016ad3       0x87 ./Core/Src/freertos.o
 .debug_macro   0x00016b5a       0x9a ./Core/Src/freertos.o
 .debug_macro   0x00016bf4      0x223 ./Core/Src/gpio.o
 .debug_macro   0x00016e17      0x223 ./Core/Src/i2c.o
 .debug_macro   0x0001703a      0x35d ./Core/Src/main.o
 .debug_macro   0x00017397      0x169 ./Core/Src/main.o
 .debug_macro   0x00017500       0x66 ./Core/Src/main.o
 .debug_macro   0x00017566       0x52 ./Core/Src/main.o
 .debug_macro   0x000175b8       0x2e ./Core/Src/main.o
 .debug_macro   0x000175e6      0x219 ./Core/Src/stm32f4xx_hal_msp.o
 .debug_macro   0x000177ff      0x20f ./Core/Src/stm32f4xx_hal_timebase_tim.o
 .debug_macro   0x00017a0e      0x223 ./Core/Src/stm32f4xx_it.o
 .debug_macro   0x00017c31      0x20f ./Core/Src/system_stm32f4xx.o
 .debug_macro   0x00017e40      0x223 ./Core/Src/tim.o
 .debug_macro   0x00018063      0x223 ./Core/Src/usart.o
 .debug_macro   0x00018286      0x26f ./Drivers/STM32F4xx_HAL_Driver/Src/stm32f4xx_hal.o
 .debug_macro   0x000184f5      0x210 ./Drivers/STM32F4xx_HAL_Driver/Src/stm32f4xx_hal_adc.o
 .debug_macro   0x00018705      0x20f ./Drivers/STM32F4xx_HAL_Driver/Src/stm32f4xx_hal_cortex.o
 .debug_macro   0x00018914      0x215 ./Drivers/STM32F4xx_HAL_Driver/Src/stm32f4xx_hal_dma.o
 .debug_macro   0x00018b29      0x215 ./Drivers/STM32F4xx_HAL_Driver/Src/stm32f4xx_hal_gpio.o
 .debug_macro   0x00018d3e      0x25d ./Drivers/STM32F4xx_HAL_Driver/Src/stm32f4xx_hal_i2c.o
 .debug_macro   0x00018f9b      0x233 ./Drivers/STM32F4xx_HAL_Driver/Src/stm32f4xx_hal_rcc.o
 .debug_macro   0x000191ce      0x210 ./Drivers/STM32F4xx_HAL_Driver/Src/stm32f4xx_hal_tim.o
 .debug_macro   0x000193de      0x20f ./Drivers/STM32F4xx_HAL_Driver/Src/stm32f4xx_hal_tim_ex.o
 .debug_macro   0x000195ed      0x210 ./Drivers/STM32F4xx_HAL_Driver/Src/stm32f4xx_hal_uart.o
 .debug_macro   0x000197fd      0x406 ./Middlewares/Third_Party/FreeRTOS/Source/CMSIS_RTOS_V2/cmsis_os2.o
 .debug_macro   0x00019c03       0x10 ./Middlewares/Third_Party/FreeRTOS/Source/CMSIS_RTOS_V2/cmsis_os2.o
 .debug_macro   0x00019c13       0x20 ./Middlewares/Third_Party/FreeRTOS/Source/CMSIS_RTOS_V2/cmsis_os2.o
 .debug_macro   0x00019c33       0x10 ./Middlewares/Third_Party/FreeRTOS/Source/CMSIS_RTOS_V2/cmsis_os2.o
 .debug_macro   0x00019c43       0xf5 ./Middlewares/Third_Party/FreeRTOS/Source/CMSIS_RTOS_V2/cmsis_os2.o
 .debug_macro   0x00019d38       0x91 ./Middlewares/Third_Party/FreeRTOS/Source/CMSIS_RTOS_V2/cmsis_os2.o
 .debug_macro   0x00019dc9       0x8d ./Middlewares/Third_Party/FreeRTOS/Source/CMSIS_RTOS_V2/cmsis_os2.o
 .debug_macro   0x00019e56       0x22 ./Middlewares/Third_Party/FreeRTOS/Source/CMSIS_RTOS_V2/cmsis_os2.o
 .debug_macro   0x00019e78       0x56 ./Middlewares/Third_Party/FreeRTOS/Source/CMSIS_RTOS_V2/cmsis_os2.o
 .debug_macro   0x00019ece      0x187 ./Middlewares/Third_Party/FreeRTOS/Source/list.o
 .debug_macro   0x0001a055      0x216 ./Middlewares/Third_Party/FreeRTOS/Source/queue.o
 .debug_macro   0x0001a26b       0x16 ./Middlewares/Third_Party/FreeRTOS/Source/queue.o
 .debug_macro   0x0001a281      0x27f ./Middlewares/Third_Party/FreeRTOS/Source/tasks.o
 .debug_macro   0x0001a500       0x10 ./Middlewares/Third_Party/FreeRTOS/Source/tasks.o
 .debug_macro   0x0001a510      0x1dc ./Middlewares/Third_Party/FreeRTOS/Source/timers.o
 .debug_macro   0x0001a6ec       0x97 ./Middlewares/Third_Party/FreeRTOS/Source/timers.o
 .debug_macro   0x0001a783      0x196 ./Middlewares/Third_Party/FreeRTOS/Source/portable/GCC/ARM_CM4F/port.o
 .debug_macro   0x0001a919      0x1ae ./Middlewares/Third_Party/FreeRTOS/Source/portable/MemMang/heap_4.o

.debug_line     0x00000000    0x204ee
 .debug_line    0x00000000      0x9ea ./Core/Src/BNO055.o
 .debug_line    0x000009ea      0x450 ./Core/Src/CRC.o
 .debug_line    0x00000e3a      0x6de ./Core/Src/Telemetry.o
 .debug_line    0x00001518      0x884 ./Core/Src/adc.o
 .debug_line    0x00001d9c      0x7bf ./Core/Src/dma.o
 .debug_line    0x0000255b      0x94b ./Core/Src/freertos.o
 .debug_line    0x00002ea6      0x7e6 ./Core/Src/gpio.o
 .debug_line    0x0000368c      0x82c ./Core/Src/i2c.o
 .debug_line    0x00003eb8      0xb30 ./Core/Src/main.o
 .debug_line    0x000049e8      0x7bf ./Core/Src/stm32f4xx_hal_msp.o
 .debug_line    0x000051a7      0x83c ./Core/Src/stm32f4xx_hal_timebase_tim.o
 .debug_line    0x000059e3      0x8c2 ./Core/Src/stm32f4xx_it.o
 .debug_line    0x000062a5      0x834 ./Core/Src/system_stm32f4xx.o
 .debug_line    0x00006ad9      0xa46 ./Core/Src/tim.o
 .debug_line    0x0000751f      0x972 ./Core/Src/usart.o