../Core/Src/main.c:140:5:main	8	static
../Core/Src/main.c:223:6:SystemClock_Config	88	static
../Core/Src/main.c:267:6:E220_Init	8	static
../Core/Src/main.c:283:6:ADCS_PWM_Init	8	static
../Core/Src/main.c:309:6:HAL_UART_RxCpltCallback	16	static
../Core/Src/main.c:346:6:Send_to_GroundStation_Telemetry	16	static
../Core/Src/main.c:371:6:Send_to_GroundStation_HouseKeeping	24	static
../Core/Src/main.c:417:6:Control_ISR	16	static
../Core/Src/main.c:477:6:HAL_TIM_PeriodElapsedCallback	16	static
../Core/Src/main.c:495:6:Error_Handler	4	static,ignoring_inline_asm
