../Core/Src/main.c:160:5:main	8	static
../Core/Src/main.c:248:6:SystemClock_Config	88	static
../Core/Src/main.c:292:6:E220_Init	8	static
../Core/Src/main.c:309:6:PWM_Init	8	static
../Core/Src/main.c:341:6:HAL_UARTEx_RxEventCallback	16	static
../Core/Src/main.c:384:6:Send_to_GroundStation_Telemetry	16	static
../Core/Src/main.c:414:6:Send_to_GroundStation_HouseKeeping	16	static
../Core/Src/main.c:464:6:AttitudeControl_ISR	8	static
../Core/Src/main.c:492:6:BRAKE_ROLL	4	static
../Core/Src/main.c:498:6:BRAKE_PITCH	4	static
../Core/Src/main.c:504:6:BRAKE_YAW	4	static
../Core/Src/main.c:512:6:AttitudeControl_Callback	16	static
../Core/Src/main.c:531:6:HAL_I2C_MemRxCpltCallback	16	static
../Core/Src/main.c:540:9:P_Control	40	static
../Core/Src/main.c:565:6:HAL_I2C_ErrorCallback	16	static
../Core/Src/main.c:601:6:HAL_TIM_PeriodElapsedCallback	16	static
../Core/Src/main.c:623:6:Error_Handler	4	static,ignoring_inline_asm
